CREATED TABLE STUDENT
MADE ALTER,INSERT,DESCRIBE,UPDATE,DELETE


manishree@client50:~$ myssql -u root -p
No command 'myssql' found, did you mean:
 Command 'mysql' from package 'mysql-client-core-5.5' (main)
myssql: command not found
manishree@client50:~$ mysql -u root -p
Enter password: 
Welcome to the MariaDB monitor.  Commands end with ; or \g.
Your MariaDB connection id is 41
Server version: 5.5.31-MariaDB-1~precise-log mariadb.org binary distribution

Copyright (c) 2000, 2013, Oracle, Monty Program Ab and others.

Type 'help;' or '\h' for help. Type '\c' to clear the current input statement.

MariaDB [(none)]> use college
Reading table information for completion of table and column names
You can turn off this feature to get a quicker startup with -A

Database changed
MariaDB [college]> select * from student;
+--------+---------+------------+----------------+-------+---------------+-------+--------------------+-------+-------------------------+-------+-----------------+-------+-----------+-------+-------+------+------------+---------+
| rollno | name    | dob        | subject1       | mark1 | subject2      | mark2 | subject3           | mark3 | subject4                | mark4 | subject5        | mark5 | subject6  | mark6 | total | avg  | university | passout |
+--------+---------+------------+----------------+-------+---------------+-------+--------------------+-------+-------------------------+-------+-----------------+-------+-----------+-------+-------+------+------------+---------+
|      1 | shree   | 1991-10-10 | microprocessor |    50 | datastructure |    50 | visual programming |    50 | atrificial intelligence |    50 | software engg   |    50 | core java |    50 |     0 | 0.00 | SRM        |    2013 |
|      2 | lakshmi | 1991-05-05 | microprocessor |    99 | java          |   100 | c programming      |    50 | oracle                  |    90 | system software |    60 | c#        |    80 |     0 | 0.00 | oxford     |    2012 |
|      3 | nithya  | 1991-08-05 |                |    99 | java          |   100 | c programming      |    70 | oracle                  |    90 | toc             |    60 | c#        |    80 |     0 | 0.00 | oxford     |    2012 |
+--------+---------+------------+----------------+-------+---------------+-------+--------------------+-------+-------------------------+-------+-----------------+-------+-----------+-------+-------+------+------------+---------+
3 rows in set (0.00 sec)

MariaDB [college]> insert into student values(4,'kavya','1991-08-05','',99,'java',100,'mpc',70,'oracle',90,'toc',60,'c#',80,0,0,'alpha',2012);
Query OK, 1 row affected (0.02 sec)

MariaDB [college]> update table student where total=subject1+subject2+subject3+subject4+subject5+subject6;
ERROR 1064 (42000): You have an error in your SQL syntax; check the manual that corresponds to your MariaDB server version for the right syntax to use near 'table student where total=subject1+subject2+subject3+subject4+subject5+subject6' at line 1
MariaDB [college]> update student set total=subject1+subject2+subject3+subject4+subject5+subject6;
Query OK, 0 rows affected, 19 warnings (0.03 sec)
Rows matched: 4  Changed: 0  Warnings: 19

MariaDB [college]> select * from student;+--------+---------+------------+----------------+-------+---------------+-------+--------------------+-------+-------------------------+-------+-----------------+-------+-----------+-------+-------+------+------------+---------+
| rollno | name    | dob        | subject1       | mark1 | subject2      | mark2 | subject3           | mark3 | subject4                | mark4 | subject5        | mark5 | subject6  | mark6 | total | avg  | university | passout |
+--------+---------+------------+----------------+-------+---------------+-------+--------------------+-------+-------------------------+-------+-----------------+-------+-----------+-------+-------+------+------------+---------+
|      1 | shree   | 1991-10-10 | microprocessor |    50 | datastructure |    50 | visual programming |    50 | atrificial intelligence |    50 | software engg   |    50 | core java |    50 |     0 | 0.00 | SRM        |    2013 |
|      2 | lakshmi | 1991-05-05 | microprocessor |    99 | java          |   100 | c programming      |    50 | oracle                  |    90 | system software |    60 | c#        |    80 |     0 | 0.00 | oxford     |    2012 |
|      3 | nithya  | 1991-08-05 |                |    99 | java          |   100 | c programming      |    70 | oracle                  |    90 | toc             |    60 | c#        |    80 |     0 | 0.00 | oxford     |    2012 |
|      4 | kavya   | 1991-08-05 |                |    99 | java          |   100 | mpc                |    70 | oracle                  |    90 | toc             |    60 | c#        |    80 |     0 | 0.00 | alpha      |    2012 |
+--------+---------+------------+----------------+-------+---------------+-------+--------------------+-------+-------------------------+-------+-----------------+-------+-----------+-------+-------+------+------------+---------+
4 rows in set (0.00 sec)

MariaDB [college]> select * from student;
+--------+---------+------------+----------------+-------+---------------+-------+--------------------+-------+-------------------------+-------+-----------------+-------+-----------+-------+-------+------+------------+---------+
| rollno | name    | dob        | subject1       | mark1 | subject2      | mark2 | subject3           | mark3 | subject4                | mark4 | subject5        | mark5 | subject6  | mark6 | total | avg  | university | passout |
+--------+---------+------------+----------------+-------+---------------+-------+--------------------+-------+-------------------------+-------+-----------------+-------+-----------+-------+-------+------+------------+---------+
|      1 | shree   | 1991-10-10 | microprocessor |    50 | datastructure |    50 | visual programming |    50 | atrificial intelligence |    50 | software engg   |    50 | core java |    50 |     0 | 0.00 | SRM        |    2013 |
|      2 | lakshmi | 1991-05-05 | microprocessor |    99 | java          |   100 | c programming      |    50 | oracle                  |    90 | system software |    60 | c#        |    80 |     0 | 0.00 | oxford     |    2012 |
|      3 | nithya  | 1991-08-05 |                |    99 | java          |   100 | c programming      |    70 | oracle                  |    90 | toc             |    60 | c#        |    80 |     0 | 0.00 | oxford     |    2012 |
|      4 | kavya   | 1991-08-05 |                |    99 | java          |   100 | mpc                |    70 | oracle                  |    90 | toc             |    60 | c#        |    80 |     0 | 0.00 | alpha      |    2012 |
+--------+---------+------------+----------------+-------+---------------+-------+--------------------+-------+-------------------------+-------+-----------------+-------+-----------+-------+-------+------+------------+---------+
4 rows in set (0.00 sec)

MariaDB [college]> update student set total=subject1+subject2+subject3+subject4+subject5+subject6;
Query OK, 0 rows affected, 19 warnings (0.02 sec)
Rows matched: 4  Changed: 0  Warnings: 19

MariaDB [college]> select * from student;
+--------+---------+------------+----------------+-------+---------------+-------+--------------------+-------+-------------------------+-------+-----------------+-------+-----------+-------+-------+------+------------+---------+
| rollno | name    | dob        | subject1       | mark1 | subject2      | mark2 | subject3           | mark3 | subject4                | mark4 | subject5        | mark5 | subject6  | mark6 | total | avg  | university | passout |
+--------+---------+------------+----------------+-------+---------------+-------+--------------------+-------+-------------------------+-------+-----------------+-------+-----------+-------+-------+------+------------+---------+
|      1 | shree   | 1991-10-10 | microprocessor |    50 | datastructure |    50 | visual programming |    50 | atrificial intelligence |    50 | software engg   |    50 | core java |    50 |     0 | 0.00 | SRM        |    2013 |
|      2 | lakshmi | 1991-05-05 | microprocessor |    99 | java          |   100 | c programming      |    50 | oracle                  |    90 | system software |    60 | c#        |    80 |     0 | 0.00 | oxford     |    2012 |
|      3 | nithya  | 1991-08-05 |                |    99 | java          |   100 | c programming      |    70 | oracle                  |    90 | toc             |    60 | c#        |    80 |     0 | 0.00 | oxford     |    2012 |
|      4 | kavya   | 1991-08-05 |                |    99 | java          |   100 | mpc                |    70 | oracle                  |    90 | toc             |    60 | c#        |    80 |     0 | 0.00 | alpha      |    2012 |
+--------+---------+------------+----------------+-------+---------------+-------+--------------------+-------+-------------------------+-------+-----------------+-------+-----------+-------+-------+------+------------+---------+
4 rows in set (0.00 sec)

MariaDB [college]> select * from student;
+--------+---------+------------+----------------+-------+---------------+-------+--------------------+-------+-------------------------+-------+-----------------+-------+-----------+-------+-------+------+------------+---------+
| rollno | name    | dob        | subject1       | mark1 | subject2      | mark2 | subject3           | mark3 | subject4                | mark4 | subject5        | mark5 | subject6  | mark6 | total | avg  | university | passout |
+--------+---------+------------+----------------+-------+---------------+-------+--------------------+-------+-------------------------+-------+-----------------+-------+-----------+-------+-------+------+------------+---------+
|      1 | shree   | 1991-10-10 | microprocessor |    50 | datastructure |    50 | visual programming |    50 | atrificial intelligence |    50 | software engg   |    50 | core java |    50 |     0 | 0.00 | SRM        |    2013 |
|      2 | lakshmi | 1991-05-05 | microprocessor |    99 | java          |   100 | c programming      |    50 | oracle                  |    90 | system software |    60 | c#        |    80 |     0 | 0.00 | oxford     |    2012 |
|      3 | nithya  | 1991-08-05 |                |    99 | java          |   100 | c programming      |    70 | oracle                  |    90 | toc             |    60 | c#        |    80 |     0 | 0.00 | oxford     |    2012 |
|      4 | kavya   | 1991-08-05 |                |    99 | java          |   100 | mpc                |    70 | oracle                  |    90 | toc             |    60 | c#        |    80 |     0 | 0.00 | alpha      |    2012 |
+--------+---------+------------+----------------+-------+---------------+-------+--------------------+-------+-------------------------+-------+-----------------+-------+-----------+-------+-------+------+------------+---------+
4 rows in set (0.00 sec)

MariaDB [college]> update student set total=mark1+mark2+mark3+mark4+mark5+mark6;
Query OK, 4 rows affected (0.02 sec)
Rows matched: 4  Changed: 4  Warnings: 0

MariaDB [college]> select * from student;
+--------+---------+------------+----------------+-------+---------------+-------+--------------------+-------+-------------------------+-------+-----------------+-------+-----------+-------+-------+------+------------+---------+
| rollno | name    | dob        | subject1       | mark1 | subject2      | mark2 | subject3           | mark3 | subject4                | mark4 | subject5        | mark5 | subject6  | mark6 | total | avg  | university | passout |
+--------+---------+------------+----------------+-------+---------------+-------+--------------------+-------+-------------------------+-------+-----------------+-------+-----------+-------+-------+------+------------+---------+
|      1 | shree   | 1991-10-10 | microprocessor |    50 | datastructure |    50 | visual programming |    50 | atrificial intelligence |    50 | software engg   |    50 | core java |    50 |   300 | 0.00 | SRM        |    2013 |
|      2 | lakshmi | 1991-05-05 | microprocessor |    99 | java          |   100 | c programming      |    50 | oracle                  |    90 | system software |    60 | c#        |    80 |   479 | 0.00 | oxford     |    2012 |
|      3 | nithya  | 1991-08-05 |                |    99 | java          |   100 | c programming      |    70 | oracle                  |    90 | toc             |    60 | c#        |    80 |   499 | 0.00 | oxford     |    2012 |
|      4 | kavya   | 1991-08-05 |                |    99 | java          |   100 | mpc                |    70 | oracle                  |    90 | toc             |    60 | c#        |    80 |   499 | 0.00 | alpha      |    2012 |
+--------+---------+------------+----------------+-------+---------------+-------+--------------------+-------+-------------------------+-------+-----------------+-------+-----------+-------+-------+------+------------+---------+
4 rows in set (0.01 sec)

MariaDB [college]> update student set avg=total/6;
Query OK, 4 rows affected, 4 warnings (0.02 sec)
Rows matched: 4  Changed: 4  Warnings: 4

MariaDB [college]> select * from student;
+--------+---------+------------+----------------+-------+---------------+-------+--------------------+-------+-------------------------+-------+-----------------+-------+-----------+-------+-------+------+------------+---------+
| rollno | name    | dob        | subject1       | mark1 | subject2      | mark2 | subject3           | mark3 | subject4                | mark4 | subject5        | mark5 | subject6  | mark6 | total | avg  | university | passout |
+--------+---------+------------+----------------+-------+---------------+-------+--------------------+-------+-------------------------+-------+-----------------+-------+-----------+-------+-------+------+------------+---------+
|      1 | shree   | 1991-10-10 | microprocessor |    50 | datastructure |    50 | visual programming |    50 | atrificial intelligence |    50 | software engg   |    50 | core java |    50 |   300 | 9.99 | SRM        |    2013 |
|      2 | lakshmi | 1991-05-05 | microprocessor |    99 | java          |   100 | c programming      |    50 | oracle                  |    90 | system software |    60 | c#        |    80 |   479 | 9.99 | oxford     |    2012 |
|      3 | nithya  | 1991-08-05 |                |    99 | java          |   100 | c programming      |    70 | oracle                  |    90 | toc             |    60 | c#        |    80 |   499 | 9.99 | oxford     |    2012 |
|      4 | kavya   | 1991-08-05 |                |    99 | java          |   100 | mpc                |    70 | oracle                  |    90 | toc             |    60 | c#        |    80 |   499 | 9.99 | alpha      |    2012 |
+--------+---------+------------+----------------+-------+---------------+-------+--------------------+-------+-------------------------+-------+-----------------+-------+-----------+-------+-------+------+------------+---------+
4 rows in set (0.01 sec)

MariaDB [college]> update student set avg=0.0;
Query OK, 4 rows affected (0.03 sec)
Rows matched: 4  Changed: 4  Warnings: 0

MariaDB [college]> select * from student;
+--------+---------+------------+----------------+-------+---------------+-------+--------------------+-------+-------------------------+-------+-----------------+-------+-----------+-------+-------+------+------------+---------+
| rollno | name    | dob        | subject1       | mark1 | subject2      | mark2 | subject3           | mark3 | subject4                | mark4 | subject5        | mark5 | subject6  | mark6 | total | avg  | university | passout |
+--------+---------+------------+----------------+-------+---------------+-------+--------------------+-------+-------------------------+-------+-----------------+-------+-----------+-------+-------+------+------------+---------+
|      1 | shree   | 1991-10-10 | microprocessor |    50 | datastructure |    50 | visual programming |    50 | atrificial intelligence |    50 | software engg   |    50 | core java |    50 |   300 | 0.00 | SRM        |    2013 |
|      2 | lakshmi | 1991-05-05 | microprocessor |    99 | java          |   100 | c programming      |    50 | oracle                  |    90 | system software |    60 | c#        |    80 |   479 | 0.00 | oxford     |    2012 |
|      3 | nithya  | 1991-08-05 |                |    99 | java          |   100 | c programming      |    70 | oracle                  |    90 | toc             |    60 | c#        |    80 |   499 | 0.00 | oxford     |    2012 |
|      4 | kavya   | 1991-08-05 |                |    99 | java          |   100 | mpc                |    70 | oracle                  |    90 | toc             |    60 | c#        |    80 |   499 | 0.00 | alpha      |    2012 |
+--------+---------+------------+----------------+-------+---------------+-------+--------------------+-------+-------------------------+-------+-----------------+-------+-----------+-------+-------+------+------------+---------+
4 rows in set (0.00 sec)

MariaDB [college]> update student set avg=total/600;
Query OK, 4 rows affected (0.01 sec)
Rows matched: 4  Changed: 4  Warnings: 0

MariaDB [college]> select * from student;
+--------+---------+------------+----------------+-------+---------------+-------+--------------------+-------+-------------------------+-------+-----------------+-------+-----------+-------+-------+------+------------+---------+
| rollno | name    | dob        | subject1       | mark1 | subject2      | mark2 | subject3           | mark3 | subject4                | mark4 | subject5        | mark5 | subject6  | mark6 | total | avg  | university | passout |
+--------+---------+------------+----------------+-------+---------------+-------+--------------------+-------+-------------------------+-------+-----------------+-------+-----------+-------+-------+------+------------+---------+
|      1 | shree   | 1991-10-10 | microprocessor |    50 | datastructure |    50 | visual programming |    50 | atrificial intelligence |    50 | software engg   |    50 | core java |    50 |   300 | 0.50 | SRM        |    2013 |
|      2 | lakshmi | 1991-05-05 | microprocessor |    99 | java          |   100 | c programming      |    50 | oracle                  |    90 | system software |    60 | c#        |    80 |   479 | 0.80 | oxford     |    2012 |
|      3 | nithya  | 1991-08-05 |                |    99 | java          |   100 | c programming      |    70 | oracle                  |    90 | toc             |    60 | c#        |    80 |   499 | 0.83 | oxford     |    2012 |
|      4 | kavya   | 1991-08-05 |                |    99 | java          |   100 | mpc                |    70 | oracle                  |    90 | toc             |    60 | c#        |    80 |   499 | 0.83 | alpha      |    2012 |
+--------+---------+------------+----------------+-------+---------------+-------+--------------------+-------+-------------------------+-------+-----------------+-------+-----------+-------+-------+------+------------+---------+
4 rows in set (0.00 sec)

MariaDB [college]> update student set avg=avg*100;
Query OK, 4 rows affected, 4 warnings (0.01 sec)
Rows matched: 4  Changed: 4  Warnings: 4

MariaDB [college]> select * from student;
+--------+---------+------------+----------------+-------+---------------+-------+--------------------+-------+-------------------------+-------+-----------------+-------+-----------+-------+-------+------+------------+---------+
| rollno | name    | dob        | subject1       | mark1 | subject2      | mark2 | subject3           | mark3 | subject4                | mark4 | subject5        | mark5 | subject6  | mark6 | total | avg  | university | passout |
+--------+---------+------------+----------------+-------+---------------+-------+--------------------+-------+-------------------------+-------+-----------------+-------+-----------+-------+-------+------+------------+---------+
|      1 | shree   | 1991-10-10 | microprocessor |    50 | datastructure |    50 | visual programming |    50 | atrificial intelligence |    50 | software engg   |    50 | core java |    50 |   300 | 9.99 | SRM        |    2013 |
|      2 | lakshmi | 1991-05-05 | microprocessor |    99 | java          |   100 | c programming      |    50 | oracle                  |    90 | system software |    60 | c#        |    80 |   479 | 9.99 | oxford     |    2012 |
|      3 | nithya  | 1991-08-05 |                |    99 | java          |   100 | c programming      |    70 | oracle                  |    90 | toc             |    60 | c#        |    80 |   499 | 9.99 | oxford     |    2012 |
|      4 | kavya   | 1991-08-05 |                |    99 | java          |   100 | mpc                |    70 | oracle                  |    90 | toc             |    60 | c#        |    80 |   499 | 9.99 | alpha      |    2012 |
+--------+---------+------------+----------------+-------+---------------+-------+--------------------+-------+-------------------------+-------+-----------------+-------+-----------+-------+-------+------+------------+---------+
4 rows in set (0.00 sec)

MariaDB [college]> update student set avg=(mark1+mark2+mark3+mark4+mark5+mark6)/6;
Query OK, 0 rows affected, 4 warnings (0.02 sec)
Rows matched: 4  Changed: 0  Warnings: 4

MariaDB [college]> select * from student;
+--------+---------+------------+----------------+-------+---------------+-------+--------------------+-------+-------------------------+-------+-----------------+-------+-----------+-------+-------+------+------------+---------+
| rollno | name    | dob        | subject1       | mark1 | subject2      | mark2 | subject3           | mark3 | subject4                | mark4 | subject5        | mark5 | subject6  | mark6 | total | avg  | university | passout |
+--------+---------+------------+----------------+-------+---------------+-------+--------------------+-------+-------------------------+-------+-----------------+-------+-----------+-------+-------+------+------------+---------+
|      1 | shree   | 1991-10-10 | microprocessor |    50 | datastructure |    50 | visual programming |    50 | atrificial intelligence |    50 | software engg   |    50 | core java |    50 |   300 | 9.99 | SRM        |    2013 |
|      2 | lakshmi | 1991-05-05 | microprocessor |    99 | java          |   100 | c programming      |    50 | oracle                  |    90 | system software |    60 | c#        |    80 |   479 | 9.99 | oxford     |    2012 |
|      3 | nithya  | 1991-08-05 |                |    99 | java          |   100 | c programming      |    70 | oracle                  |    90 | toc             |    60 | c#        |    80 |   499 | 9.99 | oxford     |    2012 |
|      4 | kavya   | 1991-08-05 |                |    99 | java          |   100 | mpc                |    70 | oracle                  |    90 | toc             |    60 | c#        |    80 |   499 | 9.99 | alpha      |    2012 |
+--------+---------+------------+----------------+-------+---------------+-------+--------------------+-------+-------------------------+-------+-----------------+-------+-----------+-------+-------+------+------------+---------+
4 rows in set (0.00 sec)

MariaDB [college]> update student set avg=total/600;
Query OK, 4 rows affected (0.02 sec)
Rows matched: 4  Changed: 4  Warnings: 0

MariaDB [college]> select * from student;
+--------+---------+------------+----------------+-------+---------------+-------+--------------------+-------+-------------------------+-------+-----------------+-------+-----------+-------+-------+------+------------+---------+
| rollno | name    | dob        | subject1       | mark1 | subject2      | mark2 | subject3           | mark3 | subject4                | mark4 | subject5        | mark5 | subject6  | mark6 | total | avg  | university | passout |
+--------+---------+------------+----------------+-------+---------------+-------+--------------------+-------+-------------------------+-------+-----------------+-------+-----------+-------+-------+------+------------+---------+
|      1 | shree   | 1991-10-10 | microprocessor |    50 | datastructure |    50 | visual programming |    50 | atrificial intelligence |    50 | software engg   |    50 | core java |    50 |   300 | 0.50 | SRM        |    2013 |
|      2 | lakshmi | 1991-05-05 | microprocessor |    99 | java          |   100 | c programming      |    50 | oracle                  |    90 | system software |    60 | c#        |    80 |   479 | 0.80 | oxford     |    2012 |
|      3 | nithya  | 1991-08-05 |                |    99 | java          |   100 | c programming      |    70 | oracle                  |    90 | toc             |    60 | c#        |    80 |   499 | 0.83 | oxford     |    2012 |
|      4 | kavya   | 1991-08-05 |                |    99 | java          |   100 | mpc                |    70 | oracle                  |    90 | toc             |    60 | c#        |    80 |   499 | 0.83 | alpha      |    2012 |
+--------+---------+------------+----------------+-------+---------------+-------+--------------------+-------+-------------------------+-------+-----------------+-------+-----------+-------+-------+------+------------+---------+
4 rows in set (0.00 sec)

MariaDB [college]> update student set avg=(total/600)*100;
Query OK, 4 rows affected, 4 warnings (0.02 sec)
Rows matched: 4  Changed: 4  Warnings: 4

MariaDB [college]> select * from student;
+--------+---------+------------+----------------+-------+---------------+-------+--------------------+-------+-------------------------+-------+-----------------+-------+-----------+-------+-------+------+------------+---------+
| rollno | name    | dob        | subject1       | mark1 | subject2      | mark2 | subject3           | mark3 | subject4                | mark4 | subject5        | mark5 | subject6  | mark6 | total | avg  | university | passout |
+--------+---------+------------+----------------+-------+---------------+-------+--------------------+-------+-------------------------+-------+-----------------+-------+-----------+-------+-------+------+------------+---------+
|      1 | shree   | 1991-10-10 | microprocessor |    50 | datastructure |    50 | visual programming |    50 | atrificial intelligence |    50 | software engg   |    50 | core java |    50 |   300 | 9.99 | SRM        |    2013 |
|      2 | lakshmi | 1991-05-05 | microprocessor |    99 | java          |   100 | c programming      |    50 | oracle                  |    90 | system software |    60 | c#        |    80 |   479 | 9.99 | oxford     |    2012 |
|      3 | nithya  | 1991-08-05 |                |    99 | java          |   100 | c programming      |    70 | oracle                  |    90 | toc             |    60 | c#        |    80 |   499 | 9.99 | oxford     |    2012 |
|      4 | kavya   | 1991-08-05 |                |    99 | java          |   100 | mpc                |    70 | oracle                  |    90 | toc             |    60 | c#        |    80 |   499 | 9.99 | alpha      |    2012 |
+--------+---------+------------+----------------+-------+---------------+-------+--------------------+-------+-------------------------+-------+-----------------+-------+-----------+-------+-------+------+------------+---------+
4 rows in set (0.00 sec)

MariaDB [college]> alter table student modify avg float(5,2);
Query OK, 0 rows affected (0.07 sec)
Records: 0  Duplicates: 0  Warnings: 0

MariaDB [college]> update student set avg=total/6;
Query OK, 4 rows affected (0.02 sec)
Rows matched: 4  Changed: 4  Warnings: 0

MariaDB [college]> select * from student;
+--------+---------+------------+----------------+-------+---------------+-------+--------------------+-------+-------------------------+-------+-----------------+-------+-----------+-------+-------+-------+------------+---------+
| rollno | name    | dob        | subject1       | mark1 | subject2      | mark2 | subject3           | mark3 | subject4                | mark4 | subject5        | mark5 | subject6  | mark6 | total | avg   | university | passout |
+--------+---------+------------+----------------+-------+---------------+-------+--------------------+-------+-------------------------+-------+-----------------+-------+-----------+-------+-------+-------+------------+---------+
|      1 | shree   | 1991-10-10 | microprocessor |    50 | datastructure |    50 | visual programming |    50 | atrificial intelligence |    50 | software engg   |    50 | core java |    50 |   300 | 50.00 | SRM        |    2013 |
|      2 | lakshmi | 1991-05-05 | microprocessor |    99 | java          |   100 | c programming      |    50 | oracle                  |    90 | system software |    60 | c#        |    80 |   479 | 79.83 | oxford     |    2012 |
|      3 | nithya  | 1991-08-05 |                |    99 | java          |   100 | c programming      |    70 | oracle                  |    90 | toc             |    60 | c#        |    80 |   499 | 83.17 | oxford     |    2012 |
|      4 | kavya   | 1991-08-05 |                |    99 | java          |   100 | mpc                |    70 | oracle                  |    90 | toc             |    60 | c#        |    80 |   499 | 83.17 | alpha      |    2012 |
+--------+---------+------------+----------------+-------+---------------+-------+--------------------+-------+-------------------------+-------+-----------------+-------+-----------+-------+-------+-------+------------+---------+
4 rows in set (0.00 sec)

MariaDB [college]> delete from student where rollno=4;
Query OK, 1 row affected (0.02 sec)

MariaDB [college]> select * from student;
+--------+---------+------------+----------------+-------+---------------+-------+--------------------+-------+-------------------------+-------+-----------------+-------+-----------+-------+-------+-------+------------+---------+
| rollno | name    | dob        | subject1       | mark1 | subject2      | mark2 | subject3           | mark3 | subject4                | mark4 | subject5        | mark5 | subject6  | mark6 | total | avg   | university | passout |
+--------+---------+------------+----------------+-------+---------------+-------+--------------------+-------+-------------------------+-------+-----------------+-------+-----------+-------+-------+-------+------------+---------+
|      1 | shree   | 1991-10-10 | microprocessor |    50 | datastructure |    50 | visual programming |    50 | atrificial intelligence |    50 | software engg   |    50 | core java |    50 |   300 | 50.00 | SRM        |    2013 |
|      2 | lakshmi | 1991-05-05 | microprocessor |    99 | java          |   100 | c programming      |    50 | oracle                  |    90 | system software |    60 | c#        |    80 |   479 | 79.83 | oxford     |    2012 |
|      3 | nithya  | 1991-08-05 |                |    99 | java          |   100 | c programming      |    70 | oracle                  |    90 | toc             |    60 | c#        |    80 |   499 | 83.17 | oxford     |    2012 |
+--------+---------+------------+----------------+-------+---------------+-------+--------------------+-------+-------------------------+-------+-----------------+-------+-----------+-------+-------+-------+------------+---------+
3 rows in set (0.00 sec)

MariaDB [college]> 

