// DDL and DML queries with MySQL
chandrasekar@client50:~$ mysql -u root -p
Enter password: 
Welcome to the MariaDB monitor.  Commands end with ; or \g.
Your MariaDB connection id is 31
Server version: 5chandrasekar@client50:~$ mysql -u root -p
Enter password: 
Welcome to the MariaDB monitor.  Commands end with ; or \g.
Your MariaDB connection id is 31
Server version: 5.5.31-MariaDB-1~precise-log mariadb.org binary distribution

Copyright (c) 2000, 2013, Oracle, Monty Program Ab and others.

Type 'help;' or '\h' for help. Type '\c' to clear the current input statement.

MariaDB [(none)]> create database sample_db;
Query OK, 1 row affected (0.03 sec)

MariaDB [(none)]> show databases;
+--------------------+
| Database           |
+--------------------+
| information_schema |
| mysql              |
| performance_schema |
| sample_db          |
+--------------------+
4 rows in set (0.01 sec)

MariaDB [(none)]> create table Employee
    -> (EmpName varchar(25),
    -> EmpDept varchar(25),
    -> EmpSalary  number(7),
    -> EmpDesig varchar(20),
    -> );
ERROR 1046 (3D000): No database selected
MariaDB [(none)]> use sample_db;
Database changed
MariaDB [sample_db]> create table Employee
    ->     -> (EmpName varchar(25),
    ->     -> EmpDept varchar(25),
    ->     -> EmpSalary  number(7),
    ->     -> EmpDesig varchar(20),
    ->     -> 
    -> );
ERROR 1064 (42000): You have an error in your SQL syntax; check the manual that corresponds to your MariaDB server version for the right syntax to use near '-> (EmpName varchar(25),
    -> EmpDept varchar(25),
    -> EmpSalary  number(7)' at line 2
MariaDB [sample_db]> create table Employee
    -> (EmpName varchar(25),
    -> EmpDept varchar(25),
    -> EmpSalary  number(7),
    -> EmpDesig varchar(20),
    -> EmpAge number(2));
ERROR 1064 (42000): You have an error in your SQL syntax; check the manual that corresponds to your MariaDB server version for the right syntax to use near 'number(7),
EmpDesig varchar(20),
EmpAge number(2))' at line 4
MariaDB [sample_db]> create table Employee
    -> (EmpName varchar(25),
    -> EmpDept varchar(25),
    -> EmpSalary  int(7),
    -> EmpDesig varchar(20),
    -> EmpAge int(2));
Query OK, 0 rows affected (0.28 sec)

MariaDB [sample_db]> insert into Sample_db values('chandra','MIS',12000,'Jr SE',23);
ERROR 1146 (42S02): Table 'sample_db.Sample_db' doesn't exist
MariaDB [sample_db]> insert into Employee values('chandra','MIS',12000,'Jr SE',23);Query OK, 1 row affected (0.05 sec)

MariaDB [sample_db]> show Employee;
ERROR 1064 (42000): You have an error in your SQL syntax; check the manual that corresponds to your MariaDB server version for the right syntax to use near 'Employee' at line 1
MariaDB [sample_db]> select * from Employee;
+---------+---------+-----------+----------+--------+
| EmpName | EmpDept | EmpSalary | EmpDesig | EmpAge |
+---------+---------+-----------+----------+--------+
| chandra | MIS     |     12000 | Jr SE    |     23 |
+---------+---------+-----------+----------+--------+
1 row in set (0.00 sec)

MariaDB [sample_db]> insert into Employee values('Anandh','MIS',12000,'Jr SE',23);
Query OK, 1 row affected (0.02 sec)

MariaDB [sample_db]> insert into Employee values('Anandhi','MIS',12000,'Sr SE',27);
Query OK, 1 row affected (0.02 sec)

MariaDB [sample_db]> insert into Employee values('Kamal','HRD',15000,'Sr HR',32);
Query OK, 1 row affected (0.02 sec)

MariaDB [sample_db]> insert into Employee values('Kamala','HRD',10000,'Jr HR',28);
Query OK, 1 row affected (0.03 sec)

MariaDB [sample_db]> select * from Employee;
+---------+---------+-----------+----------+--------+
| EmpName | EmpDept | EmpSalary | EmpDesig | EmpAge |
+---------+---------+-----------+----------+--------+
| chandra | MIS     |     12000 | Jr SE    |     23 |
| Anandh  | MIS     |     12000 | Jr SE    |     23 |
| Anandhi | MIS     |     12000 | Sr SE    |     27 |
| Kamal   | HRD     |     15000 | Sr HR    |     32 |
| Kamala  | HRD     |     10000 | Jr HR    |     28 |
+---------+---------+-----------+----------+--------+
5 rows in set (0.00 sec)

MariaDB [sample_db]> update Employee set EmpAge=30 where EmpName='Kamala';
Query OK, 1 row affected (0.04 sec)
Rows matched: 1  Changed: 1  Warnings: 0

MariaDB [sample_db]> select * from Employee;
+---------+---------+-----------+----------+--------+
| EmpName | EmpDept | EmpSalary | EmpDesig | EmpAge |
+---------+---------+-----------+----------+--------+
| chandra | MIS     |     12000 | Jr SE    |     23 |
| Anandh  | MIS     |     12000 | Jr SE    |     23 |
| Anandhi | MIS     |     12000 | Sr SE    |     27 |
| Kamal   | HRD     |     15000 | Sr HR    |     32 |
| Kamala  | HRD     |     10000 | Jr HR    |     30 |
+---------+---------+-----------+----------+--------+
5 rows in set (0.00 sec)

MariaDB [sample_db]> select distinct EmpSalary from Employee where EmpDept like 'HRD';
+-----------+
| EmpSalary |
+-----------+
|     15000 |
|     10000 |
+-----------+
2 rows in set (0.03 sec)

MariaDB [sample_db]> alter table Employee add(EmpExp int(3));
Query OK, 5 rows affected (0.28 sec)               
Records: 5  Duplicates: 0  Warnings: 0

MariaDB [sample_db]> select * from Employee;
+---------+---------+-----------+----------+--------+--------+
| EmpName | EmpDept | EmpSalary | EmpDesig | EmpAge | EmpExp |
+---------+---------+-----------+----------+--------+--------+
| chandra | MIS     |     12000 | Jr SE    |     23 |   NULL |
| Anandh  | MIS     |     12000 | Jr SE    |     23 |   NULL |
| Anandhi | MIS     |     12000 | Sr SE    |     27 |   NULL |
| Kamal   | HRD     |     15000 | Sr HR    |     32 |   NULL |
| Kamala  | HRD     |     10000 | Jr HR    |     30 |   NULL |
+---------+---------+-----------+----------+--------+--------+
5 rows in set (0.00 sec)

MariaDB [sample_db]> update Employee set EmpExp=2 where EmpName='___n%';
Query OK, 0 rows affected (0.00 sec)
Rows matched: 0  Changed: 0  Warnings: 0

MariaDB [sample_db]> select * from Employee;
+---------+---------+-----------+----------+--------+--------+
| EmpName | EmpDept | EmpSalary | EmpDesig | EmpAge | EmpExp |
+---------+---------+-----------+----------+--------+--------+
| chandra | MIS     |     12000 | Jr SE    |     23 |   NULL |
| Anandh  | MIS     |     12000 | Jr SE    |     23 |   NULL |
| Anandhi | MIS     |     12000 | Sr SE    |     27 |   NULL |
| Kamal   | HRD     |     15000 | Sr HR    |     32 |   NULL |
| Kamala  | HRD     |     10000 | Jr HR    |     30 |   NULL |
+---------+---------+-----------+----------+--------+--------+
5 rows in set (0.00 sec)

MariaDB [sample_db]> update Employee set EmpExp=2;
Query OK, 5 rows affected (0.06 sec)
Rows matched: 5  Changed: 5  Warnings: 0

MariaDB [sample_db]> update Employee set EmpExp=2 where EmpName='%h%';
Query OK, 0 rows affected (0.00 sec)
Rows matched: 0  Changed: 0  Warnings: 0

MariaDB [sample_db]> update Employee set EmpExp=2 where EmpName like '%h%';
Query OK, 0 rows affected (0.03 sec)
Rows matched: 3  Changed: 0  Warnings: 0

MariaDB [sample_db]> select * from Employee;
+---------+---------+-----------+----------+--------+--------+
| EmpName | EmpDept | EmpSalary | EmpDesig | EmpAge | EmpExp |
+---------+---------+-----------+----------+--------+--------+
| chandra | MIS     |     12000 | Jr SE    |     23 |      2 |
| Anandh  | MIS     |     12000 | Jr SE    |     23 |      2 |
| Anandhi | MIS     |     12000 | Sr SE    |     27 |      2 |
| Kamal   | HRD     |     15000 | Sr HR    |     32 |      2 |
| Kamala  | HRD     |     10000 | Jr HR    |     30 |      2 |
+---------+---------+-----------+----------+--------+--------+
5 rows in set (0.00 sec)

MariaDB [sample_db]> update Employee set EmpExp=3 where EmpName like '%h%';
Query OK, 3 rows affected (0.03 sec)
Rows matched: 3  Changed: 3  Warnings: 0

MariaDB [sample_db]> select * from Employee;
+---------+---------+-----------+----------+--------+--------+
| EmpName | EmpDept | EmpSalary | EmpDesig | EmpAge | EmpExp |
+---------+---------+-----------+----------+--------+--------+
| chandra | MIS     |     12000 | Jr SE    |     23 |      3 |
| Anandh  | MIS     |     12000 | Jr SE    |     23 |      3 |
| Anandhi | MIS     |     12000 | Sr SE    |     27 |      3 |
| Kamal   | HRD     |     15000 | Sr HR    |     32 |      2 |
| Kamala  | HRD     |     10000 | Jr HR    |     30 |      2 |
+---------+---------+-----------+----------+--------+--------+
5 rows in set (0.00 sec)

MariaDB [sample_db]> select EmpDept,count(*) from Employee group by EmpDept;
+---------+----------+
| EmpDept | count(*) |
+---------+----------+
| HRD     |        2 |
| MIS     |        3 |
+---------+----------+
2 rows in set (0.01 sec)

MariaDB [sample_db]> select EmpDept,sum(EmpSalary) from Employee group by EmpDept;
+---------+----------------+
| EmpDept | sum(EmpSalary) |
+---------+----------------+
| HRD     |          25000 |
| MIS     |          36000 |
+---------+----------------+
2 rows in set (0.02 sec)

MariaDB [sample_db]> insert into Employee values('Kamal hassan','Sr Mgmt',32000,'MD',42);
ERROR 1136 (21S01): Column count doesn't match value count at row 1
MariaDB [sample_db]> insert into Employee values('Kamal hassan','Sr Mgmt',32000,'MD',42,15);
Query OK, 1 row affected (0.03 sec)

MariaDB [sample_db]> select * from Employee;
+--------------+---------+-----------+----------+--------+--------+
| EmpName      | EmpDept | EmpSalary | EmpDesig | EmpAge | EmpExp |
+--------------+---------+-----------+----------+--------+--------+
| chandra      | MIS     |     12000 | Jr SE    |     23 |      3 |
| Anandh       | MIS     |     12000 | Jr SE    |     23 |      3 |
| Anandhi      | MIS     |     12000 | Sr SE    |     27 |      3 |
| Kamal        | HRD     |     15000 | Sr HR    |     32 |      2 |
| Kamala       | HRD     |     10000 | Jr HR    |     30 |      2 |
| Kamal hassan | Sr Mgmt |     32000 | MD       |     42 |     15 |
+--------------+---------+-----------+----------+--------+--------+
6 rows in set (0.01 sec)
chandrasekar@client50:~$ mysql -u root -p
Enter password: 
Welcome to the MariaDB monitor.  Commands end with ; or \g.
Your MariaDB connection id is 31
Server version: 5.5.31-MariaDB-1~precise-log mariadb.org binary distribution

Copyright (c) 2000, 2013, Oracle, Monty Program Ab and others.

Type 'help;' or '\h' for help. Type '\c' to clear the current input statement.

MariaDB [(none)]> create database sample_db;
Query OK, 1 row affected (0.03 sec)

MariaDB [(none)]> show databases;
+--------------------+
| Database           |
+--------------------+
| information_schema |
| mysql              |
| performance_schema |
| sample_db          |
+--------------------+
4 rows in set (0.01 sec)

MariaDB [(none)]> create table Employee
    -> (EmpName varchar(25),
    -> EmpDept varchar(25),
    -> EmpSalary  number(7),
    -> EmpDesig varchar(20),
    -> );
ERROR 1046 (3D000): No database selected
MariaDB [(none)]> use sample_db;
Database changed
MariaDB [sample_db]> create table Employee
    ->     -> (EmpName varchar(25),
    ->     -> EmpDept varchar(25),
    ->     -> EmpSalary  number(7),
    ->     -> EmpDesig varchar(20),
    ->     -> 
    -> );
ERROR 1064 (42000): You have an error in your SQL syntax; check the manual that corresponds to your MariaDB server version for the right syntax to use near '-> (EmpName varchar(25),
    -> EmpDept varchar(25),
    -> EmpSalary  number(7)' at line 2
MariaDB [sample_db]> create table Employee
    -> (EmpName varchar(25),
    -> EmpDept varchar(25),
    -> EmpSalary  number(7),
    -> EmpDesig varchar(20),
    -> EmpAge number(2));
ERROR 1064 (42000): You have an error in your SQL syntax; check the manual that corresponds to your MariaDB server version for the right syntax to use near 'number(7),
EmpDesig varchar(20),
EmpAge number(2))' at line 4
MariaDB [sample_db]> create table Employee
    -> (EmpName varchar(25),
    -> EmpDept varchar(25),
    -> EmpSalary  int(7),
    -> EmpDesig varchar(20),
    -> EmpAge int(2));
Query OK, 0 rows affected (0.28 sec)

MariaDB [sample_db]> insert into Sample_db values('chandra','MIS',12000,'Jr SE',23);
ERROR 1146 (42S02): Table 'sample_db.Sample_db' doesn't exist
MariaDB [sample_db]> insert into Employee values('chandra','MIS',12000,'Jr SE',23);Query OK, 1 row affected (0.05 sec)

MariaDB [sample_db]> show Employee;
ERROR 1064 (42000): You have an error in your SQL syntax; check the manual that corresponds to your MariaDB server version for the right syntax to use near 'Employee' at line 1
MariaDB [sample_db]> select * from Employee;
+---------+---------+-----------+----------+--------+
| EmpName | EmpDept | EmpSalary | EmpDesig | EmpAge |
+---------+---------+-----------+----------+--------+
| chandra | MIS     |     12000 | Jr SE    |     23 |
+---------+---------+-----------+----------+--------+
1 row in set (0.00 sec)

MariaDB [sample_db]> insert into Employee values('Anandh','MIS',12000,'Jr SE',23);
Query OK, 1 row affected (0.02 sec)

MariaDB [sample_db]> insert into Employee values('Anandhi','MIS',12000,'Sr SE',27);
Query OK, 1 row affected (0.02 sec)

MariaDB [sample_db]> insert into Employee values('Kamal','HRD',15000,'Sr HR',32);
Query OK, 1 row affected (0.02 sec)

MariaDB [sample_db]> insert into Employee values('Kamala','HRD',10000,'Jr HR',28);
Query OK, 1 row affected (0.03 sec)

MariaDB [sample_db]> select * from Employee;
+---------+---------+-----------+----------+--------+
| EmpName | EmpDept | EmpSalary | EmpDesig | EmpAge |
+---------+---------+-----------+----------+--------+
| chandra | MIS     |     12000 | Jr SE    |     23 |
| Anandh  | MIS     |     12000 | Jr SE    |     23 |
| Anandhi | MIS     |     12000 | Sr SE    |     27 |
| Kamal   | HRD     |     15000 | Sr HR    |     32 |
| Kamala  | HRD     |     10000 | Jr HR    |     28 |
+---------+---------+-----------+----------+--------+
5 rows in set (0.00 sec)

MariaDB [sample_db]> update Employee set EmpAge=30 where EmpName='Kamala';
Query OK, 1 row affected (0.04 sec)
Rows matched: 1  Changed: 1  Warnings: 0

MariaDB [sample_db]> select * from Employee;
+---------+---------+-----------+----------+--------+
| EmpName | EmpDept | EmpSalary | EmpDesig | EmpAge |
+---------+---------+-----------+----------+--------+
| chandra | MIS     |     12000 | Jr SE    |     23 |
| Anandh  | MIS     |     12000 | Jr SE    |     23 |
| Anandhi | MIS     |     12000 | Sr SE    |     27 |
| Kamal   | HRD     |     15000 | Sr HR    |     32 |
| Kamala  | HRD     |     10000 | Jr HR    |     30 |
+---------+---------+-----------+----------+--------+
5 rows in set (0.00 sec)

MariaDB [sample_db]> select distinct EmpSalary from Employee where EmpDept like 'HRD';
+-----------+
| EmpSalary |
+-----------+
|     15000 |
|     10000 |
+-----------+
2 rows in set (0.03 sec)

MariaDB [sample_db]> alter table Employee add(EmpExp int(3));
Query OK, 5 rows affected (0.28 sec)               
Records: 5  Duplicates: 0  Warnings: 0

MariaDB [sample_db]> select * from Employee;
+---------+---------+-----------+----------+--------+--------+
| EmpName | EmpDept | EmpSalary | EmpDesig | EmpAge | EmpExp |
+---------+---------+-----------+----------+--------+--------+
| chandra | MIS     |     12000 | Jr SE    |     23 |   NULL |
| Anandh  | MIS     |     12000 | Jr SE    |     23 |   NULL |
| Anandhi | MIS     |     12000 | Sr SE    |     27 |   NULL |
| Kamal   | HRD     |     15000 | Sr HR    |     32 |   NULL |
| Kamala  | HRD     |     10000 | Jr HR    |     30 |   NULL |
+---------+---------+-----------+----------+--------+--------+
5 rows in set (0.00 sec)

MariaDB [sample_db]> update Employee set EmpExp=2 where EmpName='___n%';
Query OK, 0 rows affected (0.00 sec)
Rows matched: 0  Changed: 0  Warnings: 0

MariaDB [sample_db]> select * from Employee;
+---------+---------+-----------+----------+--------+--------+
| EmpName | EmpDept | EmpSalary | EmpDesig | EmpAge | EmpExp |
+---------+---------+-----------+----------+--------+--------+
| chandra | MIS     |     12000 | Jr SE    |     23 |   NULL |
| Anandh  | MIS     |     12000 | Jr SE    |     23 |   NULL |
| Anandhi | MIS     |     12000 | Sr SE    |     27 |   NULL |
| Kamal   | HRD     |     15000 | Sr HR    |     32 |   NULL |
| Kamala  | HRD     |     10000 | Jr HR    |     30 |   NULL |
+---------+---------+-----------+----------+--------+--------+
5 rows in set (0.00 sec)

MariaDB [sample_db]> update Employee set EmpExp=2;
Query OK, 5 rows affected (0.06 sec)
Rows matched: 5  Changed: 5  Warnings: 0

MariaDB [sample_db]> update Employee set EmpExp=2 where EmpName='%h%';
Query OK, 0 rows affected (0.00 sec)
Rows matched: 0  Changed: 0  Warnings: 0

MariaDB [sample_db]> update Employee set EmpExp=2 where EmpName like '%h%';
Query OK, 0 rows affected (0.03 sec)
Rows matched: 3  Changed: 0  Warnings: 0

MariaDB [sample_db]> select * from Employee;
+---------+---------+-----------+----------+--------+--------+
| EmpName | EmpDept | EmpSalary | EmpDesig | EmpAge | EmpExp |
+---------+---------+-----------+----------+--------+--------+
| chandra | MIS     |     12000 | Jr SE    |     23 |      2 |
| Anandh  | MIS     |     12000 | Jr SE    |     23 |      2 |
| Anandhi | MIS     |     12000 | Sr SE    |     27 |      2 |
| Kamal   | HRD     |     15000 | Sr HR    |     32 |      2 |
| Kamala  | HRD     |     10000 | Jr HR    |     30 |      2 |
+---------+---------+-----------+----------+--------+--------+
5 rows in set (0.00 sec)

MariaDB [sample_db]> update Employee set EmpExp=3 where EmpName like '%h%';
Query OK, 3 rows affected (0.03 sec)
Rows matched: 3  Changed: 3  Warnings: 0

MariaDB [sample_db]> select * from Employee;
+---------+---------+-----------+----------+--------+--------+
| EmpName | EmpDept | EmpSalary | EmpDesig | EmpAge | EmpExp |
+---------+---------+-----------+----------+--------+--------+
| chandra | MIS     |     12000 | Jr SE    |     23 |      3 |
| Anandh  | MIS     |     12000 | Jr SE    |     23 |      3 |
| Anandhi | MIS     |     12000 | Sr SE    |     27 |      3 |
| Kamal   | HRD     |     15000 | Sr HR    |     32 |      2 |
| Kamala  | HRD     |     10000 | Jr HR    |     30 |      2 |
+---------+---------+-----------+----------+--------+--------+
5 rows in set (0.00 sec)

MariaDB [sample_db]> select EmpDept,count(*) from Employee group by EmpDept;
+---------+----------+
| EmpDept | count(*) |
+---------+----------+
| HRD     |        2 |
| MIS     |        3 |
+---------+----------+
2 rows in set (0.01 sec)

MariaDB [sample_db]> select EmpDept,sum(EmpSalary) from Employee group by EmpDept;
+---------+----------------+
| EmpDept | sum(EmpSalary) |
+---------+----------------+
| HRD     |          25000 |
| MIS     |          36000 |
+---------+----------------+
2 rows in set (0.02 sec)

MariaDB [sample_db]> insert into Employee values('Kamal hassan','Sr Mgmt',32000,'MD',42);
ERROR 1136 (21S01): Column count doesn't match value count at row 1
MariaDB [sample_db]> insert into Employee values('Kamal hassan','Sr Mgmt',32000,'MD',42,15);
Query OK, 1 row affected (0.03 sec)

MariaDB [sample_db]> select * from Employee;
+--------------+---------+-----------+----------+--------+--------+
| EmpName      | EmpDept | EmpSalary | EmpDesig | EmpAge | EmpExp |
+--------------+---------+-----------+----------+--------+--------+
| chandra      | MIS     |     12000 | Jr SE    |     23 |      3 |
| Anandh       | MIS     |     12000 | Jr SE    |     23 |      3 |
| Anandhi      | MIS     |     12000 | Sr SE    |     27 |      3 |
| Kamal        | HRD     |     15000 | Sr HR    |     32 |      2 |
| Kamala       | HRD     |     10000 | Jr HR    |     30 |      2 |
| Kamal hassan | Sr Mgmt |     32000 | MD       |     42 |     15 |
+--------------+---------+-----------+----------+--------+--------+
6 rows in set (0.01 sec)
.5.31-MariaDB-1~precise-log mariadb.org binary distribution

Copyright (c) 2000, 2013, Oracle, Monty Program Ab and others.

Type 'help;' or '\h' for help. Type '\c' to clear the current input statement.
chandrasekar@client50:~$ mysql -u root -p
Enter password: 
Welcome to the MariaDB monitor.  Commands end with ; or \g.
Your MariaDB connection id is 31
Server version: 5.5.31-MariaDB-1~precise-log mariadb.org binary distribution

Copyright (c) 2000, 2013, Oracle, Monty Program Ab and others.

Type 'help;' or '\h' for help. Type '\c' to clear the current input statement.

MariaDB [(none)]> create database sample_db;
Query OK, 1 row affected (0.03 sec)

MariaDB [(none)]> show databases;
+--------------------+
| Database           |
+--------------------+
| information_schema |
| mysql              |
| performance_schema |
| sample_db          |
+--------------------+
4 rows in set (0.01 sec)

MariaDB [(none)]> create table Employee
    -> (EmpName varchar(25),
    -> EmpDept varchar(25),
    -> EmpSalary  number(7),
    -> EmpDesig varchar(20),
    -> );
ERROR 1046 (3D000): No database selected
MariaDB [(none)]> use sample_db;
Database changed
MariaDB [sample_db]> create table Employee
    ->     -> (EmpName varchar(25),
    ->     -> EmpDept varchar(25),
    ->     -> EmpSalary  number(7),
    ->     -> EmpDesig varchar(20),
    ->     -> 
    -> );
ERROR 1064 (42000): You have an error in your SQL syntax; check the manual that corresponds to your MariaDB server version for the right syntax to use near '-> (EmpName varchar(25),
    -> EmpDept varchar(25),
    -> EmpSalary  number(7)' at line 2
MariaDB [sample_db]> create table Employee
    -> (EmpName varchar(25),
    -> EmpDept varchar(25),
    -> EmpSalary  number(7),
    -> EmpDesig varchar(20),
    -> EmpAge number(2));
ERROR 1064 (42000): You have an error in your SQL syntax; check the manual that corresponds to your MariaDB server version for the right syntax to use near 'number(7),
EmpDesig varchar(20),
EmpAge number(2))' at line 4
MariaDB [sample_db]> create table Employee
    -> (EmpName varchar(25),
    -> EmpDept varchar(25),
    -> EmpSalary  int(7),
    -> EmpDesig varchar(20),
    -> EmpAge int(2));
Query OK, 0 rows affected (0.28 sec)

MariaDB [sample_db]> insert into Sample_db values('chandra','MIS',12000,'Jr SE',23);
ERROR 1146 (42S02): Table 'sample_db.Sample_db' doesn't exist
MariaDB [sample_db]> insert into Employee values('chandra','MIS',12000,'Jr SE',23);Query OK, 1 row affected (0.05 sec)

MariaDB [sample_db]> show Employee;
ERROR 1064 (42000): You have an error in your SQL syntax; check the manual that corresponds to your MariaDB server version for the right syntax to use near 'Employee' at line 1
MariaDB [sample_db]> select * from Employee;
+---------+---------+-----------+----------+--------+
| EmpName | EmpDept | EmpSalary | EmpDesig | EmpAge |
+---------+---------+-----------+----------+--------+
| chandra | MIS     |     12000 | Jr SE    |     23 |
+---------+---------+-----------+----------+--------+
1 row in set (0.00 sec)

MariaDB [sample_db]> insert into Employee values('Anandh','MIS',12000,'Jr SE',23);
Query OK, 1 row affected (0.02 sec)

MariaDB [sample_db]> insert into Employee values('Anandhi','MIS',12000,'Sr SE',27);
Query OK, 1 row affected (0.02 sec)

MariaDB [sample_db]> insert into Employee values('Kamal','HRD',15000,'Sr HR',32);
Query OK, 1 row affected (0.02 sec)

MariaDB [sample_db]> insert into Employee values('Kamala','HRD',10000,'Jr HR',28);
Query OK, 1 row affected (0.03 sec)

MariaDB [sample_db]> select * from Employee;
+---------+---------+-----------+----------+--------+
| EmpName | EmpDept | EmpSalary | EmpDesig | EmpAge |
+---------+---------+-----------+----------+--------+
| chandra | MIS     |     12000 | Jr SE    |     23 |
| Anandh  | MIS     |     12000 | Jr SE    |     23 |
| Anandhi | MIS     |     12000 | Sr SE    |     27 |
| Kamal   | HRD     |     15000 | Sr HR    |     32 |
| Kamala  | HRD     |     10000 | Jr HR    |     28 |
+---------+---------+-----------+----------+--------+
5 rows in set (0.00 sec)

MariaDB [sample_db]> update Employee set EmpAge=30 where EmpName='Kamala';
Query OK, 1 row affected (0.04 sec)
Rows matched: 1  Changed: 1  Warnings: 0

MariaDB [sample_db]> select * from Employee;
+---------+---------+-----------+----------+--------+
| EmpName | EmpDept | EmpSalary | EmpDesig | EmpAge |
+---------+---------+-----------+----------+--------+
| chandra | MIS     |     12000 | Jr SE    |     23 |
| Anandh  | MIS     |     12000 | Jr SE    |     23 |
| Anandhi | MIS     |     12000 | Sr SE    |     27 |
| Kamal   | HRD     |     15000 | Sr HR    |     32 |
| Kamala  | HRD     |     10000 | Jr HR    |     30 |
+---------+---------+-----------+----------+--------+
5 rows in set (0.00 sec)

MariaDB [sample_db]> select distinct EmpSalary from Employee where EmpDept like 'HRD';
+-----------+
| EmpSalary |
+-----------+
|     15000 |
|     10000 |
+-----------+
2 rows in set (0.03 sec)

MariaDB [sample_db]> alter table Employee add(EmpExp int(3));
Query OK, 5 rows affected (0.28 sec)               
Records: 5  Duplicates: 0  Warnings: 0

MariaDB [sample_db]> select * from Employee;
+---------+---------+-----------+----------+--------+--------+
| EmpName | EmpDept | EmpSalary | EmpDesig | EmpAge | EmpExp |
+---------+---------+-----------+----------+--------+--------+
| chandra | MIS     |     12000 | Jr SE    |     23 |   NULL |
| Anandh  | MIS     |     12000 | Jr SE    |     23 |   NULL |
| Anandhi | MIS     |     12000 | Sr SE    |     27 |   NULL |
| Kamal   | HRD     |     15000 | Sr HR    |     32 |   NULL |
| Kamala  | HRD     |     10000 | Jr HR    |     30 |   NULL |
+---------+---------+-----------+----------+--------+--------+
5 rows in set (0.00 sec)

MariaDB [sample_db]> update Employee set EmpExp=2 where EmpName='___n%';
Query OK, 0 rows affected (0.00 sec)
Rows matched: 0  Changed: 0  Warnings: 0

MariaDB [sample_db]> select * from Employee;
+---------+---------+-----------+----------+--------+--------+
| EmpName | EmpDept | EmpSalary | EmpDesig | EmpAge | EmpExp |
+---------+---------+-----------+----------+--------+--------+
| chandra | MIS     |     12000 | Jr SE    |     23 |   NULL |
| Anandh  | MIS     |     12000 | Jr SE    |     23 |   NULL |
| Anandhi | MIS     |     12000 | Sr SE    |     27 |   NULL |
| Kamal   | HRD     |     15000 | Sr HR    |     32 |   NULL |
| Kamala  | HRD     |     10000 | Jr HR    |     30 |   NULL |
+---------+---------+-----------+----------+--------+--------+
5 rows in set (0.00 sec)

MariaDB [sample_db]> update Employee set EmpExp=2;
Query OK, 5 rows affected (0.06 sec)
Rows matched: 5  Changed: 5  Warnings: 0

MariaDB [sample_db]> update Employee set EmpExp=2 where EmpName='%h%';
Query OK, 0 rows affected (0.00 sec)
Rows matched: 0  Changed: 0  Warnings: 0

MariaDB [sample_db]> update Employee set EmpExp=2 where EmpName like '%h%';
Query OK, 0 rows affected (0.03 sec)
Rows matched: 3  Changed: 0  Warnings: 0

MariaDB [sample_db]> select * from Employee;
+---------+---------+-----------+----------+--------+--------+
| EmpName | EmpDept | EmpSalary | EmpDesig | EmpAge | EmpExp |
+---------+---------+-----------+----------+--------+--------+
| chandra | MIS     |     12000 | Jr SE    |     23 |      2 |
| Anandh  | MIS     |     12000 | Jr SE    |     23 |      2 |
| Anandhi | MIS     |     12000 | Sr SE    |     27 |      2 |
| Kamal   | HRD     |     15000 | Sr HR    |     32 |      2 |
| Kamala  | HRD     |     10000 | Jr HR    |     30 |      2 |
+---------+---------+-----------+----------+--------+--------+
5 rows in set (0.00 sec)

MariaDB [sample_db]> update Employee set EmpExp=3 where EmpName like '%h%';
Query OK, 3 rows affected (0.03 sec)
Rows matched: 3  Changed: 3  Warnings: 0

MariaDB [sample_db]> select * from Employee;
+---------+---------+-----------+----------+--------+--------+
| EmpName | EmpDept | EmpSalary | EmpDesig | EmpAge | EmpExp |
+---------+---------+-----------+----------+--------+--------+
| chandra | MIS     |     12000 | Jr SE    |     23 |      3 |
| Anandh  | MIS     |     12000 | Jr SE    |     23 |      3 |
| Anandhi | MIS     |     12000 | Sr SE    |     27 |      3 |
| Kamal   | HRD     |     15000 | Sr HR    |     32 |      2 |
| Kamala  | HRD     |     10000 | Jr HR    |     30 |      2 |
+---------+---------+-----------+----------+--------+--------+
5 rows in set (0.00 sec)

MariaDB [sample_db]> select EmpDept,count(*) from Employee group by EmpDept;
+---------+----------+
| EmpDept | count(*) |
+---------+----------+
| HRD     |        2 |
| MIS     |        3 |
+---------+----------+
2 rows in set (0.01 sec)

MariaDB [sample_db]> select EmpDept,sum(EmpSalary) from Employee group by EmpDept;
+---------+----------------+
| EmpDept | sum(EmpSalary) |
+---------+----------------+
| HRD     |          25000 |
| MIS     |          36000 |
+---------+----------------+
2 rows in set (0.02 sec)

MariaDB [sample_db]> insert into Employee values('Kamal hassan','Sr Mgmt',32000,'MD',42);
ERROR 1136 (21S01): Column count doesn't match value count at row 1
MariaDB [sample_db]> insert into Employee values('Kamal hassan','Sr Mgmt',32000,'MD',42,15);
Query OK, 1 row affected (0.03 sec)

MariaDB [sample_db]> select * from Employee;
+--------------+---------+-----------+----------+--------+--------+
| EmpName      | EmpDept | EmpSalary | EmpDesig | EmpAge | EmpExp |
+--------------+---------+-----------+----------+--------+--------+
| chandra      | MIS     |     12000 | Jr SE    |     23 |      3 |
| Anandh       | MIS     |     12000 | Jr SE    |     23 |      3 |
| Anandhi      | MIS     |     12000 | Sr SE    |     27 |      3 |
| Kamal        | HRD     |     15000 | Sr HR    |     32 |      2 |
| Kamala       | HRD     |     10000 | Jr HR    |     30 |      2 |
| Kamal hassan | Sr Mgmt |     32000 | MD       |     42 |     15 |
+--------------+---------+-----------+----------+--------+--------+
6 rows in set (0.01 sec)

MariaDB [(none)]> create database sample_db;
Query OK, 1 row affected (0.03 sec)

MariaDB [(none)]> show databases;
+--------------------+
| Database           |
+--------------------+
| information_schema |
| mysql          chandrasekar@client50:~$ mysql -u root -p
Enter password: 
Welcome to the MariaDB monitor.  Commands end with ; or \g.
Your MariaDB connection id is 31
Server version: 5.5.31-MariaDB-1~precise-log mariadb.org binary distribution

Copyright (c) 2000, 2013, Oracle, Monty Program Ab and others.

Type 'help;' or '\h' for help. Type '\c' to clear the current input statement.

MariaDB [(none)]> create database sample_db;
Query OK, 1 row affected (0.03 sec)

MariaDB [(none)]> show databases;
+--------------------+
| Database           |
+--------------------+
| information_schema |
| mysql              |
| performance_schema |
| sample_db          |
+--------------------+
4 rows in set (0.01 sec)

MariaDB [(none)]> create table Employee
    -> (EmpName varchar(25),
    -> EmpDept varchar(25),
    -> EmpSalary  number(7),
    -> EmpDesig varchar(20),
    -> );
ERROR 1046 (3D000): No database selected
MariaDB [(none)]> use sample_db;
Database changed
MariaDB [sample_db]> create table Employee
    ->     -> (EmpName varchar(25),
    ->     -> EmpDept varchar(25),
    ->     -> EmpSalary  number(7),
    ->     -> EmpDesig varchar(20),
    ->     -> 
    -> );
ERROR 1064 (42000): You have an error in your SQL syntax; check the manual that corresponds to your MariaDB server version for the right syntax to use near '-> (EmpName varchar(25),
    -> EmpDept varchar(25),
    -> EmpSalary  number(7)' at line 2
MariaDB [sample_db]> create table Employee
    -> (EmpName varchar(25),
    -> EmpDept varchar(25),
    -> EmpSalary  number(7),
    -> EmpDesig varchar(20),
    -> EmpAge number(2));
ERROR 1064 (42000): You have an error in your SQL syntax; check the manual that corresponds to your MariaDB server version for the right syntax to use near 'number(7),
EmpDesig varchar(20),
EmpAge number(2))' at line 4
MariaDB [sample_db]> create table Employee
    -> (EmpName varchar(25),
    -> EmpDept varchar(25),
    -> EmpSalary  int(7),
    -> EmpDesig varchar(20),
    -> EmpAge int(2));
Query OK, 0 rows affected (0.28 sec)

MariaDB [sample_db]> insert into Sample_db values('chandra','MIS',12000,'Jr SE',23);
ERROR 1146 (42S02): Table 'sample_db.Sample_db' doesn't exist
MariaDB [sample_db]> insert into Employee values('chandra','MIS',12000,'Jr SE',23);Query OK, 1 row affected (0.05 sec)

MariaDB [sample_db]> show Employee;
ERROR 1064 (42000): You have an error in your SQL syntax; check the manual that corresponds to your MariaDB server version for the right syntax to use near 'Employee' at line 1
MariaDB [sample_db]> select * from Employee;
+---------+---------+-----------+----------+--------+
| EmpName | EmpDept | EmpSalary | EmpDesig | EmpAge |
+---------+---------+-----------+----------+--------+
| chandra | MIS     |     12000 | Jr SE    |     23 |
+---------+---------+-----------+----------+--------+
1 row in set (0.00 sec)

MariaDB [sample_db]> insert into Employee values('Anandh','MIS',12000,'Jr SE',23);
Query OK, 1 row affected (0.02 sec)

MariaDB [sample_db]> insert into Employee values('Anandhi','MIS',12000,'Sr SE',27);
Query OK, 1 row affected (0.02 sec)

MariaDB [sample_db]> insert into Employee values('Kamal','HRD',15000,'Sr HR',32);
Query OK, 1 row affected (0.02 sec)

MariaDB [sample_db]> insert into Employee values('Kamala','HRD',10000,'Jr HR',28);
Query OK, 1 row affected (0.03 sec)

MariaDB [sample_db]> select * from Employee;
+---------+---------+-----------+----------+--------+
| EmpName | EmpDept | EmpSalary | EmpDesig | EmpAge |
+---------+---------+-----------+----------+--------+
| chandra | MIS     |     12000 | Jr SE    |     23 |
| Anandh  | MIS     |     12000 | Jr SE    |     23 |
| Anandhi | MIS     |     12000 | Sr SE    |     27 |
| Kamal   | HRD     |     15000 | Sr HR    |     32 |
| Kamala  | HRD     |     10000 | Jr HR    |     28 |
+---------+---------+-----------+----------+--------+
5 rows in set (0.00 sec)

MariaDB [sample_db]> update Employee set EmpAge=30 where EmpName='Kamala';
Query OK, 1 row affected (0.04 sec)
Rows matched: 1  Changed: 1  Warnings: 0

MariaDB [sample_db]> select * from Employee;
+---------+---------+-----------+----------+--------+
| EmpName | EmpDept | EmpSalary | EmpDesig | EmpAge |
+---------+---------+-----------+----------+--------+
| chandra | MIS     |     12000 | Jr SE    |     23 |
| Anandh  | MIS     |     12000 | Jr SE    |     23 |
| Anandhi | MIS     |     12000 | Sr SE    |     27 |
| Kamal   | HRD     |     15000 | Sr HR    |     32 |
| Kamala  | HRD     |     10000 | Jr HR    |     30 |
+---------+---------+-----------+----------+--------+
5 rows in set (0.00 sec)

MariaDB [sample_db]> select distinct EmpSalary from Employee where EmpDept like 'HRD';
+-----------+
| EmpSalary |
+-----------+
|     15000 |
|     10000 |
+-----------+
2 rows in set (0.03 sec)

MariaDB [sample_db]> alter table Employee add(EmpExp int(3));
Query OK, 5 rows affected (0.28 sec)               
Records: 5  Duplicates: 0  Warnings: 0

MariaDB [sample_db]> select * from Employee;
+---------+---------+-----------+----------+--------+--------+
| EmpName | EmpDept | EmpSalary | EmpDesig | EmpAge | EmpExp |
+---------+---------+-----------+----------+--------+--------+
| chandra | MIS     |     12000 | Jr SE    |     23 |   NULL |
| Anandh  | MIS     |     12000 | Jr SE    |     23 |   NULL |
| Anandhi | MIS     |     12000 | Sr SE    |     27 |   NULL |
| Kamal   | HRD     |     15000 | Sr HR    |     32 |   NULL |
| Kamala  | HRD     |     10000 | Jr HR    |     30 |   NULL |
+---------+---------+-----------+----------+--------+--------+
5 rows in set (0.00 sec)

MariaDB [sample_db]> update Employee set EmpExp=2 where EmpName='___n%';
Query OK, 0 rows affected (0.00 sec)
Rows matched: 0  Changed: 0  Warnings: 0

MariaDB [sample_db]> select * from Employee;
+---------+---------+-----------+----------+--------+--------+
| EmpName | EmpDept | EmpSalary | EmpDesig | EmpAge | EmpExp |
+---------+---------+-----------+----------+--------+--------+
| chandra | MIS     |     12000 | Jr SE    |     23 |   NULL |
| Anandh  | MIS     |     12000 | Jr SE    |     23 |   NULL |
| Anandhi | MIS     |     12000 | Sr SE    |     27 |   NULL |
| Kamal   | HRD     |     15000 | Sr HR    |     32 |   NULL |
| Kamala  | HRD     |     10000 | Jr HR    |     30 |   NULL |
+---------+---------+-----------+----------+--------+--------+
5 rows in set (0.00 sec)

MariaDB [sample_db]> update Employee set EmpExp=2;
Query OK, 5 rows affected (0.06 sec)
Rows matched: 5  Changed: 5  Warnings: 0

MariaDB [sample_db]> update Employee set EmpExp=2 where EmpName='%h%';
Query OK, 0 rows affected (0.00 sec)
Rows matched: 0  Changed: 0  Warnings: 0

MariaDB [sample_db]> update Employee set EmpExp=2 where EmpName like '%h%';
Query OK, 0 rows affected (0.03 sec)
Rows matched: 3  Changed: 0  Warnings: 0

MariaDB [sample_db]> select * from Employee;
+---------+---------+-----------+----------+--------+--------+
| EmpName | EmpDept | EmpSalary | EmpDesig | EmpAge | EmpExp |
+---------+---------+-----------+----------+--------+--------+
| chandra | MIS     |     12000 | Jr SE    |     23 |      2 |
| Anandh  | MIS     |     12000 | Jr SE    |     23 |      2 |
| Anandhi | MIS     |     12000 | Sr SE    |     27 |      2 |
| Kamal   | HRD     |     15000 | Sr HR    |     32 |      2 |
| Kamala  | HRD     |     10000 | Jr HR    |     30 |      2 |
+---------+---------+-----------+----------+--------+--------+
5 rows in set (0.00 sec)

MariaDB [sample_db]> update Employee set EmpExp=3 where EmpName like '%h%';
Query OK, 3 rows affected (0.03 sec)
Rows matched: 3  Changed: 3  Warnings: 0

MariaDB [sample_db]> select * from Employee;
+---------+---------+-----------+----------+--------+--------+
| EmpName | EmpDept | EmpSalary | EmpDesig | EmpAge | EmpExp |
+---------+---------+-----------+----------+--------+--------+
| chandra | MIS     |     12000 | Jr SE    |     23 |      3 |
| Anandh  | MIS     |     12000 | Jr SE    |     23 |      3 |
| Anandhi | MIS     |     12000 | Sr SE    |     27 |      3 |
| Kamal   | HRD     |     15000 | Sr HR    |     32 |      2 |
| Kamala  | HRD     |     10000 | Jr HR    |     30 |      2 |
+---------+---------+-----------+----------+--------+--------+
5 rows in set (0.00 sec)

MariaDB [sample_db]> select EmpDept,count(*) from Employee group by EmpDept;
+---------+----------+
| EmpDept | count(*) |
+---------+----------+
| HRD     |        2 |
| MIS     |        3 |
+---------+----------+
2 rows in set (0.01 sec)

MariaDB [sample_db]> select EmpDept,sum(EmpSalary) from Employee group by EmpDept;
+---------+----------------+
| EmpDept | sum(EmpSalary) |
+---------+----------------+
| HRD     |          25000 |
| MIS     |          36000 |
+---------+----------------+
2 rows in set (0.02 sec)

MariaDB [sample_db]> insert into Employee values('Kamal hassan','Sr Mgmt',32000,'MD',42);
ERROR 1136 (21S01): Column count doesn't match value count at row 1
MariaDB [sample_db]> insert into Employee values('Kamal hassan','Sr Mgmt',32000,'MD',42,15);
Query OK, 1 row affected (0.03 sec)

MariaDB [sample_db]> select * from Employee;
+--------------+---------+-----------+----------+--------+--------+
| EmpName      | EmpDept | EmpSalary | EmpDesig | EmpAge | EmpExp |
+--------------+---------+-----------+----------+--------+--------+
| chandra      | MIS     |     12000 | Jr SE    |     23 |      3 |
| Anandh       | MIS     |     12000 | Jr SE    |     23 |      3 |
| Anandhi      | MIS     |     12000 | Sr SE    |     27 |      3 |
| Kamal        | HRD     |     15000 | Sr HR    |     32 |      2 |
| Kamala       | HRD     |     10000 | Jr HR    |     30 |      2 |
| Kamal hassan | Sr Mgmt |     32000 | MD       |     42 |     15 |
+--------------+---------+-----------+----------+--------+--------+
6 rows in set (0.01 sec)
    |
| performance_schema |
| sample_db          |
+--------------------+
4 rows in set (0.01 sec)

MariaDB [(none)]>chandrasekar@client50:~$ mysql -u root -p
Enter password: 
Welcome to the MariaDB monitor.  Commands end with ; or \g.
Your MariaDB connection id is 31
Server version: 5.5.31-MariaDB-1~precise-log mariadb.org binary distribution

Copyright (c) 2000, 2013, Oracle, Monty Program Ab and others.

Type 'help;' or '\h' for help. Type '\c' to clear the current input statement.

MariaDB [(none)]> create database sample_db;
Query OK, 1 row affected (0.03 sec)

MariaDB [(none)]> show databases;
+--------------------+
| Database           |
+--------------------+
| information_schema |
| mysql              |
| performance_schema |
| sample_db          |
+--------------------+
4 rows in set (0.01 sec)

MariaDB [(none)]> create table Employee
    -> (EmpName varchar(25),
    -> EmpDept varchar(25),
    -> EmpSalary  number(7),
    -> EmpDesig varchar(20),
    -> );
ERROR 1046 (3D000): No database selected
MariaDB [(none)]> use sample_db;
Database changed
MariaDB [sample_db]> create table Employee
    ->     -> (EmpName varchar(25),
    ->     -> EmpDept varchar(25),
    ->     -> EmpSalary  number(7),
    ->     -> EmpDesig varchar(20),
    ->     -> 
    -> );
ERROR 1064 (42000): You have an error in your SQL syntax; check the manual that corresponds to your MariaDB server version for the right syntax to use near '-> (EmpName varchar(25),
    -> EmpDept varchar(25),
    -> EmpSalary  number(7)' at line 2
MariaDB [sample_db]> create table Employee
    -> (EmpName varchar(25),
    -> EmpDept varchar(25),
    -> EmpSalary  number(7),
    -> EmpDesig varchar(20),
    -> EmpAge number(2));
ERROR 1064 (42000): You have an error in your SQL syntax; check the manual that corresponds to your MariaDB server version for the right syntax to use near 'number(7),
EmpDesig varchar(20),
EmpAge number(2))' at line 4
MariaDB [sample_db]> create table Employee
    -> (EmpName varchar(25),
    -> EmpDept varchar(25),
    -> EmpSalary  int(7),
    -> EmpDesig varchar(20),
    -> EmpAge int(2));
Query OK, 0 rows affected (0.28 sec)

MariaDB [sample_db]> insert into Sample_db values('chandra','MIS',12000,'Jr SE',23);
ERROR 1146 (42S02): Table 'sample_db.Sample_db' doesn't exist
MariaDB [sample_db]> insert into Employee values('chandra','MIS',12000,'Jr SE',23);Query OK, 1 row affected (0.05 sec)

MariaDB [sample_db]> show Employee;
ERROR 1064 (42000): You have an error in your SQL syntax; check the manual that corresponds to your MariaDB server version for the right syntax to use near 'Employee' at line 1
MariaDB [sample_db]> select * from Employee;
+---------+---------+-----------+----------+--------+
| EmpName | EmpDept | EmpSalary | EmpDesig | EmpAge |
+---------+---------+-----------+----------+--------+
| chandra | MIS     |     12000 | Jr SE    |     23 |
+---------+---------+-----------+----------+--------+
1 row in set (0.00 sec)

MariaDB [sample_db]> insert into Employee values('Anandh','MIS',12000,'Jr SE',23);
Query OK, 1 row affected (0.02 sec)

MariaDB [sample_db]> insert into Employee values('Anandhi','MIS',12000,'Sr SE',27);
Query OK, 1 row affected (0.02 sec)

MariaDB [sample_db]> insert into Employee values('Kamal','HRD',15000,'Sr HR',32);
Query OK, 1 row affected (0.02 sec)

MariaDB [sample_db]> insert into Employee values('Kamala','HRD',10000,'Jr HR',28);
Query OK, 1 row affected (0.03 sec)

MariaDB [sample_db]> select * from Employee;
+---------+---------+-----------+----------+--------+
| EmpName | EmpDept | EmpSalary | EmpDesig | EmpAge |
+---------+---------+-----------+----------+--------+
| chandra | MIS     |     12000 | Jr SE    |     23 |
| Anandh  | MIS     |     12000 | Jr SE    |     23 |
| Anandhi | MIS     |     12000 | Sr SE    |     27 |
| Kamal   | HRD     |     15000 | Sr HR    |     32 |
| Kamala  | HRD     |     10000 | Jr HR    |     28 |
+---------+---------+-----------+----------+--------+
5 rows in set (0.00 sec)

MariaDB [sample_db]> update Employee set EmpAge=30 where EmpName='Kamala';
Query OK, 1 row affected (0.04 sec)
Rows matched: 1  Changed: 1  Warnings: 0

MariaDB [sample_db]> select * from Employee;
+---------+---------+-----------+----------+--------+
| EmpName | EmpDept | EmpSalary | EmpDesig | EmpAge |
+---------+---------+-----------+----------+--------+
| chandra | MIS     |     12000 | Jr SE    |     23 |
| Anandh  | MIS     |     12000 | Jr SE    |     23 |
| Anandhi | MIS     |     12000 | Sr SE    |     27 |
| Kamal   | HRD     |     15000 | Sr HR    |     32 |
| Kamala  | HRD     |     10000 | Jr HR    |     30 |
+---------+---------+-----------+----------+--------+
5 rows in set (0.00 sec)

MariaDB [sample_db]> select distinct EmpSalary from Employee where EmpDept like 'HRD';
+-----------+
| EmpSalary |
+-----------+
|     15000 |
|     10000 |
+-----------+
2 rows in set (0.03 sec)

MariaDB [sample_db]> alter table Employee add(EmpExp int(3));
Query OK, 5 rows affected (0.28 sec)               
Records: 5  Duplicates: 0  Warnings: 0

MariaDB [sample_db]> select * from Employee;
+---------+---------+-----------+----------+--------+--------+
| EmpName | EmpDept | EmpSalary | EmpDesig | EmpAge | EmpExp |
+---------+---------+-----------+----------+--------+--------+
| chandra | MIS     |     12000 | Jr SE    |     23 |   NULL |
| Anandh  | MIS     |     12000 | Jr SE    |     23 |   NULL |
| Anandhi | MIS     |     12000 | Sr SE    |     27 |   NULL |
| Kamal   | HRD     |     15000 | Sr HR    |     32 |   NULL |
| Kamala  | HRD     |     10000 | Jr HR    |     30 |   NULL |
+---------+---------+-----------+----------+--------+--------+
5 rows in set (0.00 sec)

MariaDB [sample_db]> update Employee set EmpExp=2 where EmpName='___n%';
Query OK, 0 rows affected (0.00 sec)
Rows matched: 0  Changed: 0  Warnings: 0

MariaDB [sample_db]> select * from Employee;
+---------+---------+-----------+----------+--------+--------+
| EmpName | EmpDept | EmpSalary | EmpDesig | EmpAge | EmpExp |
+---------+---------+-----------+----------+--------+--------+
| chandra | MIS     |     12000 | Jr SE    |     23 |   NULL |
| Anandh  | MIS     |     12000 | Jr SE    |     23 |   NULL |
| Anandhi | MIS     |     12000 | Sr SE    |     27 |   NULL |
| Kamal   | HRD     |     15000 | Sr HR    |     32 |   NULL |
| Kamala  | HRD     |     10000 | Jr HR    |     30 |   NULL |
+---------+---------+-----------+----------+--------+--------+
5 rows in set (0.00 sec)

MariaDB [sample_db]> update Employee set EmpExp=2;
Query OK, 5 rows affected (0.06 sec)
Rows matched: 5  Changed: 5  Warnings: 0

MariaDB [sample_db]> update Employee set EmpExp=2 where EmpName='%h%';
Query OK, 0 rows affected (0.00 sec)
Rows matched: 0  Changed: 0  Warnings: 0

MariaDB [sample_db]> update Employee set EmpExp=2 where EmpName like '%h%';
Query OK, 0 rows affected (0.03 sec)
Rows matched: 3  Changed: 0  Warnings: 0

MariaDB [sample_db]> select * from Employee;
+---------+---------+-----------+----------+--------+--------+
| EmpName | EmpDept | EmpSalary | EmpDesig | EmpAge | EmpExp |
+---------+---------+-----------+----------+--------+--------+
| chandra | MIS     |     12000 | Jr SE    |     23 |      2 |
| Anandh  | MIS     |     12000 | Jr SE    |     23 |      2 |
| Anandhi | MIS     |     12000 | Sr SE    |     27 |      2 |
| Kamal   | HRD     |     15000 | Sr HR    |     32 |      2 |
| Kamala  | HRD     |     10000 | Jr HR    |     30 |      2 |
+---------+---------+-----------+----------+--------+--------+
5 rows in set (0.00 sec)

MariaDB [sample_db]> update Employee set EmpExp=3 where EmpName like '%h%';
Query OK, 3 rows affected (0.03 sec)
Rows matched: 3  Changed: 3  Warnings: 0

MariaDB [sample_db]> select * from Employee;
+---------+---------+-----------+----------+--------+--------+
| EmpName | EmpDept | EmpSalary | EmpDesig | EmpAge | EmpExp |
+---------+---------+-----------+----------+--------+--------+
| chandra | MIS     |     12000 | Jr SE    |     23 |      3 |
| Anandh  | MIS     |     12000 | Jr SE    |     23 |      3 |
| Anandhi | MIS     |     12000 | Sr SE    |     27 |      3 |
| Kamal   | HRD     |     15000 | Sr HR    |     32 |      2 |
| Kamala  | HRD     |     10000 | Jr HR    |     30 |      2 |
+---------+---------+-----------+----------+--------+--------+
5 rows in set (0.00 sec)

MariaDB [sample_db]> select EmpDept,count(*) from Employee group by EmpDept;
+---------+----------+
| EmpDept | count(*) |
+---------+----------+
| HRD     |        2 |
| MIS     |        3 |
+---------+----------+
2 rows in set (0.01 sec)

MariaDB [sample_db]> select EmpDept,sum(EmpSalary) from Employee group by EmpDept;
+---------+----------------+
| EmpDept | sum(EmpSalary) |
+---------+----------------+
| HRD     |          25000 |
| MIS     |          36000 |
+---------+----------------+
2 rows in set (0.02 sec)

MariaDB [sample_db]> insert into Employee values('Kamal hassan','Sr Mgmt',32000,'MD',42);
ERROR 1136 (21S01): Column count doesn't match value count at row 1
MariaDB [sample_db]> insert into Employee values('Kamal hassan','Sr Mgmt',32000,'MD',42,15);
Query OK, 1 row affected (0.03 sec)

MariaDB [sample_db]> select * from Employee;
+--------------+---------+-----------+----------+--------+--------+
| EmpName      | EmpDept | EmpSalary | EmpDesig | EmpAge | EmpExp |
+--------------+---------+-----------+----------+--------+--------+
| chandra      | MIS     |     12000 | Jr SE    |     23 |      3 |
| Anandh       | MIS     |     12000 | Jr SE    |     23 |      3 |
| Anandhi      | MIS     |     12000 | Sr SE    |     27 |      3 |
| Kamal        | HRD     |     15000 | Sr HR    |     32 |      2 |
| Kamala       | HRD     |     10000 | Jr HR    |     30 |      2 |
| Kamal hassan | Sr Mgmt |     32000 | MD       |     42 |     15 |
+--------------+---------+-----------+----------+--------+--------+
6 rows in set (0.01 sec)
 create table Employee
    -> (EmpName varchar(25),
    -> EmpDept varchar(25),
    -> EmpSalary  number(7),
    -> EmpDesig varchar(20),
    -> );
ERROR 1046 (3D000): No database selected
MariaDB [(none)]> use sample_db;
Database changed
MariaDB [sample_db]> create table Employee
    ->     -> (EmpName varchar(25),
    ->     -> EmpDept varchar(25),
    ->     -> EmpSalary  number(7),
    ->     -> Empchandrasekar@client50:~$ mysql -u root -p
Enter password: 
Welcome to the MariaDB monitor.  Commands end with ; or \g.
Your MariaDB connection id is 31
Server version: 5.5.31-MariaDB-1~precise-log mariadb.org binary distribution

Copyright (c) 2000, 2013, Oracle, Monty Program Ab and others.

Type 'help;' or '\h' for help. Type '\c' to clear the current input statement.

MariaDB [(none)]> create database sample_db;
Query OK, 1 row affected (0.03 sec)

MariaDB [(none)]> show databases;
+--------------------+
| Database           |
+--------------------+
| information_schema |
| mysql              |
| performance_schema |
| sample_db          |
+--------------------+
4 rows in set (0.01 sec)

MariaDB [(none)]> create table Employee
    -> (EmpName varchar(25),
    -> EmpDept varchar(25),
    -> EmpSalary  number(7),
    -> EmpDesig varchar(20),
    -> );
ERROR 1046 (3D000): No database selected
MariaDB [(none)]> use sample_db;
Database changed
MariaDB [sample_db]> create table Employee
    ->     -> (EmpName varchar(25),
    ->     -> EmpDept varchar(25),
    ->     -> EmpSalary  number(7),
    ->     -> EmpDesig varchar(20),
    ->     -> 
    -> );
ERROR 1064 (42000): You have an error in your SQL syntax; check the manual that corresponds to your MariaDB server version for the right syntax to use near '-> (EmpName varchar(25),
    -> EmpDept varchar(25),
    -> EmpSalary  number(7)' at line 2
MariaDB [sample_db]> create table Employee
    -> (EmpName varchar(25),
    -> EmpDept varchar(25),
    -> EmpSalary  number(7),
    -> EmpDesig varchar(20),
    -> EmpAge number(2));
ERROR 1064 (42000): You have an error in your SQL syntax; check the manual that corresponds to your MariaDB server version for the right syntax to use near 'number(7),
EmpDesig varchar(20),
EmpAge number(2))' at line 4
MariaDB [sample_db]> create table Employee
    -> (EmpName varchar(25),
    -> EmpDept varchar(25),
    -> EmpSalary  int(7),
    -> EmpDesig varchar(20),
    -> EmpAge int(2));
Query OK, 0 rows affected (0.28 sec)

MariaDB [sample_db]> insert into Sample_db values('chandra','MIS',12000,'Jr SE',23);
ERROR 1146 (42S02): Table 'sample_db.Sample_db' doesn't exist
MariaDB [sample_db]> insert into Employee values('chandra','MIS',12000,'Jr SE',23);Query OK, 1 row affected (0.05 sec)

MariaDB [sample_db]> show Employee;
ERROR 1064 (42000): You have an error in your SQL syntax; check the manual that corresponds to your MariaDB server version for the right syntax to use near 'Employee' at line 1
MariaDB [sample_db]> select * from Employee;
+---------+---------+-----------+----------+--------+
| EmpName | EmpDept | EmpSalary | EmpDesig | EmpAge |
+---------+---------+-----------+----------+--------+
| chandra | MIS     |     12000 | Jr SE    |     23 |
+---------+---------+-----------+----------+--------+
1 row in set (0.00 sec)

MariaDB [sample_db]> insert into Employee values('Anandh','MIS',12000,'Jr SE',23);
Query OK, 1 row affected (0.02 sec)

MariaDB [sample_db]> insert into Employee values('Anandhi','MIS',12000,'Sr SE',27);
Query OK, 1 row affected (0.02 sec)

MariaDB [sample_db]> insert into Employee values('Kamal','HRD',15000,'Sr HR',32);
Query OK, 1 row affected (0.02 sec)

MariaDB [sample_db]> insert into Employee values('Kamala','HRD',10000,'Jr HR',28);
Query OK, 1 row affected (0.03 sec)

MariaDB [sample_db]> select * from Employee;
+---------+---------+-----------+----------+--------+
| EmpName | EmpDept | EmpSalary | EmpDesig | EmpAge |
+---------+---------+-----------+----------+--------+
| chandra | MIS     |     12000 | Jr SE    |     23 |
| Anandh  | MIS     |     12000 | Jr SE    |     23 |
| Anandhi | MIS     |     12000 | Sr SE    |     27 |
| Kamal   | HRD     |     15000 | Sr HR    |     32 |
| Kamala  | HRD     |     10000 | Jr HR    |     28 |
+---------+---------+-----------+----------+--------+
5 rows in set (0.00 sec)

MariaDB [sample_db]> update Employee set EmpAge=30 where EmpName='Kamala';
Query OK, 1 row affected (0.04 sec)
Rows matched: 1  Changed: 1  Warnings: 0

MariaDB [sample_db]> select * from Employee;
+---------+---------+-----------+----------+--------+
| EmpName | EmpDept | EmpSalary | EmpDesig | EmpAge |
+---------+---------+-----------+----------+--------+
| chandra | MIS     |     12000 | Jr SE    |     23 |
| Anandh  | MIS     |     12000 | Jr SE    |     23 |
| Anandhi | MIS     |     12000 | Sr SE    |     27 |
| Kamal   | HRD     |     15000 | Sr HR    |     32 |
| Kamala  | HRD     |     10000 | Jr HR    |     30 |
+---------+---------+-----------+----------+--------+
5 rows in set (0.00 sec)

MariaDB [sample_db]> select distinct EmpSalary from Employee where EmpDept like 'HRD';
+-----------+
| EmpSalary |
+-----------+
|     15000 |
|     10000 |
+-----------+
2 rows in set (0.03 sec)

MariaDB [sample_db]> alter table Employee add(EmpExp int(3));
Query OK, 5 rows affected (0.28 sec)               
Records: 5  Duplicates: 0  Warnings: 0

MariaDB [sample_db]> select * from Employee;
+---------+---------+-----------+----------+--------+--------+
| EmpName | EmpDept | EmpSalary | EmpDesig | EmpAge | EmpExp |
+---------+---------+-----------+----------+--------+--------+
| chandra | MIS     |     12000 | Jr SE    |     23 |   NULL |
| Anandh  | MIS     |     12000 | Jr SE    |     23 |   NULL |
| Anandhi | MIS     |     12000 | Sr SE    |     27 |   NULL |
| Kamal   | HRD     |     15000 | Sr HR    |     32 |   NULL |
| Kamala  | HRD     |     10000 | Jr HR    |     30 |   NULL |
+---------+---------+-----------+----------+--------+--------+
5 rows in set (0.00 sec)

MariaDB [sample_db]> update Employee set EmpExp=2 where EmpName='___n%';
Query OK, 0 rows affected (0.00 sec)
Rows matched: 0  Changed: 0  Warnings: 0

MariaDB [sample_db]> select * from Employee;
+---------+---------+-----------+----------+--------+--------+
| EmpName | EmpDept | EmpSalary | EmpDesig | EmpAge | EmpExp |
+---------+---------+-----------+----------+--------+--------+
| chandra | MIS     |     12000 | Jr SE    |     23 |   NULL |
| Anandh  | MIS     |     12000 | Jr SE    |     23 |   NULL |
| Anandhi | MIS     |     12000 | Sr SE    |     27 |   NULL |
| Kamal   | HRD     |     15000 | Sr HR    |     32 |   NULL |
| Kamala  | HRD     |     10000 | Jr HR    |     30 |   NULL |
+---------+---------+-----------+----------+--------+--------+
5 rows in set (0.00 sec)

MariaDB [sample_db]> update Employee set EmpExp=2;
Query OK, 5 rows affected (0.06 sec)
Rows matched: 5  Changed: 5  Warnings: 0

MariaDB [sample_db]> update Employee set EmpExp=2 where EmpName='%h%';
Query OK, 0 rows affected (0.00 sec)
Rows matched: 0  Changed: 0  Warnings: 0

MariaDB [sample_db]> update Employee set EmpExp=2 where EmpName like '%h%';
Query OK, 0 rows affected (0.03 sec)
Rows matched: 3  Changed: 0  Warnings: 0

MariaDB [sample_db]> select * from Employee;
+---------+---------+-----------+----------+--------+--------+
| EmpName | EmpDept | EmpSalary | EmpDesig | EmpAge | EmpExp |
+---------+---------+-----------+----------+--------+--------+
| chandra | MIS     |     12000 | Jr SE    |     23 |      2 |
| Anandh  | MIS     |     12000 | Jr SE    |     23 |      2 |
| Anandhi | MIS     |     12000 | Sr SE    |     27 |      2 |
| Kamal   | HRD     |     15000 | Sr HR    |     32 |      2 |
| Kamala  | HRD     |     10000 | Jr HR    |     30 |      2 |
+---------+---------+-----------+----------+--------+--------+
5 rows in set (0.00 sec)

MariaDB [sample_db]> update Employee set EmpExp=3 where EmpName like '%h%';
Query OK, 3 rows affected (0.03 sec)
Rows matched: 3  Changed: 3  Warnings: 0

MariaDB [sample_db]> select * from Employee;
+---------+---------+-----------+----------+--------+--------+
| EmpName | EmpDept | EmpSalary | EmpDesig | EmpAge | EmpExp |
+---------+---------+-----------+----------+--------+--------+
| chandra | MIS     |     12000 | Jr SE    |     23 |      3 |
| Anandh  | MIS     |     12000 | Jr SE    |     23 |      3 |
| Anandhi | MIS     |     12000 | Sr SE    |     27 |      3 |
| Kamal   | HRD     |     15000 | Sr HR    |     32 |      2 |
| Kamala  | HRD     |     10000 | Jr HR    |     30 |      2 |
+---------+---------+-----------+----------+--------+--------+
5 rows in set (0.00 sec)

MariaDB [sample_db]> select EmpDept,count(*) from Employee group by EmpDept;
+---------+----------+
| EmpDept | count(*) |
+---------+----------+
| HRD     |        2 |
| MIS     |        3 |
+---------+----------+
2 rows in set (0.01 sec)

MariaDB [sample_db]> select EmpDept,sum(EmpSalary) from Employee group by EmpDept;
+---------+----------------+
| EmpDept | sum(EmpSalary) |
+---------+----------------+
| HRD     |          25000 |
| MIS     |          36000 |
+---------+----------------+
2 rows in set (0.02 sec)

MariaDB [sample_db]> insert into Employee values('Kamal hassan','Sr Mgmt',32000,'MD',42);
ERROR 1136 (21S01): Column count doesn't match value count at row 1
MariaDB [sample_db]> insert into Employee values('Kamal hassan','Sr Mgmt',32000,'MD',42,15);
Query OK, 1 row affected (0.03 sec)

MariaDB [sample_db]> select * from Employee;
+--------------+---------+-----------+----------+--------+--------+
| EmpName      | EmpDept | EmpSalary | EmpDesig | EmpAge | EmpExp |
+--------------+---------+-----------+----------+--------+--------+
| chandra      | MIS     |     12000 | Jr SE    |     23 |      3 |
| Anandh       | MIS     |     12000 | Jr SE    |     23 |      3 |
| Anandhi      | MIS     |     12000 | Sr SE    |     27 |      3 |
| Kamal        | HRD     |     15000 | Sr HR    |     32 |      2 |
| Kamala       | HRD     |     10000 | Jr HR    |     30 |      2 |
| Kamal hassan | Sr Mgmt |     32000 | MD       |     42 |     15 |
+--------------+---------+-----------+----------+--------+--------+
6 rows in set (0.01 sec)
Desig varchar(20),
    ->     -> 
    -> );
ERROR 1064 (42000): You have an error in your SQL syntax; check the manual that corresponds to your MariaDB server version for the right syntax to use near '-> (EmpName varchar(25),
    -> EmpDept varchar(25),
    -> EmpSalary  number(7)' at line 2
MariaDB [sample_db]> create table Employee
    -> (EmpName varchar(25),
    -> EmpDept vachandrasekar@client50:~$ mysql -u root -p
Enter password: 
Welcome to the MariaDB monitor.  Commands end with ; or \g.
Your MariaDB connection id is 31
Server version: 5.5.31-MariaDB-1~precise-log mariadb.org binary distribution

Copyright (c) 2000, 2013, Oracle, Monty Program Ab and others.

Type 'help;' or '\h' for help. Type '\c' to clear the current input statement.

MariaDB [(none)]> create database sample_db;
Query OK, 1 row affected (0.03 sec)

MariaDB [(none)]> show databases;
+--------------------+
| Database           |
+--------------------+
| information_schema |
| mysql              |
| performance_schema |
| sample_db          |
+--------------------+
4 rows in set (0.01 sec)

MariaDB [(none)]> create table Employee
    -> (EmpName varchar(25),
    -> EmpDept varchar(25),
    -> EmpSalary  number(7),
    -> EmpDesig varchar(20),
    -> );
ERROR 1046 (3D000): No database selected
MariaDB [(none)]> use sample_db;
Database changed
MariaDB [sample_db]> create table Employee
    ->     -> (EmpName varchar(25),
    ->     -> EmpDept varchar(25),
    ->     -> EmpSalary  number(7),
    ->     -> EmpDesig varchar(20),
    ->     -> 
    -> );
ERROR 1064 (42000): You have an error in your SQL syntax; check the manual that corresponds to your MariaDB server version for the right syntax to use near '-> (EmpName varchar(25),
    -> EmpDept varchar(25),
    -> EmpSalary  number(7)' at line 2
MariaDB [sample_db]> create table Employee
    -> (EmpName varchar(25),
    -> EmpDept varchar(25),
    -> EmpSalary  number(7),
    -> EmpDesig varchar(20),
    -> EmpAge number(2));
ERROR 1064 (42000): You have an error in your SQL syntax; check the manual that corresponds to your MariaDB server version for the right syntax to use near 'number(7),
EmpDesig varchar(20),
EmpAge number(2))' at line 4
MariaDB [sample_db]> create table Employee
    -> (EmpName varchar(25),
    -> EmpDept varchar(25),
    -> EmpSalary  int(7),
    -> EmpDesig varchar(20),
    -> EmpAge int(2));
Query OK, 0 rows affected (0.28 sec)

MariaDB [sample_db]> insert into Sample_db values('chandra','MIS',12000,'Jr SE',23);
ERROR 1146 (42S02): Table 'sample_db.Sample_db' doesn't exist
MariaDB [sample_db]> insert into Employee values('chandra','MIS',12000,'Jr SE',23);Query OK, 1 row affected (0.05 sec)

MariaDB [sample_db]> show Employee;
ERROR 1064 (42000): You have an error in your SQL syntax; check the manual that corresponds to your MariaDB server version for the right syntax to use near 'Employee' at line 1
MariaDB [sample_db]> select * from Employee;
+---------+---------+-----------+----------+--------+
| EmpName | EmpDept | EmpSalary | EmpDesig | EmpAge |
+---------+---------+-----------+----------+--------+
| chandra | MIS     |     12000 | Jr SE    |     23 |
+---------+---------+-----------+----------+--------+
1 row in set (0.00 sec)

MariaDB [sample_db]> insert into Employee values('Anandh','MIS',12000,'Jr SE',23);
Query OK, 1 row affected (0.02 sec)

MariaDB [sample_db]> insert into Employee values('Anandhi','MIS',12000,'Sr SE',27);
Query OK, 1 row affected (0.02 sec)

MariaDB [sample_db]> insert into Employee values('Kamal','HRD',15000,'Sr HR',32);
Query OK, 1 row affected (0.02 sec)

MariaDB [sample_db]> insert into Employee values('Kamala','HRD',10000,'Jr HR',28);
Query OK, 1 row affected (0.03 sec)

MariaDB [sample_db]> select * from Employee;
+---------+---------+-----------+----------+--------+
| EmpName | EmpDept | EmpSalary | EmpDesig | EmpAge |
+---------+---------+-----------+----------+--------+
| chandra | MIS     |     12000 | Jr SE    |     23 |
| Anandh  | MIS     |     12000 | Jr SE    |     23 |
| Anandhi | MIS     |     12000 | Sr SE    |     27 |
| Kamal   | HRD     |     15000 | Sr HR    |     32 |
| Kamala  | HRD     |     10000 | Jr HR    |     28 |
+---------+---------+-----------+----------+--------+
5 rows in set (0.00 sec)

MariaDB [sample_db]> update Employee set EmpAge=30 where EmpName='Kamala';
Query OK, 1 row affected (0.04 sec)
Rows matched: 1  Changed: 1  Warnings: 0

MariaDB [sample_db]> select * from Employee;
+---------+---------+-----------+----------+--------+
| EmpName | EmpDept | EmpSalary | EmpDesig | EmpAge |
+---------+---------+-----------+----------+--------+
| chandra | MIS     |     12000 | Jr SE    |     23 |
| Anandh  | MIS     |     12000 | Jr SE    |     23 |
| Anandhi | MIS     |     12000 | Sr SE    |     27 |
| Kamal   | HRD     |     15000 | Sr HR    |     32 |
| Kamala  | HRD     |     10000 | Jr HR    |     30 |
+---------+---------+-----------+----------+--------+
5 rows in set (0.00 sec)

MariaDB [sample_db]> select distinct EmpSalary from Employee where EmpDept like 'HRD';
+-----------+
| EmpSalary |
+-----------+
|     15000 |
|     10000 |
+-----------+
2 rows in set (0.03 sec)

MariaDB [sample_db]> alter table Employee add(EmpExp int(3));
Query OK, 5 rows affected (0.28 sec)               
Records: 5  Duplicates: 0  Warnings: 0

MariaDB [sample_db]> select * from Employee;
+---------+---------+-----------+----------+--------+--------+
| EmpName | EmpDept | EmpSalary | EmpDesig | EmpAge | EmpExp |
+---------+---------+-----------+----------+--------+--------+
| chandra | MIS     |     12000 | Jr SE    |     23 |   NULL |
| Anandh  | MIS     |     12000 | Jr SE    |     23 |   NULL |
| Anandhi | MIS     |     12000 | Sr SE    |     27 |   NULL |
| Kamal   | HRD     |     15000 | Sr HR    |     32 |   NULL |
| Kamala  | HRD     |     10000 | Jr HR    |     30 |   NULL |
+---------+---------+-----------+----------+--------+--------+
5 rows in set (0.00 sec)

MariaDB [sample_db]> update Employee set EmpExp=2 where EmpName='___n%';
Query OK, 0 rows affected (0.00 sec)
Rows matched: 0  Changed: 0  Warnings: 0

MariaDB [sample_db]> select * from Employee;
+---------+---------+-----------+----------+--------+--------+
| EmpName | EmpDept | EmpSalary | EmpDesig | EmpAge | EmpExp |
+---------+---------+-----------+----------+--------+--------+
| chandra | MIS     |     12000 | Jr SE    |     23 |   NULL |
| Anandh  | MIS     |     12000 | Jr SE    |     23 |   NULL |
| Anandhi | MIS     |     12000 | Sr SE    |     27 |   NULL |
| Kamal   | HRD     |     15000 | Sr HR    |     32 |   NULL |
| Kamala  | HRD     |     10000 | Jr HR    |     30 |   NULL |
+---------+---------+-----------+----------+--------+--------+
5 rows in set (0.00 sec)

MariaDB [sample_db]> update Employee set EmpExp=2;
Query OK, 5 rows affected (0.06 sec)
Rows matched: 5  Changed: 5  Warnings: 0

MariaDB [sample_db]> update Employee set EmpExp=2 where EmpName='%h%';
Query OK, 0 rows affected (0.00 sec)
Rows matched: 0  Changed: 0  Warnings: 0

MariaDB [sample_db]> update Employee set EmpExp=2 where EmpName like '%h%';
Query OK, 0 rows affected (0.03 sec)
Rows matched: 3  Changed: 0  Warnings: 0

MariaDB [sample_db]> select * from Employee;
+---------+---------+-----------+----------+--------+--------+
| EmpName | EmpDept | EmpSalary | EmpDesig | EmpAge | EmpExp |
+---------+---------+-----------+----------+--------+--------+
| chandra | MIS     |     12000 | Jr SE    |     23 |      2 |
| Anandh  | MIS     |     12000 | Jr SE    |     23 |      2 |
| Anandhi | MIS     |     12000 | Sr SE    |     27 |      2 |
| Kamal   | HRD     |     15000 | Sr HR    |     32 |      2 |
| Kamala  | HRD     |     10000 | Jr HR    |     30 |      2 |
+---------+---------+-----------+----------+--------+--------+
5 rows in set (0.00 sec)

MariaDB [sample_db]> update Employee set EmpExp=3 where EmpName like '%h%';
Query OK, 3 rows affected (0.03 sec)
Rows matched: 3  Changed: 3  Warnings: 0

MariaDB [sample_db]> select * from Employee;
+---------+---------+-----------+----------+--------+--------+
| EmpName | EmpDept | EmpSalary | EmpDesig | EmpAge | EmpExp |
+---------+---------+-----------+----------+--------+--------+
| chandra | MIS     |     12000 | Jr SE    |     23 |      3 |
| Anandh  | MIS     |     12000 | Jr SE    |     23 |      3 |
| Anandhi | MIS     |     12000 | Sr SE    |     27 |      3 |
| Kamal   | HRD     |     15000 | Sr HR    |     32 |      2 |
| Kamala  | HRD     |     10000 | Jr HR    |     30 |      2 |
+---------+---------+-----------+----------+--------+--------+
5 rows in set (0.00 sec)

MariaDB [sample_db]> select EmpDept,count(*) from Employee group by EmpDept;
+---------+----------+
| EmpDept | count(*) |
+---------+----------+
| HRD     |        2 |
| MIS     |        3 |
+---------+----------+
2 rows in set (0.01 sec)

MariaDB [sample_db]> select EmpDept,sum(EmpSalary) from Employee group by EmpDept;
+---------+----------------+
| EmpDept | sum(EmpSalary) |
+---------+----------------+
| HRD     |          25000 |
| MIS     |          36000 |
+---------+----------------+
2 rows in set (0.02 sec)

MariaDB [sample_db]> insert into Employee values('Kamal hassan','Sr Mgmt',32000,'MD',42);
ERROR 1136 (21S01): Column count doesn't match value count at row 1
MariaDB [sample_db]> insert into Employee values('Kamal hassan','Sr Mgmt',32000,'MD',42,15);
Query OK, 1 row affected (0.03 sec)

MariaDB [sample_db]> select * from Employee;
+--------------+---------+-----------+----------+--------+--------+
| EmpName      | EmpDept | EmpSalary | EmpDesig | EmpAge | EmpExp |
+--------------+---------+-----------+----------+--------+--------+
| chandra      | MIS     |     12000 | Jr SE    |     23 |      3 |
| Anandh       | MIS     |     12000 | Jr SE    |     23 |      3 |
| Anandhi      | MIS     |     12000 | Sr SE    |     27 |      3 |
| Kamal        | HRD     |     15000 | Sr HR    |     32 |      2 |
| Kamala       | HRD     |     10000 | Jr HR    |     30 |      2 |
| Kamal hassan | Sr Mgmt |     32000 | MD       |     42 |     15 |
+--------------+---------+-----------+----------+--------+--------+
6 rows in set (0.01 sec)
rchar(25),
    -> EmpSalary  number(7),
    -> EmpDesig varchar(20),
    -> EmpAge number(2));
ERROR 1064 (42000): You have an error in your SQL syntax; check the manual that corresponds to your MariaDB server version for the right syntax to use near 'number(7),
EmpDesig varchar(20),
EmpAge number(2))' at line 4
MariaDB [sample_db]> create table Employee
    -> (EmpName varchar(25),
    -> EmpDept varchar(25),
    -> EmpSalary  int(7),
    -> EmpDesig vchandrasekar@client50:~$ mysql -u root -p
Enter password: 
Welcome to the MariaDB monitor.  Commands end with ; or \g.
Your MariaDB connection id is 31
Server version: 5.5.31-MariaDB-1~precise-log mariadb.org binary distribution

Copyright (c) 2000, 2013, Oracle, Monty Program Ab and others.

Type 'help;' or '\h' for help. Type '\c' to clear the current input statement.

MariaDB [(none)]> create database sample_db;
Query OK, 1 row affected (0.03 sec)

MariaDB [(none)]> show databases;
+--------------------+
| Database           |
+--------------------+
| information_schema |
| mysql              |
| performance_schema |
| sample_db          |
+--------------------+
4 rows in set (0.01 sec)

MariaDB [(none)]> create table Employee
    -> (EmpName varchar(25),
    -> EmpDept varchar(25),
    -> EmpSalary  number(7),
    -> EmpDesig varchar(20),
    -> );
ERROR 1046 (3D000): No database selected
MariaDB [(none)]> use sample_db;
Database changed
MariaDB [sample_db]> create table Employee
    ->     -> (EmpName varchar(25),
    ->     -> EmpDept varchar(25),
    ->     -> EmpSalary  number(7),
    ->     -> EmpDesig varchar(20),
    ->     -> 
    -> );
ERROR 1064 (42000): You have an error in your SQL syntax; check the manual that corresponds to your MariaDB server version for the right syntax to use near '-> (EmpName varchar(25),
    -> EmpDept varchar(25),
    -> EmpSalary  number(7)' at line 2
MariaDB [sample_db]> create table Employee
    -> (EmpName varchar(25),
    -> EmpDept varchar(25),
    -> EmpSalary  number(7),
    -> EmpDesig varchar(20),
    -> EmpAge number(2));
ERROR 1064 (42000): You have an error in your SQL syntax; check the manual that corresponds to your MariaDB server version for the right syntax to use near 'number(7),
EmpDesig varchar(20),
EmpAge number(2))' at line 4
MariaDB [sample_db]> create table Employee
    -> (EmpName varchar(25),
    -> EmpDept varchar(25),
    -> EmpSalary  int(7),
    -> EmpDesig varchar(20),
    -> EmpAge int(2));
Query OK, 0 rows affected (0.28 sec)

MariaDB [sample_db]> insert into Sample_db values('chandra','MIS',12000,'Jr SE',23);
ERROR 1146 (42S02): Table 'sample_db.Sample_db' doesn't exist
MariaDB [sample_db]> insert into Employee values('chandra','MIS',12000,'Jr SE',23);Query OK, 1 row affected (0.05 sec)

MariaDB [sample_db]> show Employee;
ERROR 1064 (42000): You have an error in your SQL syntax; check the manual that corresponds to your MariaDB server version for the right syntax to use near 'Employee' at line 1
MariaDB [sample_db]> select * from Employee;
+---------+---------+-----------+----------+--------+
| EmpName | EmpDept | EmpSalary | EmpDesig | EmpAge |
+---------+---------+-----------+----------+--------+
| chandra | MIS     |     12000 | Jr SE    |     23 |
+---------+---------+-----------+----------+--------+
1 row in set (0.00 sec)

MariaDB [sample_db]> insert into Employee values('Anandh','MIS',12000,'Jr SE',23);
Query OK, 1 row affected (0.02 sec)

MariaDB [sample_db]> insert into Employee values('Anandhi','MIS',12000,'Sr SE',27);
Query OK, 1 row affected (0.02 sec)

MariaDB [sample_db]> insert into Employee values('Kamal','HRD',15000,'Sr HR',32);
Query OK, 1 row affected (0.02 sec)

MariaDB [sample_db]> insert into Employee values('Kamala','HRD',10000,'Jr HR',28);
Query OK, 1 row affected (0.03 sec)

MariaDB [sample_db]> select * from Employee;
+---------+---------+-----------+----------+--------+
| EmpName | EmpDept | EmpSalary | EmpDesig | EmpAge |
+---------+---------+-----------+----------+--------+
| chandra | MIS     |     12000 | Jr SE    |     23 |
| Anandh  | MIS     |     12000 | Jr SE    |     23 |
| Anandhi | MIS     |     12000 | Sr SE    |     27 |
| Kamal   | HRD     |     15000 | Sr HR    |     32 |
| Kamala  | HRD     |     10000 | Jr HR    |     28 |
+---------+---------+-----------+----------+--------+
5 rows in set (0.00 sec)

MariaDB [sample_db]> update Employee set EmpAge=30 where EmpName='Kamala';
Query OK, 1 row affected (0.04 sec)
Rows matched: 1  Changed: 1  Warnings: 0

MariaDB [sample_db]> select * from Employee;
+---------+---------+-----------+----------+--------+
| EmpName | EmpDept | EmpSalary | EmpDesig | EmpAge |
+---------+---------+-----------+----------+--------+
| chandra | MIS     |     12000 | Jr SE    |     23 |
| Anandh  | MIS     |     12000 | Jr SE    |     23 |
| Anandhi | MIS     |     12000 | Sr SE    |     27 |
| Kamal   | HRD     |     15000 | Sr HR    |     32 |
| Kamala  | HRD     |     10000 | Jr HR    |     30 |
+---------+---------+-----------+----------+--------+
5 rows in set (0.00 sec)

MariaDB [sample_db]> select distinct EmpSalary from Employee where EmpDept like 'HRD';
+-----------+
| EmpSalary |
+-----------+
|     15000 |
|     10000 |
+-----------+
2 rows in set (0.03 sec)

MariaDB [sample_db]> alter table Employee add(EmpExp int(3));
Query OK, 5 rows affected (0.28 sec)               
Records: 5  Duplicates: 0  Warnings: 0

MariaDB [sample_db]> select * from Employee;
+---------+---------+-----------+----------+--------+--------+
| EmpName | EmpDept | EmpSalary | EmpDesig | EmpAge | EmpExp |
+---------+---------+-----------+----------+--------+--------+
| chandra | MIS     |     12000 | Jr SE    |     23 |   NULL |
| Anandh  | MIS     |     12000 | Jr SE    |     23 |   NULL |
| Anandhi | MIS     |     12000 | Sr SE    |     27 |   NULL |
| Kamal   | HRD     |     15000 | Sr HR    |     32 |   NULL |
| Kamala  | HRD     |     10000 | Jr HR    |     30 |   NULL |
+---------+---------+-----------+----------+--------+--------+
5 rows in set (0.00 sec)

MariaDB [sample_db]> update Employee set EmpExp=2 where EmpName='___n%';
Query OK, 0 rows affected (0.00 sec)
Rows matched: 0  Changed: 0  Warnings: 0

MariaDB [sample_db]> select * from Employee;
+---------+---------+-----------+----------+--------+--------+
| EmpName | EmpDept | EmpSalary | EmpDesig | EmpAge | EmpExp |
+---------+---------+-----------+----------+--------+--------+
| chandra | MIS     |     12000 | Jr SE    |     23 |   NULL |
| Anandh  | MIS     |     12000 | Jr SE    |     23 |   NULL |
| Anandhi | MIS     |     12000 | Sr SE    |     27 |   NULL |
| Kamal   | HRD     |     15000 | Sr HR    |     32 |   NULL |
| Kamala  | HRD     |     10000 | Jr HR    |     30 |   NULL |
+---------+---------+-----------+----------+--------+--------+
5 rows in set (0.00 sec)

MariaDB [sample_db]> update Employee set EmpExp=2;
Query OK, 5 rows affected (0.06 sec)
Rows matched: 5  Changed: 5  Warnings: 0

MariaDB [sample_db]> update Employee set EmpExp=2 where EmpName='%h%';
Query OK, 0 rows affected (0.00 sec)
Rows matched: 0  Changed: 0  Warnings: 0

MariaDB [sample_db]> update Employee set EmpExp=2 where EmpName like '%h%';
Query OK, 0 rows affected (0.03 sec)
Rows matched: 3  Changed: 0  Warnings: 0

MariaDB [sample_db]> select * from Employee;
+---------+---------+-----------+----------+--------+--------+
| EmpName | EmpDept | EmpSalary | EmpDesig | EmpAge | EmpExp |
+---------+---------+-----------+----------+--------+--------+
| chandra | MIS     |     12000 | Jr SE    |     23 |      2 |
| Anandh  | MIS     |     12000 | Jr SE    |     23 |      2 |
| Anandhi | MIS     |     12000 | Sr SE    |     27 |      2 |
| Kamal   | HRD     |     15000 | Sr HR    |     32 |      2 |
| Kamala  | HRD     |     10000 | Jr HR    |     30 |      2 |
+---------+---------+-----------+----------+--------+--------+
5 rows in set (0.00 sec)

MariaDB [sample_db]> update Employee set EmpExp=3 where EmpName like '%h%';
Query OK, 3 rows affected (0.03 sec)
Rows matched: 3  Changed: 3  Warnings: 0

MariaDB [sample_db]> select * from Employee;
+---------+---------+-----------+----------+--------+--------+
| EmpName | EmpDept | EmpSalary | EmpDesig | EmpAge | EmpExp |
+---------+---------+-----------+----------+--------+--------+
| chandra | MIS     |     12000 | Jr SE    |     23 |      3 |
| Anandh  | MIS     |     12000 | Jr SE    |     23 |      3 |
| Anandhi | MIS     |     12000 | Sr SE    |     27 |      3 |
| Kamal   | HRD     |     15000 | Sr HR    |     32 |      2 |
| Kamala  | HRD     |     10000 | Jr HR    |     30 |      2 |
+---------+---------+-----------+----------+--------+--------+
5 rows in set (0.00 sec)

MariaDB [sample_db]> select EmpDept,count(*) from Employee group by EmpDept;
+---------+----------+
| EmpDept | count(*) |
+---------+----------+
| HRD     |        2 |
| MIS     |        3 |
+---------+----------+
2 rows in set (0.01 sec)

MariaDB [sample_db]> select EmpDept,sum(EmpSalary) from Employee group by EmpDept;
+---------+----------------+
| EmpDept | sum(EmpSalary) |
+---------+----------------+
| HRD     |          25000 |
| MIS     |          36000 |
+---------+----------------+
2 rows in set (0.02 sec)

MariaDB [sample_db]> insert into Employee values('Kamal hassan','Sr Mgmt',32000,'MD',42);
ERROR 1136 (21S01): Column count doesn't match value count at row 1
MariaDB [sample_db]> insert into Employee values('Kamal hassan','Sr Mgmt',32000,'MD',42,15);
Query OK, 1 row affected (0.03 sec)

MariaDB [sample_db]> select * from Employee;
+--------------+---------+-----------+----------+--------+--------+
| EmpName      | EmpDept | EmpSalary | EmpDesig | EmpAge | EmpExp |
+--------------+---------+-----------+----------+--------+--------+
| chandra      | MIS     |     12000 | Jr SE    |     23 |      3 |
| Anandh       | MIS     |     12000 | Jr SE    |     23 |      3 |
| Anandhi      | MIS     |     12000 | Sr SE    |     27 |      3 |
| Kamal        | HRD     |     15000 | Sr HR    |     32 |      2 |
| Kamala       | HRD     |     10000 | Jr HR    |     30 |      2 |
| Kamal hassan | Sr Mgmt |     32000 | MD       |     42 |     15 |
+--------------+---------+-----------+----------+--------+--------+
6 rows in set (0.01 sec)
archar(20),
    -> EmpAge int(2));
Query OK, 0 rows affected (0.28 sec)

MariaDB [sample_db]> insert into Sample_db values('chandra','MIS',12000,'Jr SE',23);
ERROR 1146 (42S02): Table 'sample_db.Sample_db' doesn't exist
MariaDB [sample_db]> insert into Employee values('chandra','MIS',12000,'Jr SE',23);Query OK, 1 row affected (0.05 sec)

MariaDB [sample_db]> show Employee;
ERROR 1064 (42000): You have an error in your SQL syntax; check the manual that corresponds to your MariaDB server version for the right syntax to use near 'Employee' at line 1
MariaDB [sample_db]> select * from Employee;
+---------+---------+-----------+----------+--------+
| EmpName | EmpDept | EmpSalary | EmpDesig | EmpAge |
+---------+---------+-----------+----------+--------+
| chandra | MIS  chandrasekar@client50:~$ mysql -u root -p
Enter password: 
Welcome to the MariaDB monitor.  Commands end with ; or \g.
Your MariaDB connection id is 31
Server version: 5.5.31-MariaDB-1~precise-log mariadb.org binary distribution

Copyright (c) 2000, 2013, Oracle, Monty Program Ab and others.

Type 'help;' or '\h' for help. Type '\c' to clear the current input statement.

MariaDB [(none)]> create database sample_db;
Query OK, 1 row affected (0.03 sec)

MariaDB [(none)]> show databases;
+--------------------+
| Database           |
+--------------------+
| information_schema |
| mysql              |
| performance_schema |
| sample_db          |
+--------------------+
4 rows in set (0.01 sec)

MariaDB [(none)]> create table Employee
    -> (EmpName varchar(25),
    -> EmpDept varchar(25),
    -> EmpSalary  number(7),
    -> EmpDesig varchar(20),
    -> );
ERROR 1046 (3D000): No database selected
MariaDB [(none)]> use sample_db;
Database changed
MariaDB [sample_db]> create table Employee
    ->     -> (EmpName varchar(25),
    ->     -> EmpDept varchar(25),
    ->     -> EmpSalary  number(7),
    ->     -> EmpDesig varchar(20),
    ->     -> 
    -> );
ERROR 1064 (42000): You have an error in your SQL syntax; check the manual that corresponds to your MariaDB server version for the right syntax to use near '-> (EmpName varchar(25),
    -> EmpDept varchar(25),
    -> EmpSalary  number(7)' at line 2
MariaDB [sample_db]> create table Employee
    -> (EmpName varchar(25),
    -> EmpDept varchar(25),
    -> EmpSalary  number(7),
    -> EmpDesig varchar(20),
    -> EmpAge number(2));
ERROR 1064 (42000): You have an error in your SQL syntax; check the manual that corresponds to your MariaDB server version for the right syntax to use near 'number(7),
EmpDesig varchar(20),
EmpAge number(2))' at line 4
MariaDB [sample_db]> create table Employee
    -> (EmpName varchar(25),
    -> EmpDept varchar(25),
    -> EmpSalary  int(7),
    -> EmpDesig varchar(20),
    -> EmpAge int(2));
Query OK, 0 rows affected (0.28 sec)

MariaDB [sample_db]> insert into Sample_db values('chandra','MIS',12000,'Jr SE',23);
ERROR 1146 (42S02): Table 'sample_db.Sample_db' doesn't exist
MariaDB [sample_db]> insert into Employee values('chandra','MIS',12000,'Jr SE',23);Query OK, 1 row affected (0.05 sec)

MariaDB [sample_db]> show Employee;
ERROR 1064 (42000): You have an error in your SQL syntax; check the manual that corresponds to your MariaDB server version for the right syntax to use near 'Employee' at line 1
MariaDB [sample_db]> select * from Employee;
+---------+---------+-----------+----------+--------+
| EmpName | EmpDept | EmpSalary | EmpDesig | EmpAge |
+---------+---------+-----------+----------+--------+
| chandra | MIS     |     12000 | Jr SE    |     23 |
+---------+---------+-----------+----------+--------+
1 row in set (0.00 sec)

MariaDB [sample_db]> insert into Employee values('Anandh','MIS',12000,'Jr SE',23);
Query OK, 1 row affected (0.02 sec)

MariaDB [sample_db]> insert into Employee values('Anandhi','MIS',12000,'Sr SE',27);
Query OK, 1 row affected (0.02 sec)

MariaDB [sample_db]> insert into Employee values('Kamal','HRD',15000,'Sr HR',32);
Query OK, 1 row affected (0.02 sec)

MariaDB [sample_db]> insert into Employee values('Kamala','HRD',10000,'Jr HR',28);
Query OK, 1 row affected (0.03 sec)

MariaDB [sample_db]> select * from Employee;
+---------+---------+-----------+----------+--------+
| EmpName | EmpDept | EmpSalary | EmpDesig | EmpAge |
+---------+---------+-----------+----------+--------+
| chandra | MIS     |     12000 | Jr SE    |     23 |
| Anandh  | MIS     |     12000 | Jr SE    |     23 |
| Anandhi | MIS     |     12000 | Sr SE    |     27 |
| Kamal   | HRD     |     15000 | Sr HR    |     32 |
| Kamala  | HRD     |     10000 | Jr HR    |     28 |
+---------+---------+-----------+----------+--------+
5 rows in set (0.00 sec)

MariaDB [sample_db]> update Employee set EmpAge=30 where EmpName='Kamala';
Query OK, 1 row affected (0.04 sec)
Rows matched: 1  Changed: 1  Warnings: 0

MariaDB [sample_db]> select * from Employee;
+---------+---------+-----------+----------+--------+
| EmpName | EmpDept | EmpSalary | EmpDesig | EmpAge |
+---------+---------+-----------+----------+--------+
| chandra | MIS     |     12000 | Jr SE    |     23 |
| Anandh  | MIS     |     12000 | Jr SE    |     23 |
| Anandhi | MIS     |     12000 | Sr SE    |     27 |
| Kamal   | HRD     |     15000 | Sr HR    |     32 |
| Kamala  | HRD     |     10000 | Jr HR    |     30 |
+---------+---------+-----------+----------+--------+
5 rows in set (0.00 sec)

MariaDB [sample_db]> select distinct EmpSalary from Employee where EmpDept like 'HRD';
+-----------+
| EmpSalary |
+-----------+
|     15000 |
|     10000 |
+-----------+
2 rows in set (0.03 sec)

MariaDB [sample_db]> alter table Employee add(EmpExp int(3));
Query OK, 5 rows affected (0.28 sec)               
Records: 5  Duplicates: 0  Warnings: 0

MariaDB [sample_db]> select * from Employee;
+---------+---------+-----------+----------+--------+--------+
| EmpName | EmpDept | EmpSalary | EmpDesig | EmpAge | EmpExp |
+---------+---------+-----------+----------+--------+--------+
| chandra | MIS     |     12000 | Jr SE    |     23 |   NULL |
| Anandh  | MIS     |     12000 | Jr SE    |     23 |   NULL |
| Anandhi | MIS     |     12000 | Sr SE    |     27 |   NULL |
| Kamal   | HRD     |     15000 | Sr HR    |     32 |   NULL |
| Kamala  | HRD     |     10000 | Jr HR    |     30 |   NULL |
+---------+---------+-----------+----------+--------+--------+
5 rows in set (0.00 sec)

MariaDB [sample_db]> update Employee set EmpExp=2 where EmpName='___n%';
Query OK, 0 rows affected (0.00 sec)
Rows matched: 0  Changed: 0  Warnings: 0

MariaDB [sample_db]> select * from Employee;
+---------+---------+-----------+----------+--------+--------+
| EmpName | EmpDept | EmpSalary | EmpDesig | EmpAge | EmpExp |
+---------+---------+-----------+----------+--------+--------+
| chandra | MIS     |     12000 | Jr SE    |     23 |   NULL |
| Anandh  | MIS     |     12000 | Jr SE    |     23 |   NULL |
| Anandhi | MIS     |     12000 | Sr SE    |     27 |   NULL |
| Kamal   | HRD     |     15000 | Sr HR    |     32 |   NULL |
| Kamala  | HRD     |     10000 | Jr HR    |     30 |   NULL |
+---------+---------+-----------+----------+--------+--------+
5 rows in set (0.00 sec)

MariaDB [sample_db]> update Employee set EmpExp=2;
Query OK, 5 rows affected (0.06 sec)
Rows matched: 5  Changed: 5  Warnings: 0

MariaDB [sample_db]> update Employee set EmpExp=2 where EmpName='%h%';
Query OK, 0 rows affected (0.00 sec)
Rows matched: 0  Changed: 0  Warnings: 0

MariaDB [sample_db]> update Employee set EmpExp=2 where EmpName like '%h%';
Query OK, 0 rows affected (0.03 sec)
Rows matched: 3  Changed: 0  Warnings: 0

MariaDB [sample_db]> select * from Employee;
+---------+---------+-----------+----------+--------+--------+
| EmpName | EmpDept | EmpSalary | EmpDesig | EmpAge | EmpExp |
+---------+---------+-----------+----------+--------+--------+
| chandra | MIS     |     12000 | Jr SE    |     23 |      2 |
| Anandh  | MIS     |     12000 | Jr SE    |     23 |      2 |
| Anandhi | MIS     |     12000 | Sr SE    |     27 |      2 |
| Kamal   | HRD     |     15000 | Sr HR    |     32 |      2 |
| Kamala  | HRD     |     10000 | Jr HR    |     30 |      2 |
+---------+---------+-----------+----------+--------+--------+
5 rows in set (0.00 sec)

MariaDB [sample_db]> update Employee set EmpExp=3 where EmpName like '%h%';
Query OK, 3 rows affected (0.03 sec)
Rows matched: 3  Changed: 3  Warnings: 0

MariaDB [sample_db]> select * from Employee;
+---------+---------+-----------+----------+--------+--------+
| EmpName | EmpDept | EmpSalary | EmpDesig | EmpAge | EmpExp |
+---------+---------+-----------+----------+--------+--------+
| chandra | MIS     |     12000 | Jr SE    |     23 |      3 |
| Anandh  | MIS     |     12000 | Jr SE    |     23 |      3 |
| Anandhi | MIS     |     12000 | Sr SE    |     27 |      3 |
| Kamal   | HRD     |     15000 | Sr HR    |     32 |      2 |
| Kamala  | HRD     |     10000 | Jr HR    |     30 |      2 |
+---------+---------+-----------+----------+--------+--------+
5 rows in set (0.00 sec)

MariaDB [sample_db]> select EmpDept,count(*) from Employee group by EmpDept;
+---------+----------+
| EmpDept | count(*) |
+---------+----------+
| HRD     |        2 |
| MIS     |        3 |
+---------+----------+
2 rows in set (0.01 sec)

MariaDB [sample_db]> select EmpDept,sum(EmpSalary) from Employee group by EmpDept;
+---------+----------------+
| EmpDept | sum(EmpSalary) |
+---------+----------------+
| HRD     |          25000 |
| MIS     |          36000 |
+---------+----------------+
2 rows in set (0.02 sec)

MariaDB [sample_db]> insert into Employee values('Kamal hassan','Sr Mgmt',32000,'MD',42);
ERROR 1136 (21S01): Column count doesn't match value count at row 1
MariaDB [sample_db]> insert into Employee values('Kamal hassan','Sr Mgmt',32000,'MD',42,15);
Query OK, 1 row affected (0.03 sec)

MariaDB [sample_db]> select * from Employee;
+--------------+---------+-----------+----------+--------+--------+
| EmpName      | EmpDept | EmpSalary | EmpDesig | EmpAge | EmpExp |
+--------------+---------+-----------+----------+--------+--------+
| chandra      | MIS     |     12000 | Jr SE    |     23 |      3 |
| Anandh       | MIS     |     12000 | Jr SE    |     23 |      3 |
| Anandhi      | MIS     |     12000 | Sr SE    |     27 |      3 |
| Kamal        | HRD     |     15000 | Sr HR    |     32 |      2 |
| Kamala       | HRD     |     10000 | Jr HR    |     30 |      2 |
| Kamal hassan | Sr Mgmt |     32000 | MD       |     42 |     15 |
+--------------+---------+-----------+----------+--------+--------+
6 rows in set (0.01 sec)
   |     12000 | Jr SE    |     23 |
+---------+---------+-----------+----------+--------+
1 row in set (0.00 sec)

MariaDB [sample_db]> insert into Employee values('Anandh','MIS',12000,'Jr SE',23);
Query OK, 1 row affected (0.02 sec)

MariaDB [sample_db]> insert into Employee values('Anandhi','MIS',12000,'Sr SE',27);
Query OK, 1 row affected (0.02 sec)
chandrasekar@client50:~$ mysql -u root -p
Enter password: 
Welcome to the MariaDB monitor.  Commands end with ; or \g.
Your MariaDB connection id is 31
Server version: 5.5.31-MariaDB-1~precise-log mariadb.org binary distribution

Copyright (c) 2000, 2013, Oracle, Monty Program Ab and others.

Type 'help;' or '\h' for help. Type '\c' to clear the current input statement.

MariaDB [(none)]> create database sample_db;
Query OK, 1 row affected (0.03 sec)

MariaDB [(none)]> show databases;
+--------------------+
| Database           |
+--------------------+
| information_schema |
| mysql              |
| performance_schema |
| sample_db          |
+--------------------+
4 rows in set (0.01 sec)

MariaDB [(none)]> create table Employee
    -> (EmpName varchar(25),
    -> EmpDept varchar(25),
    -> EmpSalary  number(7),
    -> EmpDesig varchar(20),
    -> );
ERROR 1046 (3D000): No database selected
MariaDB [(none)]> use sample_db;
Database changed
MariaDB [sample_db]> create table Employee
    ->     -> (EmpName varchar(25),
    ->     -> EmpDept varchar(25),
    ->     -> EmpSalary  number(7),
    ->     -> EmpDesig varchar(20),
    ->     -> 
    -> );
ERROR 1064 (42000): You have an error in your SQL syntax; check the manual that corresponds to your MariaDB server version for the right syntax to use near '-> (EmpName varchar(25),
    -> EmpDept varchar(25),
    -> EmpSalary  number(7)' at line 2
MariaDB [sample_db]> create table Employee
    -> (EmpName varchar(25),
    -> EmpDept varchar(25),
    -> EmpSalary  number(7),
    -> EmpDesig varchar(20),
    -> EmpAge number(2));
ERROR 1064 (42000): You have an error in your SQL syntax; check the manual that corresponds to your MariaDB server version for the right syntax to use near 'number(7),
EmpDesig varchar(20),
EmpAge number(2))' at line 4
MariaDB [sample_db]> create table Employee
    -> (EmpName varchar(25),
    -> EmpDept varchar(25),
    -> EmpSalary  int(7),
    -> EmpDesig varchar(20),
    -> EmpAge int(2));
Query OK, 0 rows affected (0.28 sec)

MariaDB [sample_db]> insert into Sample_db values('chandra','MIS',12000,'Jr SE',23);
ERROR 1146 (42S02): Table 'sample_db.Sample_db' doesn't exist
MariaDB [sample_db]> insert into Employee values('chandra','MIS',12000,'Jr SE',23);Query OK, 1 row affected (0.05 sec)

MariaDB [sample_db]> show Employee;
ERROR 1064 (42000): You have an error in your SQL syntax; check the manual that corresponds to your MariaDB server version for the right syntax to use near 'Employee' at line 1
MariaDB [sample_db]> select * from Employee;
+---------+---------+-----------+----------+--------+
| EmpName | EmpDept | EmpSalary | EmpDesig | EmpAge |
+---------+---------+-----------+----------+--------+
| chandra | MIS     |     12000 | Jr SE    |     23 |
+---------+---------+-----------+----------+--------+
1 row in set (0.00 sec)

MariaDB [sample_db]> insert into Employee values('Anandh','MIS',12000,'Jr SE',23);
Query OK, 1 row affected (0.02 sec)

MariaDB [sample_db]> insert into Employee values('Anandhi','MIS',12000,'Sr SE',27);
Query OK, 1 row affected (0.02 sec)

MariaDB [sample_db]> insert into Employee values('Kamal','HRD',15000,'Sr HR',32);
Query OK, 1 row affected (0.02 sec)

MariaDB [sample_db]> insert into Employee values('Kamala','HRD',10000,'Jr HR',28);
Query OK, 1 row affected (0.03 sec)

MariaDB [sample_db]> select * from Employee;
+---------+---------+-----------+----------+--------+
| EmpName | EmpDept | EmpSalary | EmpDesig | EmpAge |
+---------+---------+-----------+----------+--------+
| chandra | MIS     |     12000 | Jr SE    |     23 |
| Anandh  | MIS     |     12000 | Jr SE    |     23 |
| Anandhi | MIS     |     12000 | Sr SE    |     27 |
| Kamal   | HRD     |     15000 | Sr HR    |     32 |
| Kamala  | HRD     |     10000 | Jr HR    |     28 |
+---------+---------+-----------+----------+--------+
5 rows in set (0.00 sec)

MariaDB [sample_db]> update Employee set EmpAge=30 where EmpName='Kamala';
Query OK, 1 row affected (0.04 sec)
Rows matched: 1  Changed: 1  Warnings: 0

MariaDB [sample_db]> select * from Employee;
+---------+---------+-----------+----------+--------+
| EmpName | EmpDept | EmpSalary | EmpDesig | EmpAge |
+---------+---------+-----------+----------+--------+
| chandra | MIS     |     12000 | Jr SE    |     23 |
| Anandh  | MIS     |     12000 | Jr SE    |     23 |
| Anandhi | MIS     |     12000 | Sr SE    |     27 |
| Kamal   | HRD     |     15000 | Sr HR    |     32 |
| Kamala  | HRD     |     10000 | Jr HR    |     30 |
+---------+---------+-----------+----------+--------+
5 rows in set (0.00 sec)

MariaDB [sample_db]> select distinct EmpSalary from Employee where EmpDept like 'HRD';
+-----------+
| EmpSalary |
+-----------+
|     15000 |
|     10000 |
+-----------+
2 rows in set (0.03 sec)

MariaDB [sample_db]> alter table Employee add(EmpExp int(3));
Query OK, 5 rows affected (0.28 sec)               
Records: 5  Duplicates: 0  Warnings: 0

MariaDB [sample_db]> select * from Employee;
+---------+---------+-----------+----------+--------+--------+
| EmpName | EmpDept | EmpSalary | EmpDesig | EmpAge | EmpExp |
+---------+---------+-----------+----------+--------+--------+
| chandra | MIS     |     12000 | Jr SE    |     23 |   NULL |
| Anandh  | MIS     |     12000 | Jr SE    |     23 |   NULL |
| Anandhi | MIS     |     12000 | Sr SE    |     27 |   NULL |
| Kamal   | HRD     |     15000 | Sr HR    |     32 |   NULL |
| Kamala  | HRD     |     10000 | Jr HR    |     30 |   NULL |
+---------+---------+-----------+----------+--------+--------+
5 rows in set (0.00 sec)

MariaDB [sample_db]> update Employee set EmpExp=2 where EmpName='___n%';
Query OK, 0 rows affected (0.00 sec)
Rows matched: 0  Changed: 0  Warnings: 0

MariaDB [sample_db]> select * from Employee;
+---------+---------+-----------+----------+--------+--------+
| EmpName | EmpDept | EmpSalary | EmpDesig | EmpAge | EmpExp |
+---------+---------+-----------+----------+--------+--------+
| chandra | MIS     |     12000 | Jr SE    |     23 |   NULL |
| Anandh  | MIS     |     12000 | Jr SE    |     23 |   NULL |
| Anandhi | MIS     |     12000 | Sr SE    |     27 |   NULL |
| Kamal   | HRD     |     15000 | Sr HR    |     32 |   NULL |
| Kamala  | HRD     |     10000 | Jr HR    |     30 |   NULL |
+---------+---------+-----------+----------+--------+--------+
5 rows in set (0.00 sec)

MariaDB [sample_db]> update Employee set EmpExp=2;
Query OK, 5 rows affected (0.06 sec)
Rows matched: 5  Changed: 5  Warnings: 0

MariaDB [sample_db]> update Employee set EmpExp=2 where EmpName='%h%';
Query OK, 0 rows affected (0.00 sec)
Rows matched: 0  Changed: 0  Warnings: 0

MariaDB [sample_db]> update Employee set EmpExp=2 where EmpName like '%h%';
Query OK, 0 rows affected (0.03 sec)
Rows matched: 3  Changed: 0  Warnings: 0

MariaDB [sample_db]> select * from Employee;
+---------+---------+-----------+----------+--------+--------+
| EmpName | EmpDept | EmpSalary | EmpDesig | EmpAge | EmpExp |
+---------+---------+-----------+----------+--------+--------+
| chandra | MIS     |     12000 | Jr SE    |     23 |      2 |
| Anandh  | MIS     |     12000 | Jr SE    |     23 |      2 |
| Anandhi | MIS     |     12000 | Sr SE    |     27 |      2 |
| Kamal   | HRD     |     15000 | Sr HR    |     32 |      2 |
| Kamala  | HRD     |     10000 | Jr HR    |     30 |      2 |
+---------+---------+-----------+----------+--------+--------+
5 rows in set (0.00 sec)

MariaDB [sample_db]> update Employee set EmpExp=3 where EmpName like '%h%';
Query OK, 3 rows affected (0.03 sec)
Rows matched: 3  Changed: 3  Warnings: 0

MariaDB [sample_db]> select * from Employee;
+---------+---------+-----------+----------+--------+--------+
| EmpName | EmpDept | EmpSalary | EmpDesig | EmpAge | EmpExp |
+---------+---------+-----------+----------+--------+--------+
| chandra | MIS     |     12000 | Jr SE    |     23 |      3 |
| Anandh  | MIS     |     12000 | Jr SE    |     23 |      3 |
| Anandhi | MIS     |     12000 | Sr SE    |     27 |      3 |
| Kamal   | HRD     |     15000 | Sr HR    |     32 |      2 |
| Kamala  | HRD     |     10000 | Jr HR    |     30 |      2 |
+---------+---------+-----------+----------+--------+--------+
5 rows in set (0.00 sec)

MariaDB [sample_db]> select EmpDept,count(*) from Employee group by EmpDept;
+---------+----------+
| EmpDept | count(*) |
+---------+----------+
| HRD     |        2 |
| MIS     |        3 |
+---------+----------+
2 rows in set (0.01 sec)

MariaDB [sample_db]> select EmpDept,sum(EmpSalary) from Employee group by EmpDept;
+---------+----------------+
| EmpDept | sum(EmpSalary) |
+---------+----------------+
| HRD     |          25000 |
| MIS     |          36000 |
+---------+----------------+
2 rows in set (0.02 sec)

MariaDB [sample_db]> insert into Employee values('Kamal hassan','Sr Mgmt',32000,'MD',42);
ERROR 1136 (21S01): Column count doesn't match value count at row 1
MariaDB [sample_db]> insert into Employee values('Kamal hassan','Sr Mgmt',32000,'MD',42,15);
Query OK, 1 row affected (0.03 sec)

MariaDB [sample_db]> select * from Employee;
+--------------+---------+-----------+----------+--------+--------+
| EmpName      | EmpDept | EmpSalary | EmpDesig | EmpAge | EmpExp |
+--------------+---------+-----------+----------+--------+--------+
| chandra      | MIS     |     12000 | Jr SE    |     23 |      3 |
| Anandh       | MIS     |     12000 | Jr SE    |     23 |      3 |
| Anandhi      | MIS     |     12000 | Sr SE    |     27 |      3 |
| Kamal        | HRD     |     15000 | Sr HR    |     32 |      2 |
| Kamala       | HRD     |     10000 | Jr HR    |     30 |      2 |
| Kamal hassan | Sr Mgmt |     32000 | MD       |     42 |     15 |
+--------------+---------+-----------+----------+--------+--------+
6 rows in set (0.01 sec)

MariaDB [sample_db]> insert into Employee values('Kamal','HRD',15000,'Sr HR',32);
Query OK, 1 row affected (0.02 sec)
chandrasekar@client50:~$ mysql -u root -p
Enter password: 
Welcome to the MariaDB monitor.  Commands end with ; or \g.
Your MariaDB connection id is 31
Server version: 5.5.31-MariaDB-1~precise-log mariadb.org binary distribution

Copyright (c) 2000, 2013, Oracle, Monty Program Ab and others.

Type 'help;' or '\h' for help. Type '\c' to clear the current input statement.

MariaDB [(none)]> create database sample_db;
Query OK, 1 row affected (0.03 sec)

MariaDB [(none)]> show databases;
+--------------------+
| Database           |
+--------------------+
| information_schema |
| mysql              |
| performance_schema |
| sample_db          |
+--------------------+
4 rows in set (0.01 sec)

MariaDB [(none)]> create table Employee
    -> (EmpName varchar(25),
    -> EmpDept varchar(25),
    -> EmpSalary  number(7),
    -> EmpDesig varchar(20),
    -> );
ERROR 1046 (3D000): No database selected
MariaDB [(none)]> use sample_db;
Database changed
MariaDB [sample_db]> create table Employee
    ->     -> (EmpName varchar(25),
    ->     -> EmpDept varchar(25),
    ->     -> EmpSalary  number(7),
    ->     -> EmpDesig varchar(20),
    ->     -> 
    -> );
ERROR 1064 (42000): You have an error in your SQL syntax; check the manual that corresponds to your MariaDB server version for the right syntax to use near '-> (EmpName varchar(25),
    -> EmpDept varchar(25),
    -> EmpSalary  number(7)' at line 2
MariaDB [sample_db]> create table Employee
    -> (EmpName varchar(25),
    -> EmpDept varchar(25),
    -> EmpSalary  number(7),
    -> EmpDesig varchar(20),
    -> EmpAge number(2));
ERROR 1064 (42000): You have an error in your SQL syntax; check the manual that corresponds to your MariaDB server version for the right syntax to use near 'number(7),
EmpDesig varchar(20),
EmpAge number(2))' at line 4
MariaDB [sample_db]> create table Employee
    -> (EmpName varchar(25),
    -> EmpDept varchar(25),
    -> EmpSalary  int(7),
    -> EmpDesig varchar(20),
    -> EmpAge int(2));
Query OK, 0 rows affected (0.28 sec)

MariaDB [sample_db]> insert into Sample_db values('chandra','MIS',12000,'Jr SE',23);
ERROR 1146 (42S02): Table 'sample_db.Sample_db' doesn't exist
MariaDB [sample_db]> insert into Employee values('chandra','MIS',12000,'Jr SE',23);Query OK, 1 row affected (0.05 sec)

MariaDB [sample_db]> show Employee;
ERROR 1064 (42000): You have an error in your SQL syntax; check the manual that corresponds to your MariaDB server version for the right syntax to use near 'Employee' at line 1
MariaDB [sample_db]> select * from Employee;
+---------+---------+-----------+----------+--------+
| EmpName | EmpDept | EmpSalary | EmpDesig | EmpAge |
+---------+---------+-----------+----------+--------+
| chandra | MIS     |     12000 | Jr SE    |     23 |
+---------+---------+-----------+----------+--------+
1 row in set (0.00 sec)

MariaDB [sample_db]> insert into Employee values('Anandh','MIS',12000,'Jr SE',23);
Query OK, 1 row affected (0.02 sec)

MariaDB [sample_db]> insert into Employee values('Anandhi','MIS',12000,'Sr SE',27);
Query OK, 1 row affected (0.02 sec)

MariaDB [sample_db]> insert into Employee values('Kamal','HRD',15000,'Sr HR',32);
Query OK, 1 row affected (0.02 sec)

MariaDB [sample_db]> insert into Employee values('Kamala','HRD',10000,'Jr HR',28);
Query OK, 1 row affected (0.03 sec)

MariaDB [sample_db]> select * from Employee;
+---------+---------+-----------+----------+--------+
| EmpName | EmpDept | EmpSalary | EmpDesig | EmpAge |
+---------+---------+-----------+----------+--------+
| chandra | MIS     |     12000 | Jr SE    |     23 |
| Anandh  | MIS     |     12000 | Jr SE    |     23 |
| Anandhi | MIS     |     12000 | Sr SE    |     27 |
| Kamal   | HRD     |     15000 | Sr HR    |     32 |
| Kamala  | HRD     |     10000 | Jr HR    |     28 |
+---------+---------+-----------+----------+--------+
5 rows in set (0.00 sec)

MariaDB [sample_db]> update Employee set EmpAge=30 where EmpName='Kamala';
Query OK, 1 row affected (0.04 sec)
Rows matched: 1  Changed: 1  Warnings: 0

MariaDB [sample_db]> select * from Employee;
+---------+---------+-----------+----------+--------+
| EmpName | EmpDept | EmpSalary | EmpDesig | EmpAge |
+---------+---------+-----------+----------+--------+
| chandra | MIS     |     12000 | Jr SE    |     23 |
| Anandh  | MIS     |     12000 | Jr SE    |     23 |
| Anandhi | MIS     |     12000 | Sr SE    |     27 |
| Kamal   | HRD     |     15000 | Sr HR    |     32 |
| Kamala  | HRD     |     10000 | Jr HR    |     30 |
+---------+---------+-----------+----------+--------+
5 rows in set (0.00 sec)

MariaDB [sample_db]> select distinct EmpSalary from Employee where EmpDept like 'HRD';
+-----------+
| EmpSalary |
+-----------+
|     15000 |
|     10000 |
+-----------+
2 rows in set (0.03 sec)

MariaDB [sample_db]> alter table Employee add(EmpExp int(3));
Query OK, 5 rows affected (0.28 sec)               
Records: 5  Duplicates: 0  Warnings: 0

MariaDB [sample_db]> select * from Employee;
+---------+---------+-----------+----------+--------+--------+
| EmpName | EmpDept | EmpSalary | EmpDesig | EmpAge | EmpExp |
+---------+---------+-----------+----------+--------+--------+
| chandra | MIS     |     12000 | Jr SE    |     23 |   NULL |
| Anandh  | MIS     |     12000 | Jr SE    |     23 |   NULL |
| Anandhi | MIS     |     12000 | Sr SE    |     27 |   NULL |
| Kamal   | HRD     |     15000 | Sr HR    |     32 |   NULL |
| Kamala  | HRD     |     10000 | Jr HR    |     30 |   NULL |
+---------+---------+-----------+----------+--------+--------+
5 rows in set (0.00 sec)

MariaDB [sample_db]> update Employee set EmpExp=2 where EmpName='___n%';
Query OK, 0 rows affected (0.00 sec)
Rows matched: 0  Changed: 0  Warnings: 0

MariaDB [sample_db]> select * from Employee;
+---------+---------+-----------+----------+--------+--------+
| EmpName | EmpDept | EmpSalary | EmpDesig | EmpAge | EmpExp |
+---------+---------+-----------+----------+--------+--------+
| chandra | MIS     |     12000 | Jr SE    |     23 |   NULL |
| Anandh  | MIS     |     12000 | Jr SE    |     23 |   NULL |
| Anandhi | MIS     |     12000 | Sr SE    |     27 |   NULL |
| Kamal   | HRD     |     15000 | Sr HR    |     32 |   NULL |
| Kamala  | HRD     |     10000 | Jr HR    |     30 |   NULL |
+---------+---------+-----------+----------+--------+--------+
5 rows in set (0.00 sec)

MariaDB [sample_db]> update Employee set EmpExp=2;
Query OK, 5 rows affected (0.06 sec)
Rows matched: 5  Changed: 5  Warnings: 0

MariaDB [sample_db]> update Employee set EmpExp=2 where EmpName='%h%';
Query OK, 0 rows affected (0.00 sec)
Rows matched: 0  Changed: 0  Warnings: 0

MariaDB [sample_db]> update Employee set EmpExp=2 where EmpName like '%h%';
Query OK, 0 rows affected (0.03 sec)
Rows matched: 3  Changed: 0  Warnings: 0

MariaDB [sample_db]> select * from Employee;
+---------+---------+-----------+----------+--------+--------+
| EmpName | EmpDept | EmpSalary | EmpDesig | EmpAge | EmpExp |
+---------+---------+-----------+----------+--------+--------+
| chandra | MIS     |     12000 | Jr SE    |     23 |      2 |
| Anandh  | MIS     |     12000 | Jr SE    |     23 |      2 |
| Anandhi | MIS     |     12000 | Sr SE    |     27 |      2 |
| Kamal   | HRD     |     15000 | Sr HR    |     32 |      2 |
| Kamala  | HRD     |     10000 | Jr HR    |     30 |      2 |
+---------+---------+-----------+----------+--------+--------+
5 rows in set (0.00 sec)

MariaDB [sample_db]> update Employee set EmpExp=3 where EmpName like '%h%';
Query OK, 3 rows affected (0.03 sec)
Rows matched: 3  Changed: 3  Warnings: 0

MariaDB [sample_db]> select * from Employee;
+---------+---------+-----------+----------+--------+--------+
| EmpName | EmpDept | EmpSalary | EmpDesig | EmpAge | EmpExp |
+---------+---------+-----------+----------+--------+--------+
| chandra | MIS     |     12000 | Jr SE    |     23 |      3 |
| Anandh  | MIS     |     12000 | Jr SE    |     23 |      3 |
| Anandhi | MIS     |     12000 | Sr SE    |     27 |      3 |
| Kamal   | HRD     |     15000 | Sr HR    |     32 |      2 |
| Kamala  | HRD     |     10000 | Jr HR    |     30 |      2 |
+---------+---------+-----------+----------+--------+--------+
5 rows in set (0.00 sec)

MariaDB [sample_db]> select EmpDept,count(*) from Employee group by EmpDept;
+---------+----------+
| EmpDept | count(*) |
+---------+----------+
| HRD     |        2 |
| MIS     |        3 |
+---------+----------+
2 rows in set (0.01 sec)

MariaDB [sample_db]> select EmpDept,sum(EmpSalary) from Employee group by EmpDept;
+---------+----------------+
| EmpDept | sum(EmpSalary) |
+---------+----------------+
| HRD     |          25000 |
| MIS     |          36000 |
+---------+----------------+
2 rows in set (0.02 sec)

MariaDB [sample_db]> insert into Employee values('Kamal hassan','Sr Mgmt',32000,'MD',42);
ERROR 1136 (21S01): Column count doesn't match value count at row 1
MariaDB [sample_db]> insert into Employee values('Kamal hassan','Sr Mgmt',32000,'MD',42,15);
Query OK, 1 row affected (0.03 sec)

MariaDB [sample_db]> select * from Employee;
+--------------+---------+-----------+----------+--------+--------+
| EmpName      | EmpDept | EmpSalary | EmpDesig | EmpAge | EmpExp |
+--------------+---------+-----------+----------+--------+--------+
| chandra      | MIS     |     12000 | Jr SE    |     23 |      3 |
| Anandh       | MIS     |     12000 | Jr SE    |     23 |      3 |
| Anandhi      | MIS     |     12000 | Sr SE    |     27 |      3 |
| Kamal        | HRD     |     15000 | Sr HR    |     32 |      2 |
| Kamala       | HRD     |     10000 | Jr HR    |     30 |      2 |
| Kamal hassan | Sr Mgmt |     32000 | MD       |     42 |     15 |
+--------------+---------+-----------+----------+--------+--------+
6 rows in set (0.01 sec)

MariaDB [sample_db]> insert into Employee values('Kamala','HRD',10000,'Jr HR',28);
Query OK, 1 row affected (0.03 sec)

MariaDB [sample_db]> select * from Employee;
+---------+---------+-----------+----------+--------+
| EmpName | EmpDechandrasekar@client50:~$ mysql -u root -p
Enter password: 
Welcome to the MariaDB monitor.  Commands end with ; or \g.
Your MariaDB connection id is 31
Server version: 5.5.31-MariaDB-1~precise-log mariadb.org binary distribution

Copyright (c) 2000, 2013, Oracle, Monty Program Ab and others.

Type 'help;' or '\h' for help. Type '\c' to clear the current input statement.

MariaDB [(none)]> create database sample_db;
Query OK, 1 row affected (0.03 sec)

MariaDB [(none)]> show databases;
+--------------------+
| Database           |
+--------------------+
| information_schema |
| mysql              |
| performance_schema |
| sample_db          |
+--------------------+
4 rows in set (0.01 sec)

MariaDB [(none)]> create table Employee
    -> (EmpName varchar(25),
    -> EmpDept varchar(25),
    -> EmpSalary  number(7),
    -> EmpDesig varchar(20),
    -> );
ERROR 1046 (3D000): No database selected
MariaDB [(none)]> use sample_db;
Database changed
MariaDB [sample_db]> create table Employee
    ->     -> (EmpName varchar(25),
    ->     -> EmpDept varchar(25),
    ->     -> EmpSalary  number(7),
    ->     -> EmpDesig varchar(20),
    ->     -> 
    -> );
ERROR 1064 (42000): You have an error in your SQL syntax; check the manual that corresponds to your MariaDB server version for the right syntax to use near '-> (EmpName varchar(25),
    -> EmpDept varchar(25),
    -> EmpSalary  number(7)' at line 2
MariaDB [sample_db]> create table Employee
    -> (EmpName varchar(25),
    -> EmpDept varchar(25),
    -> EmpSalary  number(7),
    -> EmpDesig varchar(20),
    -> EmpAge number(2));
ERROR 1064 (42000): You have an error in your SQL syntax; check the manual that corresponds to your MariaDB server version for the right syntax to use near 'number(7),
EmpDesig varchar(20),
EmpAge number(2))' at line 4
MariaDB [sample_db]> create table Employee
    -> (EmpName varchar(25),
    -> EmpDept varchar(25),
    -> EmpSalary  int(7),
    -> EmpDesig varchar(20),
    -> EmpAge int(2));
Query OK, 0 rows affected (0.28 sec)

MariaDB [sample_db]> insert into Sample_db values('chandra','MIS',12000,'Jr SE',23);
ERROR 1146 (42S02): Table 'sample_db.Sample_db' doesn't exist
MariaDB [sample_db]> insert into Employee values('chandra','MIS',12000,'Jr SE',23);Query OK, 1 row affected (0.05 sec)

MariaDB [sample_db]> show Employee;
ERROR 1064 (42000): You have an error in your SQL syntax; check the manual that corresponds to your MariaDB server version for the right syntax to use near 'Employee' at line 1
MariaDB [sample_db]> select * from Employee;
+---------+---------+-----------+----------+--------+
| EmpName | EmpDept | EmpSalary | EmpDesig | EmpAge |
+---------+---------+-----------+----------+--------+
| chandra | MIS     |     12000 | Jr SE    |     23 |
+---------+---------+-----------+----------+--------+
1 row in set (0.00 sec)

MariaDB [sample_db]> insert into Employee values('Anandh','MIS',12000,'Jr SE',23);
Query OK, 1 row affected (0.02 sec)

MariaDB [sample_db]> insert into Employee values('Anandhi','MIS',12000,'Sr SE',27);
Query OK, 1 row affected (0.02 sec)

MariaDB [sample_db]> insert into Employee values('Kamal','HRD',15000,'Sr HR',32);
Query OK, 1 row affected (0.02 sec)

MariaDB [sample_db]> insert into Employee values('Kamala','HRD',10000,'Jr HR',28);
Query OK, 1 row affected (0.03 sec)

MariaDB [sample_db]> select * from Employee;
+---------+---------+-----------+----------+--------+
| EmpName | EmpDept | EmpSalary | EmpDesig | EmpAge |
+---------+---------+-----------+----------+--------+
| chandra | MIS     |     12000 | Jr SE    |     23 |
| Anandh  | MIS     |     12000 | Jr SE    |     23 |
| Anandhi | MIS     |     12000 | Sr SE    |     27 |
| Kamal   | HRD     |     15000 | Sr HR    |     32 |
| Kamala  | HRD     |     10000 | Jr HR    |     28 |
+---------+---------+-----------+----------+--------+
5 rows in set (0.00 sec)

MariaDB [sample_db]> update Employee set EmpAge=30 where EmpName='Kamala';
Query OK, 1 row affected (0.04 sec)
Rows matched: 1  Changed: 1  Warnings: 0

MariaDB [sample_db]> select * from Employee;
+---------+---------+-----------+----------+--------+
| EmpName | EmpDept | EmpSalary | EmpDesig | EmpAge |
+---------+---------+-----------+----------+--------+
| chandra | MIS     |     12000 | Jr SE    |     23 |
| Anandh  | MIS     |     12000 | Jr SE    |     23 |
| Anandhi | MIS     |     12000 | Sr SE    |     27 |
| Kamal   | HRD     |     15000 | Sr HR    |     32 |
| Kamala  | HRD     |     10000 | Jr HR    |     30 |
+---------+---------+-----------+----------+--------+
5 rows in set (0.00 sec)

MariaDB [sample_db]> select distinct EmpSalary from Employee where EmpDept like 'HRD';
+-----------+
| EmpSalary |
+-----------+
|     15000 |
|     10000 |
+-----------+
2 rows in set (0.03 sec)

MariaDB [sample_db]> alter table Employee add(EmpExp int(3));
Query OK, 5 rows affected (0.28 sec)               
Records: 5  Duplicates: 0  Warnings: 0

MariaDB [sample_db]> select * from Employee;
+---------+---------+-----------+----------+--------+--------+
| EmpName | EmpDept | EmpSalary | EmpDesig | EmpAge | EmpExp |
+---------+---------+-----------+----------+--------+--------+
| chandra | MIS     |     12000 | Jr SE    |     23 |   NULL |
| Anandh  | MIS     |     12000 | Jr SE    |     23 |   NULL |
| Anandhi | MIS     |     12000 | Sr SE    |     27 |   NULL |
| Kamal   | HRD     |     15000 | Sr HR    |     32 |   NULL |
| Kamala  | HRD     |     10000 | Jr HR    |     30 |   NULL |
+---------+---------+-----------+----------+--------+--------+
5 rows in set (0.00 sec)

MariaDB [sample_db]> update Employee set EmpExp=2 where EmpName='___n%';
Query OK, 0 rows affected (0.00 sec)
Rows matched: 0  Changed: 0  Warnings: 0

MariaDB [sample_db]> select * from Employee;
+---------+---------+-----------+----------+--------+--------+
| EmpName | EmpDept | EmpSalary | EmpDesig | EmpAge | EmpExp |
+---------+---------+-----------+----------+--------+--------+
| chandra | MIS     |     12000 | Jr SE    |     23 |   NULL |
| Anandh  | MIS     |     12000 | Jr SE    |     23 |   NULL |
| Anandhi | MIS     |     12000 | Sr SE    |     27 |   NULL |
| Kamal   | HRD     |     15000 | Sr HR    |     32 |   NULL |
| Kamala  | HRD     |     10000 | Jr HR    |     30 |   NULL |
+---------+---------+-----------+----------+--------+--------+
5 rows in set (0.00 sec)

MariaDB [sample_db]> update Employee set EmpExp=2;
Query OK, 5 rows affected (0.06 sec)
Rows matched: 5  Changed: 5  Warnings: 0

MariaDB [sample_db]> update Employee set EmpExp=2 where EmpName='%h%';
Query OK, 0 rows affected (0.00 sec)
Rows matched: 0  Changed: 0  Warnings: 0

MariaDB [sample_db]> update Employee set EmpExp=2 where EmpName like '%h%';
Query OK, 0 rows affected (0.03 sec)
Rows matched: 3  Changed: 0  Warnings: 0

MariaDB [sample_db]> select * from Employee;
+---------+---------+-----------+----------+--------+--------+
| EmpName | EmpDept | EmpSalary | EmpDesig | EmpAge | EmpExp |
+---------+---------+-----------+----------+--------+--------+
| chandra | MIS     |     12000 | Jr SE    |     23 |      2 |
| Anandh  | MIS     |     12000 | Jr SE    |     23 |      2 |
| Anandhi | MIS     |     12000 | Sr SE    |     27 |      2 |
| Kamal   | HRD     |     15000 | Sr HR    |     32 |      2 |
| Kamala  | HRD     |     10000 | Jr HR    |     30 |      2 |
+---------+---------+-----------+----------+--------+--------+
5 rows in set (0.00 sec)

MariaDB [sample_db]> update Employee set EmpExp=3 where EmpName like '%h%';
Query OK, 3 rows affected (0.03 sec)
Rows matched: 3  Changed: 3  Warnings: 0

MariaDB [sample_db]> select * from Employee;
+---------+---------+-----------+----------+--------+--------+
| EmpName | EmpDept | EmpSalary | EmpDesig | EmpAge | EmpExp |
+---------+---------+-----------+----------+--------+--------+
| chandra | MIS     |     12000 | Jr SE    |     23 |      3 |
| Anandh  | MIS     |     12000 | Jr SE    |     23 |      3 |
| Anandhi | MIS     |     12000 | Sr SE    |     27 |      3 |
| Kamal   | HRD     |     15000 | Sr HR    |     32 |      2 |
| Kamala  | HRD     |     10000 | Jr HR    |     30 |      2 |
+---------+---------+-----------+----------+--------+--------+
5 rows in set (0.00 sec)

MariaDB [sample_db]> select EmpDept,count(*) from Employee group by EmpDept;
+---------+----------+
| EmpDept | count(*) |
+---------+----------+
| HRD     |        2 |
| MIS     |        3 |
+---------+----------+
2 rows in set (0.01 sec)

MariaDB [sample_db]> select EmpDept,sum(EmpSalary) from Employee group by EmpDept;
+---------+----------------+
| EmpDept | sum(EmpSalary) |
+---------+----------------+
| HRD     |          25000 |
| MIS     |          36000 |
+---------+----------------+
2 rows in set (0.02 sec)

MariaDB [sample_db]> insert into Employee values('Kamal hassan','Sr Mgmt',32000,'MD',42);
ERROR 1136 (21S01): Column count doesn't match value count at row 1
MariaDB [sample_db]> insert into Employee values('Kamal hassan','Sr Mgmt',32000,'MD',42,15);
Query OK, 1 row affected (0.03 sec)

MariaDB [sample_db]> select * from Employee;
+--------------+---------+-----------+----------+--------+--------+
| EmpName      | EmpDept | EmpSalary | EmpDesig | EmpAge | EmpExp |
+--------------+---------+-----------+----------+--------+--------+
| chandra      | MIS     |     12000 | Jr SE    |     23 |      3 |
| Anandh       | MIS     |     12000 | Jr SE    |     23 |      3 |
| Anandhi      | MIS     |     12000 | Sr SE    |     27 |      3 |
| Kamal        | HRD     |     15000 | Sr HR    |     32 |      2 |
| Kamala       | HRD     |     10000 | Jr HR    |     30 |      2 |
| Kamal hassan | Sr Mgmt |     32000 | MD       |     42 |     15 |
+--------------+---------+-----------+----------+--------+--------+
6 rows in set (0.01 sec)
pt | EmpSalary | EmpDesig | EmpAge |
+---------+---------+-----------+----------+--------+
| chandra | MIS     |     12000 | Jr SE    |     23 |
| Anandh  | MIS     |     12000 | Jr SE    |     23 |
| Anandhi | MIS     |     12000 | Sr SE    |     27 |
| Kamal   | HRD     |     15000 | Sr HR    |     32 |
| Kamala  | HRD     |     10000 | Jr HR    |     28 |
+---------+---------+-----------+----------+--------+
5 rows in set (0.00 sec)
chandrasekar@client50:~$ mysql -u root -p
Enter password: 
Welcome to the MariaDB monitor.  Commands end with ; or \g.
Your MariaDB connection id is 31
Server version: 5.5.31-MariaDB-1~precise-log mariadb.org binary distribution

Copyright (c) 2000, 2013, Oracle, Monty Program Ab and others.

Type 'help;' or '\h' for help. Type '\c' to clear the current input statement.

MariaDB [(none)]> create database sample_db;
Query OK, 1 row affected (0.03 sec)

MariaDB [(none)]> show databases;
+--------------------+
| Database           |
+--------------------+
| information_schema |
| mysql              |
| performance_schema |
| sample_db          |
+--------------------+
4 rows in set (0.01 sec)

MariaDB [(none)]> create table Employee
    -> (EmpName varchar(25),
    -> EmpDept varchar(25),
    -> EmpSalary  number(7),
    -> EmpDesig varchar(20),
    -> );
ERROR 1046 (3D000): No database selected
MariaDB [(none)]> use sample_db;
Database changed
MariaDB [sample_db]> create table Employee
    ->     -> (EmpName varchar(25),
    ->     -> EmpDept varchar(25),
    ->     -> EmpSalary  number(7),
    ->     -> EmpDesig varchar(20),
    ->     -> 
    -> );
ERROR 1064 (42000): You have an error in your SQL syntax; check the manual that corresponds to your MariaDB server version for the right syntax to use near '-> (EmpName varchar(25),
    -> EmpDept varchar(25),
    -> EmpSalary  number(7)' at line 2
MariaDB [sample_db]> create table Employee
    -> (EmpName varchar(25),
    -> EmpDept varchar(25),
    -> EmpSalary  number(7),
    -> EmpDesig varchar(20),
    -> EmpAge number(2));
ERROR 1064 (42000): You have an error in your SQL syntax; check the manual that corresponds to your MariaDB server version for the right syntax to use near 'number(7),
EmpDesig varchar(20),
EmpAge number(2))' at line 4
MariaDB [sample_db]> create table Employee
    -> (EmpName varchar(25),
    -> EmpDept varchar(25),
    -> EmpSalary  int(7),
    -> EmpDesig varchar(20),
    -> EmpAge int(2));
Query OK, 0 rows affected (0.28 sec)

MariaDB [sample_db]> insert into Sample_db values('chandra','MIS',12000,'Jr SE',23);
ERROR 1146 (42S02): Table 'sample_db.Sample_db' doesn't exist
MariaDB [sample_db]> insert into Employee values('chandra','MIS',12000,'Jr SE',23);Query OK, 1 row affected (0.05 sec)

MariaDB [sample_db]> show Employee;
ERROR 1064 (42000): You have an error in your SQL syntax; check the manual that corresponds to your MariaDB server version for the right syntax to use near 'Employee' at line 1
MariaDB [sample_db]> select * from Employee;
+---------+---------+-----------+----------+--------+
| EmpName | EmpDept | EmpSalary | EmpDesig | EmpAge |
+---------+---------+-----------+----------+--------+
| chandra | MIS     |     12000 | Jr SE    |     23 |
+---------+---------+-----------+----------+--------+
1 row in set (0.00 sec)

MariaDB [sample_db]> insert into Employee values('Anandh','MIS',12000,'Jr SE',23);
Query OK, 1 row affected (0.02 sec)

MariaDB [sample_db]> insert into Employee values('Anandhi','MIS',12000,'Sr SE',27);
Query OK, 1 row affected (0.02 sec)

MariaDB [sample_db]> insert into Employee values('Kamal','HRD',15000,'Sr HR',32);
Query OK, 1 row affected (0.02 sec)

MariaDB [sample_db]> insert into Employee values('Kamala','HRD',10000,'Jr HR',28);
Query OK, 1 row affected (0.03 sec)

MariaDB [sample_db]> select * from Employee;
+---------+---------+-----------+----------+--------+
| EmpName | EmpDept | EmpSalary | EmpDesig | EmpAge |
+---------+---------+-----------+----------+--------+
| chandra | MIS     |     12000 | Jr SE    |     23 |
| Anandh  | MIS     |     12000 | Jr SE    |     23 |
| Anandhi | MIS     |     12000 | Sr SE    |     27 |
| Kamal   | HRD     |     15000 | Sr HR    |     32 |
| Kamala  | HRD     |     10000 | Jr HR    |     28 |
+---------+---------+-----------+----------+--------+
5 rows in set (0.00 sec)

MariaDB [sample_db]> update Employee set EmpAge=30 where EmpName='Kamala';
Query OK, 1 row affected (0.04 sec)
Rows matched: 1  Changed: 1  Warnings: 0

MariaDB [sample_db]> select * from Employee;
+---------+---------+-----------+----------+--------+
| EmpName | EmpDept | EmpSalary | EmpDesig | EmpAge |
+---------+---------+-----------+----------+--------+
| chandra | MIS     |     12000 | Jr SE    |     23 |
| Anandh  | MIS     |     12000 | Jr SE    |     23 |
| Anandhi | MIS     |     12000 | Sr SE    |     27 |
| Kamal   | HRD     |     15000 | Sr HR    |     32 |
| Kamala  | HRD     |     10000 | Jr HR    |     30 |
+---------+---------+-----------+----------+--------+
5 rows in set (0.00 sec)

MariaDB [sample_db]> select distinct EmpSalary from Employee where EmpDept like 'HRD';
+-----------+
| EmpSalary |
+-----------+
|     15000 |
|     10000 |
+-----------+
2 rows in set (0.03 sec)

MariaDB [sample_db]> alter table Employee add(EmpExp int(3));
Query OK, 5 rows affected (0.28 sec)               
Records: 5  Duplicates: 0  Warnings: 0

MariaDB [sample_db]> select * from Employee;
+---------+---------+-----------+----------+--------+--------+
| EmpName | EmpDept | EmpSalary | EmpDesig | EmpAge | EmpExp |
+---------+---------+-----------+----------+--------+--------+
| chandra | MIS     |     12000 | Jr SE    |     23 |   NULL |
| Anandh  | MIS     |     12000 | Jr SE    |     23 |   NULL |
| Anandhi | MIS     |     12000 | Sr SE    |     27 |   NULL |
| Kamal   | HRD     |     15000 | Sr HR    |     32 |   NULL |
| Kamala  | HRD     |     10000 | Jr HR    |     30 |   NULL |
+---------+---------+-----------+----------+--------+--------+
5 rows in set (0.00 sec)

MariaDB [sample_db]> update Employee set EmpExp=2 where EmpName='___n%';
Query OK, 0 rows affected (0.00 sec)
Rows matched: 0  Changed: 0  Warnings: 0

MariaDB [sample_db]> select * from Employee;
+---------+---------+-----------+----------+--------+--------+
| EmpName | EmpDept | EmpSalary | EmpDesig | EmpAge | EmpExp |
+---------+---------+-----------+----------+--------+--------+
| chandra | MIS     |     12000 | Jr SE    |     23 |   NULL |
| Anandh  | MIS     |     12000 | Jr SE    |     23 |   NULL |
| Anandhi | MIS     |     12000 | Sr SE    |     27 |   NULL |
| Kamal   | HRD     |     15000 | Sr HR    |     32 |   NULL |
| Kamala  | HRD     |     10000 | Jr HR    |     30 |   NULL |
+---------+---------+-----------+----------+--------+--------+
5 rows in set (0.00 sec)

MariaDB [sample_db]> update Employee set EmpExp=2;
Query OK, 5 rows affected (0.06 sec)
Rows matched: 5  Changed: 5  Warnings: 0

MariaDB [sample_db]> update Employee set EmpExp=2 where EmpName='%h%';
Query OK, 0 rows affected (0.00 sec)
Rows matched: 0  Changed: 0  Warnings: 0

MariaDB [sample_db]> update Employee set EmpExp=2 where EmpName like '%h%';
Query OK, 0 rows affected (0.03 sec)
Rows matched: 3  Changed: 0  Warnings: 0

MariaDB [sample_db]> select * from Employee;
+---------+---------+-----------+----------+--------+--------+
| EmpName | EmpDept | EmpSalary | EmpDesig | EmpAge | EmpExp |
+---------+---------+-----------+----------+--------+--------+
| chandra | MIS     |     12000 | Jr SE    |     23 |      2 |
| Anandh  | MIS     |     12000 | Jr SE    |     23 |      2 |
| Anandhi | MIS     |     12000 | Sr SE    |     27 |      2 |
| Kamal   | HRD     |     15000 | Sr HR    |     32 |      2 |
| Kamala  | HRD     |     10000 | Jr HR    |     30 |      2 |
+---------+---------+-----------+----------+--------+--------+
5 rows in set (0.00 sec)

MariaDB [sample_db]> update Employee set EmpExp=3 where EmpName like '%h%';
Query OK, 3 rows affected (0.03 sec)
Rows matched: 3  Changed: 3  Warnings: 0

MariaDB [sample_db]> select * from Employee;
+---------+---------+-----------+----------+--------+--------+
| EmpName | EmpDept | EmpSalary | EmpDesig | EmpAge | EmpExp |
+---------+---------+-----------+----------+--------+--------+
| chandra | MIS     |     12000 | Jr SE    |     23 |      3 |
| Anandh  | MIS     |     12000 | Jr SE    |     23 |      3 |
| Anandhi | MIS     |     12000 | Sr SE    |     27 |      3 |
| Kamal   | HRD     |     15000 | Sr HR    |     32 |      2 |
| Kamala  | HRD     |     10000 | Jr HR    |     30 |      2 |
+---------+---------+-----------+----------+--------+--------+
5 rows in set (0.00 sec)

MariaDB [sample_db]> select EmpDept,count(*) from Employee group by EmpDept;
+---------+----------+
| EmpDept | count(*) |
+---------+----------+
| HRD     |        2 |
| MIS     |        3 |
+---------+----------+
2 rows in set (0.01 sec)

MariaDB [sample_db]> select EmpDept,sum(EmpSalary) from Employee group by EmpDept;
+---------+----------------+
| EmpDept | sum(EmpSalary) |
+---------+----------------+
| HRD     |          25000 |
| MIS     |          36000 |
+---------+----------------+
2 rows in set (0.02 sec)

MariaDB [sample_db]> insert into Employee values('Kamal hassan','Sr Mgmt',32000,'MD',42);
ERROR 1136 (21S01): Column count doesn't match value count at row 1
MariaDB [sample_db]> insert into Employee values('Kamal hassan','Sr Mgmt',32000,'MD',42,15);
Query OK, 1 row affected (0.03 sec)

MariaDB [sample_db]> select * from Employee;
+--------------+---------+-----------+----------+--------+--------+
| EmpName      | EmpDept | EmpSalary | EmpDesig | EmpAge | EmpExp |
+--------------+---------+-----------+----------+--------+--------+
| chandra      | MIS     |     12000 | Jr SE    |     23 |      3 |
| Anandh       | MIS     |     12000 | Jr SE    |     23 |      3 |
| Anandhi      | MIS     |     12000 | Sr SE    |     27 |      3 |
| Kamal        | HRD     |     15000 | Sr HR    |     32 |      2 |
| Kamala       | HRD     |     10000 | Jr HR    |     30 |      2 |
| Kamal hassan | Sr Mgmt |     32000 | MD       |     42 |     15 |
+--------------+---------+-----------+----------+--------+--------+
6 rows in set (0.01 sec)

MariaDB [sample_db]> update Employee set EmpAge=30 where EmpName='Kamala';
Query OK, 1 row affected (0.04 sec)
Rows matched: 1  Changed: 1  Warnings: 0

MariaDB [sample_db]> select * from Employee;
+---------+---------+-----------+----------+--------+
| EmpName | EmpDept | EmpSalary | EmpDesig | EmpAge |
+---------+---------+-----------+----------+--------+
| chandra | MIS     |     12000 | Jr SE    |     23 |
| Anandh  | MIS     |     12000 | Jr SE    |     23 |
| Anandhi | MIS     |     12000 | Sr SE    |     27 |
| Kamal   | HRD     |     15000 | Sr HR    |     32 |
| Kamala  | HRD     |     10000 | Jr HR    |     30 |
+---------+---------+-----------+----------+--------+
5 rows in set (0.00 sec)
chandrasekar@client50:~$ mysql -u root -p
Enter password: 
Welcome to the MariaDB monitor.  Commands end with ; or \g.
Your MariaDB connection id is 31
Server version: 5.5.31-MariaDB-1~precise-log mariadb.org binary distribution

Copyright (c) 2000, 2013, Oracle, Monty Program Ab and others.

Type 'help;' or '\h' for help. Type '\c' to clear the current input statement.

MariaDB [(none)]> create database sample_db;
Query OK, 1 row affected (0.03 sec)

MariaDB [(none)]> show databases;
+--------------------+
| Database           |
+--------------------+
| information_schema |
| mysql              |
| performance_schema |
| sample_db          |
+--------------------+
4 rows in set (0.01 sec)

MariaDB [(none)]> create table Employee
    -> (EmpName varchar(25),
    -> EmpDept varchar(25),
    -> EmpSalary  number(7),
    -> EmpDesig varchar(20),
    -> );
ERROR 1046 (3D000): No database selected
MariaDB [(none)]> use sample_db;
Database changed
MariaDB [sample_db]> create table Employee
    ->     -> (EmpName varchar(25),
    ->     -> EmpDept varchar(25),
    ->     -> EmpSalary  number(7),
    ->     -> EmpDesig varchar(20),
    ->     -> 
    -> );
ERROR 1064 (42000): You have an error in your SQL syntax; check the manual that corresponds to your MariaDB server version for the right syntax to use near '-> (EmpName varchar(25),
    -> EmpDept varchar(25),
    -> EmpSalary  number(7)' at line 2
MariaDB [sample_db]> create table Employee
    -> (EmpName varchar(25),
    -> EmpDept varchar(25),
    -> EmpSalary  number(7),
    -> EmpDesig varchar(20),
    -> EmpAge number(2));
ERROR 1064 (42000): You have an error in your SQL syntax; check the manual that corresponds to your MariaDB server version for the right syntax to use near 'number(7),
EmpDesig varchar(20),
EmpAge number(2))' at line 4
MariaDB [sample_db]> create table Employee
    -> (EmpName varchar(25),
    -> EmpDept varchar(25),
    -> EmpSalary  int(7),
    -> EmpDesig varchar(20),
    -> EmpAge int(2));
Query OK, 0 rows affected (0.28 sec)

MariaDB [sample_db]> insert into Sample_db values('chandra','MIS',12000,'Jr SE',23);
ERROR 1146 (42S02): Table 'sample_db.Sample_db' doesn't exist
MariaDB [sample_db]> insert into Employee values('chandra','MIS',12000,'Jr SE',23);Query OK, 1 row affected (0.05 sec)

MariaDB [sample_db]> show Employee;
ERROR 1064 (42000): You have an error in your SQL syntax; check the manual that corresponds to your MariaDB server version for the right syntax to use near 'Employee' at line 1
MariaDB [sample_db]> select * from Employee;
+---------+---------+-----------+----------+--------+
| EmpName | EmpDept | EmpSalary | EmpDesig | EmpAge |
+---------+---------+-----------+----------+--------+
| chandra | MIS     |     12000 | Jr SE    |     23 |
+---------+---------+-----------+----------+--------+
1 row in set (0.00 sec)

MariaDB [sample_db]> insert into Employee values('Anandh','MIS',12000,'Jr SE',23);
Query OK, 1 row affected (0.02 sec)

MariaDB [sample_db]> insert into Employee values('Anandhi','MIS',12000,'Sr SE',27);
Query OK, 1 row affected (0.02 sec)

MariaDB [sample_db]> insert into Employee values('Kamal','HRD',15000,'Sr HR',32);
Query OK, 1 row affected (0.02 sec)

MariaDB [sample_db]> insert into Employee values('Kamala','HRD',10000,'Jr HR',28);
Query OK, 1 row affected (0.03 sec)

MariaDB [sample_db]> select * from Employee;
+---------+---------+-----------+----------+--------+
| EmpName | EmpDept | EmpSalary | EmpDesig | EmpAge |
+---------+---------+-----------+----------+--------+
| chandra | MIS     |     12000 | Jr SE    |     23 |
| Anandh  | MIS     |     12000 | Jr SE    |     23 |
| Anandhi | MIS     |     12000 | Sr SE    |     27 |
| Kamal   | HRD     |     15000 | Sr HR    |     32 |
| Kamala  | HRD     |     10000 | Jr HR    |     28 |
+---------+---------+-----------+----------+--------+
5 rows in set (0.00 sec)

MariaDB [sample_db]> update Employee set EmpAge=30 where EmpName='Kamala';
Query OK, 1 row affected (0.04 sec)
Rows matched: 1  Changed: 1  Warnings: 0

MariaDB [sample_db]> select * from Employee;
+---------+---------+-----------+----------+--------+
| EmpName | EmpDept | EmpSalary | EmpDesig | EmpAge |
+---------+---------+-----------+----------+--------+
| chandra | MIS     |     12000 | Jr SE    |     23 |
| Anandh  | MIS     |     12000 | Jr SE    |     23 |
| Anandhi | MIS     |     12000 | Sr SE    |     27 |
| Kamal   | HRD     |     15000 | Sr HR    |     32 |
| Kamala  | HRD     |     10000 | Jr HR    |     30 |
+---------+---------+-----------+----------+--------+
5 rows in set (0.00 sec)

MariaDB [sample_db]> select distinct EmpSalary from Employee where EmpDept like 'HRD';
+-----------+
| EmpSalary |
+-----------+
|     15000 |
|     10000 |
+-----------+
2 rows in set (0.03 sec)

MariaDB [sample_db]> alter table Employee add(EmpExp int(3));
Query OK, 5 rows affected (0.28 sec)               
Records: 5  Duplicates: 0  Warnings: 0

MariaDB [sample_db]> select * from Employee;
+---------+---------+-----------+----------+--------+--------+
| EmpName | EmpDept | EmpSalary | EmpDesig | EmpAge | EmpExp |
+---------+---------+-----------+----------+--------+--------+
| chandra | MIS     |     12000 | Jr SE    |     23 |   NULL |
| Anandh  | MIS     |     12000 | Jr SE    |     23 |   NULL |
| Anandhi | MIS     |     12000 | Sr SE    |     27 |   NULL |
| Kamal   | HRD     |     15000 | Sr HR    |     32 |   NULL |
| Kamala  | HRD     |     10000 | Jr HR    |     30 |   NULL |
+---------+---------+-----------+----------+--------+--------+
5 rows in set (0.00 sec)

MariaDB [sample_db]> update Employee set EmpExp=2 where EmpName='___n%';
Query OK, 0 rows affected (0.00 sec)
Rows matched: 0  Changed: 0  Warnings: 0

MariaDB [sample_db]> select * from Employee;
+---------+---------+-----------+----------+--------+--------+
| EmpName | EmpDept | EmpSalary | EmpDesig | EmpAge | EmpExp |
+---------+---------+-----------+----------+--------+--------+
| chandra | MIS     |     12000 | Jr SE    |     23 |   NULL |
| Anandh  | MIS     |     12000 | Jr SE    |     23 |   NULL |
| Anandhi | MIS     |     12000 | Sr SE    |     27 |   NULL |
| Kamal   | HRD     |     15000 | Sr HR    |     32 |   NULL |
| Kamala  | HRD     |     10000 | Jr HR    |     30 |   NULL |
+---------+---------+-----------+----------+--------+--------+
5 rows in set (0.00 sec)

MariaDB [sample_db]> update Employee set EmpExp=2;
Query OK, 5 rows affected (0.06 sec)
Rows matched: 5  Changed: 5  Warnings: 0

MariaDB [sample_db]> update Employee set EmpExp=2 where EmpName='%h%';
Query OK, 0 rows affected (0.00 sec)
Rows matched: 0  Changed: 0  Warnings: 0

MariaDB [sample_db]> update Employee set EmpExp=2 where EmpName like '%h%';
Query OK, 0 rows affected (0.03 sec)
Rows matched: 3  Changed: 0  Warnings: 0

MariaDB [sample_db]> select * from Employee;
+---------+---------+-----------+----------+--------+--------+
| EmpName | EmpDept | EmpSalary | EmpDesig | EmpAge | EmpExp |
+---------+---------+-----------+----------+--------+--------+
| chandra | MIS     |     12000 | Jr SE    |     23 |      2 |
| Anandh  | MIS     |     12000 | Jr SE    |     23 |      2 |
| Anandhi | MIS     |     12000 | Sr SE    |     27 |      2 |
| Kamal   | HRD     |     15000 | Sr HR    |     32 |      2 |
| Kamala  | HRD     |     10000 | Jr HR    |     30 |      2 |
+---------+---------+-----------+----------+--------+--------+
5 rows in set (0.00 sec)

MariaDB [sample_db]> update Employee set EmpExp=3 where EmpName like '%h%';
Query OK, 3 rows affected (0.03 sec)
Rows matched: 3  Changed: 3  Warnings: 0

MariaDB [sample_db]> select * from Employee;
+---------+---------+-----------+----------+--------+--------+
| EmpName | EmpDept | EmpSalary | EmpDesig | EmpAge | EmpExp |
+---------+---------+-----------+----------+--------+--------+
| chandra | MIS     |     12000 | Jr SE    |     23 |      3 |
| Anandh  | MIS     |     12000 | Jr SE    |     23 |      3 |
| Anandhi | MIS     |     12000 | Sr SE    |     27 |      3 |
| Kamal   | HRD     |     15000 | Sr HR    |     32 |      2 |
| Kamala  | HRD     |     10000 | Jr HR    |     30 |      2 |
+---------+---------+-----------+----------+--------+--------+
5 rows in set (0.00 sec)

MariaDB [sample_db]> select EmpDept,count(*) from Employee group by EmpDept;
+---------+----------+
| EmpDept | count(*) |
+---------+----------+
| HRD     |        2 |
| MIS     |        3 |
+---------+----------+
2 rows in set (0.01 sec)

MariaDB [sample_db]> select EmpDept,sum(EmpSalary) from Employee group by EmpDept;
+---------+----------------+
| EmpDept | sum(EmpSalary) |
+---------+----------------+
| HRD     |          25000 |
| MIS     |          36000 |
+---------+----------------+
2 rows in set (0.02 sec)

MariaDB [sample_db]> insert into Employee values('Kamal hassan','Sr Mgmt',32000,'MD',42);
ERROR 1136 (21S01): Column count doesn't match value count at row 1
MariaDB [sample_db]> insert into Employee values('Kamal hassan','Sr Mgmt',32000,'MD',42,15);
Query OK, 1 row affected (0.03 sec)

MariaDB [sample_db]> select * from Employee;
+--------------+---------+-----------+----------+--------+--------+
| EmpName      | EmpDept | EmpSalary | EmpDesig | EmpAge | EmpExp |
+--------------+---------+-----------+----------+--------+--------+
| chandra      | MIS     |     12000 | Jr SE    |     23 |      3 |
| Anandh       | MIS     |     12000 | Jr SE    |     23 |      3 |
| Anandhi      | MIS     |     12000 | Sr SE    |     27 |      3 |
| Kamal        | HRD     |     15000 | Sr HR    |     32 |      2 |
| Kamala       | HRD     |     10000 | Jr HR    |     30 |      2 |
| Kamal hassan | Sr Mgmt |     32000 | MD       |     42 |     15 |
+--------------+---------+-----------+----------+--------+--------+
6 rows in set (0.01 sec)

MariaDB [sample_db]> select distinct EmpSalary from Employee where EmpDept like 'HRD';
+-----------+
| EmpSalary |
+-----------+
|     15000 |
|     10000 |chandrasekar@client50:~$ mysql -u root -p
Enter password: 
Welcome to the MariaDB monitor.  Commands end with ; or \g.
Your MariaDB connection id is 31
Server version: 5.5.31-MariaDB-1~precise-log mariadb.org binary distribution

Copyright (c) 2000, 2013, Oracle, Monty Program Ab and others.

Type 'help;' or '\h' for help. Type '\c' to clear the current input statement.

MariaDB [(none)]> create database sample_db;
Query OK, 1 row affected (0.03 sec)

MariaDB [(none)]> show databases;
+--------------------+
| Database           |
+--------------------+
| information_schema |
| mysql              |
| performance_schema |
| sample_db          |
+--------------------+
4 rows in set (0.01 sec)

MariaDB [(none)]> create table Employee
    -> (EmpName varchar(25),
    -> EmpDept varchar(25),
    -> EmpSalary  number(7),
    -> EmpDesig varchar(20),
    -> );
ERROR 1046 (3D000): No database selected
MariaDB [(none)]> use sample_db;
Database changed
MariaDB [sample_db]> create table Employee
    ->     -> (EmpName varchar(25),
    ->     -> EmpDept varchar(25),
    ->     -> EmpSalary  number(7),
    ->     -> EmpDesig varchar(20),
    ->     -> 
    -> );
ERROR 1064 (42000): You have an error in your SQL syntax; check the manual that corresponds to your MariaDB server version for the right syntax to use near '-> (EmpName varchar(25),
    -> EmpDept varchar(25),
    -> EmpSalary  number(7)' at line 2
MariaDB [sample_db]> create table Employee
    -> (EmpName varchar(25),
    -> EmpDept varchar(25),
    -> EmpSalary  number(7),
    -> EmpDesig varchar(20),
    -> EmpAge number(2));
ERROR 1064 (42000): You have an error in your SQL syntax; check the manual that corresponds to your MariaDB server version for the right syntax to use near 'number(7),
EmpDesig varchar(20),
EmpAge number(2))' at line 4
MariaDB [sample_db]> create table Employee
    -> (EmpName varchar(25),
    -> EmpDept varchar(25),
    -> EmpSalary  int(7),
    -> EmpDesig varchar(20),
    -> EmpAge int(2));
Query OK, 0 rows affected (0.28 sec)

MariaDB [sample_db]> insert into Sample_db values('chandra','MIS',12000,'Jr SE',23);
ERROR 1146 (42S02): Table 'sample_db.Sample_db' doesn't exist
MariaDB [sample_db]> insert into Employee values('chandra','MIS',12000,'Jr SE',23);Query OK, 1 row affected (0.05 sec)

MariaDB [sample_db]> show Employee;
ERROR 1064 (42000): You have an error in your SQL syntax; check the manual that corresponds to your MariaDB server version for the right syntax to use near 'Employee' at line 1
MariaDB [sample_db]> select * from Employee;
+---------+---------+-----------+----------+--------+
| EmpName | EmpDept | EmpSalary | EmpDesig | EmpAge |
+---------+---------+-----------+----------+--------+
| chandra | MIS     |     12000 | Jr SE    |     23 |
+---------+---------+-----------+----------+--------+
1 row in set (0.00 sec)

MariaDB [sample_db]> insert into Employee values('Anandh','MIS',12000,'Jr SE',23);
Query OK, 1 row affected (0.02 sec)

MariaDB [sample_db]> insert into Employee values('Anandhi','MIS',12000,'Sr SE',27);
Query OK, 1 row affected (0.02 sec)

MariaDB [sample_db]> insert into Employee values('Kamal','HRD',15000,'Sr HR',32);
Query OK, 1 row affected (0.02 sec)

MariaDB [sample_db]> insert into Employee values('Kamala','HRD',10000,'Jr HR',28);
Query OK, 1 row affected (0.03 sec)

MariaDB [sample_db]> select * from Employee;
+---------+---------+-----------+----------+--------+
| EmpName | EmpDept | EmpSalary | EmpDesig | EmpAge |
+---------+---------+-----------+----------+--------+
| chandra | MIS     |     12000 | Jr SE    |     23 |
| Anandh  | MIS     |     12000 | Jr SE    |     23 |
| Anandhi | MIS     |     12000 | Sr SE    |     27 |
| Kamal   | HRD     |     15000 | Sr HR    |     32 |
| Kamala  | HRD     |     10000 | Jr HR    |     28 |
+---------+---------+-----------+----------+--------+
5 rows in set (0.00 sec)

MariaDB [sample_db]> update Employee set EmpAge=30 where EmpName='Kamala';
Query OK, 1 row affected (0.04 sec)
Rows matched: 1  Changed: 1  Warnings: 0

MariaDB [sample_db]> select * from Employee;
+---------+---------+-----------+----------+--------+
| EmpName | EmpDept | EmpSalary | EmpDesig | EmpAge |
+---------+---------+-----------+----------+--------+
| chandra | MIS     |     12000 | Jr SE    |     23 |
| Anandh  | MIS     |     12000 | Jr SE    |     23 |
| Anandhi | MIS     |     12000 | Sr SE    |     27 |
| Kamal   | HRD     |     15000 | Sr HR    |     32 |
| Kamala  | HRD     |     10000 | Jr HR    |     30 |
+---------+---------+-----------+----------+--------+
5 rows in set (0.00 sec)

MariaDB [sample_db]> select distinct EmpSalary from Employee where EmpDept like 'HRD';
+-----------+
| EmpSalary |
+-----------+
|     15000 |
|     10000 |
+-----------+
2 rows in set (0.03 sec)

MariaDB [sample_db]> alter table Employee add(EmpExp int(3));
Query OK, 5 rows affected (0.28 sec)               
Records: 5  Duplicates: 0  Warnings: 0

MariaDB [sample_db]> select * from Employee;
+---------+---------+-----------+----------+--------+--------+
| EmpName | EmpDept | EmpSalary | EmpDesig | EmpAge | EmpExp |
+---------+---------+-----------+----------+--------+--------+
| chandra | MIS     |     12000 | Jr SE    |     23 |   NULL |
| Anandh  | MIS     |     12000 | Jr SE    |     23 |   NULL |
| Anandhi | MIS     |     12000 | Sr SE    |     27 |   NULL |
| Kamal   | HRD     |     15000 | Sr HR    |     32 |   NULL |
| Kamala  | HRD     |     10000 | Jr HR    |     30 |   NULL |
+---------+---------+-----------+----------+--------+--------+
5 rows in set (0.00 sec)

MariaDB [sample_db]> update Employee set EmpExp=2 where EmpName='___n%';
Query OK, 0 rows affected (0.00 sec)
Rows matched: 0  Changed: 0  Warnings: 0

MariaDB [sample_db]> select * from Employee;
+---------+---------+-----------+----------+--------+--------+
| EmpName | EmpDept | EmpSalary | EmpDesig | EmpAge | EmpExp |
+---------+---------+-----------+----------+--------+--------+
| chandra | MIS     |     12000 | Jr SE    |     23 |   NULL |
| Anandh  | MIS     |     12000 | Jr SE    |     23 |   NULL |
| Anandhi | MIS     |     12000 | Sr SE    |     27 |   NULL |
| Kamal   | HRD     |     15000 | Sr HR    |     32 |   NULL |
| Kamala  | HRD     |     10000 | Jr HR    |     30 |   NULL |
+---------+---------+-----------+----------+--------+--------+
5 rows in set (0.00 sec)

MariaDB [sample_db]> update Employee set EmpExp=2;
Query OK, 5 rows affected (0.06 sec)
Rows matched: 5  Changed: 5  Warnings: 0

MariaDB [sample_db]> update Employee set EmpExp=2 where EmpName='%h%';
Query OK, 0 rows affected (0.00 sec)
Rows matched: 0  Changed: 0  Warnings: 0

MariaDB [sample_db]> update Employee set EmpExp=2 where EmpName like '%h%';
Query OK, 0 rows affected (0.03 sec)
Rows matched: 3  Changed: 0  Warnings: 0

MariaDB [sample_db]> select * from Employee;
+---------+---------+-----------+----------+--------+--------+
| EmpName | EmpDept | EmpSalary | EmpDesig | EmpAge | EmpExp |
+---------+---------+-----------+----------+--------+--------+
| chandra | MIS     |     12000 | Jr SE    |     23 |      2 |
| Anandh  | MIS     |     12000 | Jr SE    |     23 |      2 |
| Anandhi | MIS     |     12000 | Sr SE    |     27 |      2 |
| Kamal   | HRD     |     15000 | Sr HR    |     32 |      2 |
| Kamala  | HRD     |     10000 | Jr HR    |     30 |      2 |
+---------+---------+-----------+----------+--------+--------+
5 rows in set (0.00 sec)

MariaDB [sample_db]> update Employee set EmpExp=3 where EmpName like '%h%';
Query OK, 3 rows affected (0.03 sec)
Rows matched: 3  Changed: 3  Warnings: 0

MariaDB [sample_db]> select * from Employee;
+---------+---------+-----------+----------+--------+--------+
| EmpName | EmpDept | EmpSalary | EmpDesig | EmpAge | EmpExp |
+---------+---------+-----------+----------+--------+--------+
| chandra | MIS     |     12000 | Jr SE    |     23 |      3 |
| Anandh  | MIS     |     12000 | Jr SE    |     23 |      3 |
| Anandhi | MIS     |     12000 | Sr SE    |     27 |      3 |
| Kamal   | HRD     |     15000 | Sr HR    |     32 |      2 |
| Kamala  | HRD     |     10000 | Jr HR    |     30 |      2 |
+---------+---------+-----------+----------+--------+--------+
5 rows in set (0.00 sec)

MariaDB [sample_db]> select EmpDept,count(*) from Employee group by EmpDept;
+---------+----------+
| EmpDept | count(*) |
+---------+----------+
| HRD     |        2 |
| MIS     |        3 |
+---------+----------+
2 rows in set (0.01 sec)

MariaDB [sample_db]> select EmpDept,sum(EmpSalary) from Employee group by EmpDept;
+---------+----------------+
| EmpDept | sum(EmpSalary) |
+---------+----------------+
| HRD     |          25000 |
| MIS     |          36000 |
+---------+----------------+
2 rows in set (0.02 sec)

MariaDB [sample_db]> insert into Employee values('Kamal hassan','Sr Mgmt',32000,'MD',42);
ERROR 1136 (21S01): Column count doesn't match value count at row 1
MariaDB [sample_db]> insert into Employee values('Kamal hassan','Sr Mgmt',32000,'MD',42,15);
Query OK, 1 row affected (0.03 sec)

MariaDB [sample_db]> select * from Employee;
+--------------+---------+-----------+----------+--------+--------+
| EmpName      | EmpDept | EmpSalary | EmpDesig | EmpAge | EmpExp |
+--------------+---------+-----------+----------+--------+--------+
| chandra      | MIS     |     12000 | Jr SE    |     23 |      3 |
| Anandh       | MIS     |     12000 | Jr SE    |     23 |      3 |
| Anandhi      | MIS     |     12000 | Sr SE    |     27 |      3 |
| Kamal        | HRD     |     15000 | Sr HR    |     32 |      2 |
| Kamala       | HRD     |     10000 | Jr HR    |     30 |      2 |
| Kamal hassan | Sr Mgmt |     32000 | MD       |     42 |     15 |
+--------------+---------+-----------+----------+--------+--------+
6 rows in set (0.01 sec)

+-----------+
2 rows in set (0.03 sec)

MariaDB [sample_db]> alter table Employee add(EmpExp int(3));
Query OK, 5 rows affected (0.28 sec)               
Records: 5  Duplicates: 0  Warnings: 0

MariaDB [sample_db]> select * from Employee;
+---------+---------+-----------+----------+--------+--------+
| EmpName | EmpDept | EmpSalary | EmpDesig | EmpAge | EmpExp |
+---------+---------+-----------+----------+--------+--------+
| chandra | MIS     |     12000 | Jr SE    |     23 |   NULL |
| Anandh  | MIS     |     12000 | Jr SE    |     23 |   NULL |
| Anandhi | MIS     |     12000 | Sr SE    |     27 |   NULL |
| Kamal   | HRD     |     15000 | Sr HR    |     32 |   NULL |
| Kamala  | HRD     |     10000 | Jr HR    |     30 |   NULL |
+---------+---------+-----------+----------+--------+--------+
5 rows in set (0.00 sec)

MariaDB [sample_db]> update Employee set EmpExp=2 where EmpName='___n%';
Query OK, 0 rows affected (0chandrasekar@client50:~$ mysql -u root -p
Enter password: 
Welcome to the MariaDB monitor.  Commands end with ; or \g.
Your MariaDB connection id is 31
Server version: 5.5.31-MariaDB-1~precise-log mariadb.org binary distribution

Copyright (c) 2000, 2013, Oracle, Monty Program Ab and others.

Type 'help;' or '\h' for help. Type '\c' to clear the current input statement.

MariaDB [(none)]> create database sample_db;
Query OK, 1 row affected (0.03 sec)

MariaDB [(none)]> show databases;
+--------------------+
| Database           |
+--------------------+
| information_schema |
| mysql              |
| performance_schema |
| sample_db          |
+--------------------+
4 rows in set (0.01 sec)

MariaDB [(none)]> create table Employee
    -> (EmpName varchar(25),
    -> EmpDept varchar(25),
    -> EmpSalary  number(7),
    -> EmpDesig varchar(20),
    -> );
ERROR 1046 (3D000): No database selected
MariaDB [(none)]> use sample_db;
Database changed
MariaDB [sample_db]> create table Employee
    ->     -> (EmpName varchar(25),
    ->     -> EmpDept varchar(25),
    ->     -> EmpSalary  number(7),
    ->     -> EmpDesig varchar(20),
    ->     -> 
    -> );
ERROR 1064 (42000): You have an error in your SQL syntax; check the manual that corresponds to your MariaDB server version for the right syntax to use near '-> (EmpName varchar(25),
    -> EmpDept varchar(25),
    -> EmpSalary  number(7)' at line 2
MariaDB [sample_db]> create table Employee
    -> (EmpName varchar(25),
    -> EmpDept varchar(25),
    -> EmpSalary  number(7),
    -> EmpDesig varchar(20),
    -> EmpAge number(2));
ERROR 1064 (42000): You have an error in your SQL syntax; check the manual that corresponds to your MariaDB server version for the right syntax to use near 'number(7),
EmpDesig varchar(20),
EmpAge number(2))' at line 4
MariaDB [sample_db]> create table Employee
    -> (EmpName varchar(25),
    -> EmpDept varchar(25),
    -> EmpSalary  int(7),
    -> EmpDesig varchar(20),
    -> EmpAge int(2));
Query OK, 0 rows affected (0.28 sec)

MariaDB [sample_db]> insert into Sample_db values('chandra','MIS',12000,'Jr SE',23);
ERROR 1146 (42S02): Table 'sample_db.Sample_db' doesn't exist
MariaDB [sample_db]> insert into Employee values('chandra','MIS',12000,'Jr SE',23);Query OK, 1 row affected (0.05 sec)

MariaDB [sample_db]> show Employee;
ERROR 1064 (42000): You have an error in your SQL syntax; check the manual that corresponds to your MariaDB server version for the right syntax to use near 'Employee' at line 1
MariaDB [sample_db]> select * from Employee;
+---------+---------+-----------+----------+--------+
| EmpName | EmpDept | EmpSalary | EmpDesig | EmpAge |
+---------+---------+-----------+----------+--------+
| chandra | MIS     |     12000 | Jr SE    |     23 |
+---------+---------+-----------+----------+--------+
1 row in set (0.00 sec)

MariaDB [sample_db]> insert into Employee values('Anandh','MIS',12000,'Jr SE',23);
Query OK, 1 row affected (0.02 sec)

MariaDB [sample_db]> insert into Employee values('Anandhi','MIS',12000,'Sr SE',27);
Query OK, 1 row affected (0.02 sec)

MariaDB [sample_db]> insert into Employee values('Kamal','HRD',15000,'Sr HR',32);
Query OK, 1 row affected (0.02 sec)

MariaDB [sample_db]> insert into Employee values('Kamala','HRD',10000,'Jr HR',28);
Query OK, 1 row affected (0.03 sec)

MariaDB [sample_db]> select * from Employee;
+---------+---------+-----------+----------+--------+
| EmpName | EmpDept | EmpSalary | EmpDesig | EmpAge |
+---------+---------+-----------+----------+--------+
| chandra | MIS     |     12000 | Jr SE    |     23 |
| Anandh  | MIS     |     12000 | Jr SE    |     23 |
| Anandhi | MIS     |     12000 | Sr SE    |     27 |
| Kamal   | HRD     |     15000 | Sr HR    |     32 |
| Kamala  | HRD     |     10000 | Jr HR    |     28 |
+---------+---------+-----------+----------+--------+
5 rows in set (0.00 sec)

MariaDB [sample_db]> update Employee set EmpAge=30 where EmpName='Kamala';
Query OK, 1 row affected (0.04 sec)
Rows matched: 1  Changed: 1  Warnings: 0

MariaDB [sample_db]> select * from Employee;
+---------+---------+-----------+----------+--------+
| EmpName | EmpDept | EmpSalary | EmpDesig | EmpAge |
+---------+---------+-----------+----------+--------+
| chandra | MIS     |     12000 | Jr SE    |     23 |
| Anandh  | MIS     |     12000 | Jr SE    |     23 |
| Anandhi | MIS     |     12000 | Sr SE    |     27 |
| Kamal   | HRD     |     15000 | Sr HR    |     32 |
| Kamala  | HRD     |     10000 | Jr HR    |     30 |
+---------+---------+-----------+----------+--------+
5 rows in set (0.00 sec)

MariaDB [sample_db]> select distinct EmpSalary from Employee where EmpDept like 'HRD';
+-----------+
| EmpSalary |
+-----------+
|     15000 |
|     10000 |
+-----------+
2 rows in set (0.03 sec)

MariaDB [sample_db]> alter table Employee add(EmpExp int(3));
Query OK, 5 rows affected (0.28 sec)               
Records: 5  Duplicates: 0  Warnings: 0

MariaDB [sample_db]> select * from Employee;
+---------+---------+-----------+----------+--------+--------+
| EmpName | EmpDept | EmpSalary | EmpDesig | EmpAge | EmpExp |
+---------+---------+-----------+----------+--------+--------+
| chandra | MIS     |     12000 | Jr SE    |     23 |   NULL |
| Anandh  | MIS     |     12000 | Jr SE    |     23 |   NULL |
| Anandhi | MIS     |     12000 | Sr SE    |     27 |   NULL |
| Kamal   | HRD     |     15000 | Sr HR    |     32 |   NULL |
| Kamala  | HRD     |     10000 | Jr HR    |     30 |   NULL |
+---------+---------+-----------+----------+--------+--------+
5 rows in set (0.00 sec)

MariaDB [sample_db]> update Employee set EmpExp=2 where EmpName='___n%';
Query OK, 0 rows affected (0.00 sec)
Rows matched: 0  Changed: 0  Warnings: 0

MariaDB [sample_db]> select * from Employee;
+---------+---------+-----------+----------+--------+--------+
| EmpName | EmpDept | EmpSalary | EmpDesig | EmpAge | EmpExp |
+---------+---------+-----------+----------+--------+--------+
| chandra | MIS     |     12000 | Jr SE    |     23 |   NULL |
| Anandh  | MIS     |     12000 | Jr SE    |     23 |   NULL |
| Anandhi | MIS     |     12000 | Sr SE    |     27 |   NULL |
| Kamal   | HRD     |     15000 | Sr HR    |     32 |   NULL |
| Kamala  | HRD     |     10000 | Jr HR    |     30 |   NULL |
+---------+---------+-----------+----------+--------+--------+
5 rows in set (0.00 sec)

MariaDB [sample_db]> update Employee set EmpExp=2;
Query OK, 5 rows affected (0.06 sec)
Rows matched: 5  Changed: 5  Warnings: 0

MariaDB [sample_db]> update Employee set EmpExp=2 where EmpName='%h%';
Query OK, 0 rows affected (0.00 sec)
Rows matched: 0  Changed: 0  Warnings: 0

MariaDB [sample_db]> update Employee set EmpExp=2 where EmpName like '%h%';
Query OK, 0 rows affected (0.03 sec)
Rows matched: 3  Changed: 0  Warnings: 0

MariaDB [sample_db]> select * from Employee;
+---------+---------+-----------+----------+--------+--------+
| EmpName | EmpDept | EmpSalary | EmpDesig | EmpAge | EmpExp |
+---------+---------+-----------+----------+--------+--------+
| chandra | MIS     |     12000 | Jr SE    |     23 |      2 |
| Anandh  | MIS     |     12000 | Jr SE    |     23 |      2 |
| Anandhi | MIS     |     12000 | Sr SE    |     27 |      2 |
| Kamal   | HRD     |     15000 | Sr HR    |     32 |      2 |
| Kamala  | HRD     |     10000 | Jr HR    |     30 |      2 |
+---------+---------+-----------+----------+--------+--------+
5 rows in set (0.00 sec)

MariaDB [sample_db]> update Employee set EmpExp=3 where EmpName like '%h%';
Query OK, 3 rows affected (0.03 sec)
Rows matched: 3  Changed: 3  Warnings: 0

MariaDB [sample_db]> select * from Employee;
+---------+---------+-----------+----------+--------+--------+
| EmpName | EmpDept | EmpSalary | EmpDesig | EmpAge | EmpExp |
+---------+---------+-----------+----------+--------+--------+
| chandra | MIS     |     12000 | Jr SE    |     23 |      3 |
| Anandh  | MIS     |     12000 | Jr SE    |     23 |      3 |
| Anandhi | MIS     |     12000 | Sr SE    |     27 |      3 |
| Kamal   | HRD     |     15000 | Sr HR    |     32 |      2 |
| Kamala  | HRD     |     10000 | Jr HR    |     30 |      2 |
+---------+---------+-----------+----------+--------+--------+
5 rows in set (0.00 sec)

MariaDB [sample_db]> select EmpDept,count(*) from Employee group by EmpDept;
+---------+----------+
| EmpDept | count(*) |
+---------+----------+
| HRD     |        2 |
| MIS     |        3 |
+---------+----------+
2 rows in set (0.01 sec)

MariaDB [sample_db]> select EmpDept,sum(EmpSalary) from Employee group by EmpDept;
+---------+----------------+
| EmpDept | sum(EmpSalary) |
+---------+----------------+
| HRD     |          25000 |
| MIS     |          36000 |
+---------+----------------+
2 rows in set (0.02 sec)

MariaDB [sample_db]> insert into Employee values('Kamal hassan','Sr Mgmt',32000,'MD',42);
ERROR 1136 (21S01): Column count doesn't match value count at row 1
MariaDB [sample_db]> insert into Employee values('Kamal hassan','Sr Mgmt',32000,'MD',42,15);
Query OK, 1 row affected (0.03 sec)

MariaDB [sample_db]> select * from Employee;
+--------------+---------+-----------+----------+--------+--------+
| EmpName      | EmpDept | EmpSalary | EmpDesig | EmpAge | EmpExp |
+--------------+---------+-----------+----------+--------+--------+
| chandra      | MIS     |     12000 | Jr SE    |     23 |      3 |
| Anandh       | MIS     |     12000 | Jr SE    |     23 |      3 |
| Anandhi      | MIS     |     12000 | Sr SE    |     27 |      3 |
| Kamal        | HRD     |     15000 | Sr HR    |     32 |      2 |
| Kamala       | HRD     |     10000 | Jr HR    |     30 |      2 |
| Kamal hassan | Sr Mgmt |     32000 | MD       |     42 |     15 |
+--------------+---------+-----------+----------+--------+--------+
6 rows in set (0.01 sec)
.00 sec)
Rows matched: 0  Changed: 0  Warnings: 0

MariaDB [sample_db]> select * from Employee;
+---------+---------+-----------+----------+--------+--------+
| EmpName | EmpDept | EmpSalary | EmpDesig | EmpAge | EmpExp |
+---------+---------+-----------+----------+--------+--------+
| chandra | MIS     |     12000 | Jr SE    |     23 |   NULL |
| Anandh  | MIS     |     12000 | Jr SE    |     23 |   NULL |
| Anandhi | MIS     |     12000 | Sr SE    |     27 |   NULL |
| Kamal   | HRD     |     15000 | Sr HR    |     32 |   NULL |
| Kamala  | HRD     |     10000 | Jr HR    |     30 |   NULL |
+---------+---------+-----------+----------+--------+--------+
5 rows in set (0.00 sec)

MariaDB [sample_db]> update Employee set EmpExp=2;
Query OK, 5 rows affected (0.06 sec)
Rows matched: 5  Changed: 5  Warnings: 0

MariaDB [sample_db]> updatechandrasekar@client50:~$ mysql -u root -p
Enter password: 
Welcome to the MariaDB monitor.  Commands end with ; or \g.
Your MariaDB connection id is 31
Server version: 5.5.31-MariaDB-1~precise-log mariadb.org binary distribution

Copyright (c) 2000, 2013, Oracle, Monty Program Ab and others.

Type 'help;' or '\h' for help. Type '\c' to clear the current input statement.

MariaDB [(none)]> create database sample_db;
Query OK, 1 row affected (0.03 sec)

MariaDB [(none)]> show databases;
+--------------------+
| Database           |
+--------------------+
| information_schema |
| mysql              |
| performance_schema |
| sample_db          |
+--------------------+
4 rows in set (0.01 sec)

MariaDB [(none)]> create table Employee
    -> (EmpName varchar(25),
    -> EmpDept varchar(25),
    -> EmpSalary  number(7),
    -> EmpDesig varchar(20),
    -> );
ERROR 1046 (3D000): No database selected
MariaDB [(none)]> use sample_db;
Database changed
MariaDB [sample_db]> create table Employee
    ->     -> (EmpName varchar(25),
    ->     -> EmpDept varchar(25),
    ->     -> EmpSalary  number(7),
    ->     -> EmpDesig varchar(20),
    ->     -> 
    -> );
ERROR 1064 (42000): You have an error in your SQL syntax; check the manual that corresponds to your MariaDB server version for the right syntax to use near '-> (EmpName varchar(25),
    -> EmpDept varchar(25),
    -> EmpSalary  number(7)' at line 2
MariaDB [sample_db]> create table Employee
    -> (EmpName varchar(25),
    -> EmpDept varchar(25),
    -> EmpSalary  number(7),
    -> EmpDesig varchar(20),
    -> EmpAge number(2));
ERROR 1064 (42000): You have an error in your SQL syntax; check the manual that corresponds to your MariaDB server version for the right syntax to use near 'number(7),
EmpDesig varchar(20),
EmpAge number(2))' at line 4
MariaDB [sample_db]> create table Employee
    -> (EmpName varchar(25),
    -> EmpDept varchar(25),
    -> EmpSalary  int(7),
    -> EmpDesig varchar(20),
    -> EmpAge int(2));
Query OK, 0 rows affected (0.28 sec)

MariaDB [sample_db]> insert into Sample_db values('chandra','MIS',12000,'Jr SE',23);
ERROR 1146 (42S02): Table 'sample_db.Sample_db' doesn't exist
MariaDB [sample_db]> insert into Employee values('chandra','MIS',12000,'Jr SE',23);Query OK, 1 row affected (0.05 sec)

MariaDB [sample_db]> show Employee;
ERROR 1064 (42000): You have an error in your SQL syntax; check the manual that corresponds to your MariaDB server version for the right syntax to use near 'Employee' at line 1
MariaDB [sample_db]> select * from Employee;
+---------+---------+-----------+----------+--------+
| EmpName | EmpDept | EmpSalary | EmpDesig | EmpAge |
+---------+---------+-----------+----------+--------+
| chandra | MIS     |     12000 | Jr SE    |     23 |
+---------+---------+-----------+----------+--------+
1 row in set (0.00 sec)

MariaDB [sample_db]> insert into Employee values('Anandh','MIS',12000,'Jr SE',23);
Query OK, 1 row affected (0.02 sec)

MariaDB [sample_db]> insert into Employee values('Anandhi','MIS',12000,'Sr SE',27);
Query OK, 1 row affected (0.02 sec)

MariaDB [sample_db]> insert into Employee values('Kamal','HRD',15000,'Sr HR',32);
Query OK, 1 row affected (0.02 sec)

MariaDB [sample_db]> insert into Employee values('Kamala','HRD',10000,'Jr HR',28);
Query OK, 1 row affected (0.03 sec)

MariaDB [sample_db]> select * from Employee;
+---------+---------+-----------+----------+--------+
| EmpName | EmpDept | EmpSalary | EmpDesig | EmpAge |
+---------+---------+-----------+----------+--------+
| chandra | MIS     |     12000 | Jr SE    |     23 |
| Anandh  | MIS     |     12000 | Jr SE    |     23 |
| Anandhi | MIS     |     12000 | Sr SE    |     27 |
| Kamal   | HRD     |     15000 | Sr HR    |     32 |
| Kamala  | HRD     |     10000 | Jr HR    |     28 |
+---------+---------+-----------+----------+--------+
5 rows in set (0.00 sec)

MariaDB [sample_db]> update Employee set EmpAge=30 where EmpName='Kamala';
Query OK, 1 row affected (0.04 sec)
Rows matched: 1  Changed: 1  Warnings: 0

MariaDB [sample_db]> select * from Employee;
+---------+---------+-----------+----------+--------+
| EmpName | EmpDept | EmpSalary | EmpDesig | EmpAge |
+---------+---------+-----------+----------+--------+
| chandra | MIS     |     12000 | Jr SE    |     23 |
| Anandh  | MIS     |     12000 | Jr SE    |     23 |
| Anandhi | MIS     |     12000 | Sr SE    |     27 |
| Kamal   | HRD     |     15000 | Sr HR    |     32 |
| Kamala  | HRD     |     10000 | Jr HR    |     30 |
+---------+---------+-----------+----------+--------+
5 rows in set (0.00 sec)

MariaDB [sample_db]> select distinct EmpSalary from Employee where EmpDept like 'HRD';
+-----------+
| EmpSalary |
+-----------+
|     15000 |
|     10000 |
+-----------+
2 rows in set (0.03 sec)

MariaDB [sample_db]> alter table Employee add(EmpExp int(3));
Query OK, 5 rows affected (0.28 sec)               
Records: 5  Duplicates: 0  Warnings: 0

MariaDB [sample_db]> select * from Employee;
+---------+---------+-----------+----------+--------+--------+
| EmpName | EmpDept | EmpSalary | EmpDesig | EmpAge | EmpExp |
+---------+---------+-----------+----------+--------+--------+
| chandra | MIS     |     12000 | Jr SE    |     23 |   NULL |
| Anandh  | MIS     |     12000 | Jr SE    |     23 |   NULL |
| Anandhi | MIS     |     12000 | Sr SE    |     27 |   NULL |
| Kamal   | HRD     |     15000 | Sr HR    |     32 |   NULL |
| Kamala  | HRD     |     10000 | Jr HR    |     30 |   NULL |
+---------+---------+-----------+----------+--------+--------+
5 rows in set (0.00 sec)

MariaDB [sample_db]> update Employee set EmpExp=2 where EmpName='___n%';
Query OK, 0 rows affected (0.00 sec)
Rows matched: 0  Changed: 0  Warnings: 0

MariaDB [sample_db]> select * from Employee;
+---------+---------+-----------+----------+--------+--------+
| EmpName | EmpDept | EmpSalary | EmpDesig | EmpAge | EmpExp |
+---------+---------+-----------+----------+--------+--------+
| chandra | MIS     |     12000 | Jr SE    |     23 |   NULL |
| Anandh  | MIS     |     12000 | Jr SE    |     23 |   NULL |
| Anandhi | MIS     |     12000 | Sr SE    |     27 |   NULL |
| Kamal   | HRD     |     15000 | Sr HR    |     32 |   NULL |
| Kamala  | HRD     |     10000 | Jr HR    |     30 |   NULL |
+---------+---------+-----------+----------+--------+--------+
5 rows in set (0.00 sec)

MariaDB [sample_db]> update Employee set EmpExp=2;
Query OK, 5 rows affected (0.06 sec)
Rows matched: 5  Changed: 5  Warnings: 0

MariaDB [sample_db]> update Employee set EmpExp=2 where EmpName='%h%';
Query OK, 0 rows affected (0.00 sec)
Rows matched: 0  Changed: 0  Warnings: 0

MariaDB [sample_db]> update Employee set EmpExp=2 where EmpName like '%h%';
Query OK, 0 rows affected (0.03 sec)
Rows matched: 3  Changed: 0  Warnings: 0

MariaDB [sample_db]> select * from Employee;
+---------+---------+-----------+----------+--------+--------+
| EmpName | EmpDept | EmpSalary | EmpDesig | EmpAge | EmpExp |
+---------+---------+-----------+----------+--------+--------+
| chandra | MIS     |     12000 | Jr SE    |     23 |      2 |
| Anandh  | MIS     |     12000 | Jr SE    |     23 |      2 |
| Anandhi | MIS     |     12000 | Sr SE    |     27 |      2 |
| Kamal   | HRD     |     15000 | Sr HR    |     32 |      2 |
| Kamala  | HRD     |     10000 | Jr HR    |     30 |      2 |
+---------+---------+-----------+----------+--------+--------+
5 rows in set (0.00 sec)

MariaDB [sample_db]> update Employee set EmpExp=3 where EmpName like '%h%';
Query OK, 3 rows affected (0.03 sec)
Rows matched: 3  Changed: 3  Warnings: 0

MariaDB [sample_db]> select * from Employee;
+---------+---------+-----------+----------+--------+--------+
| EmpName | EmpDept | EmpSalary | EmpDesig | EmpAge | EmpExp |
+---------+---------+-----------+----------+--------+--------+
| chandra | MIS     |     12000 | Jr SE    |     23 |      3 |
| Anandh  | MIS     |     12000 | Jr SE    |     23 |      3 |
| Anandhi | MIS     |     12000 | Sr SE    |     27 |      3 |
| Kamal   | HRD     |     15000 | Sr HR    |     32 |      2 |
| Kamala  | HRD     |     10000 | Jr HR    |     30 |      2 |
+---------+---------+-----------+----------+--------+--------+
5 rows in set (0.00 sec)

MariaDB [sample_db]> select EmpDept,count(*) from Employee group by EmpDept;
+---------+----------+
| EmpDept | count(*) |
+---------+----------+
| HRD     |        2 |
| MIS     |        3 |
+---------+----------+
2 rows in set (0.01 sec)

MariaDB [sample_db]> select EmpDept,sum(EmpSalary) from Employee group by EmpDept;
+---------+----------------+
| EmpDept | sum(EmpSalary) |
+---------+----------------+
| HRD     |          25000 |
| MIS     |          36000 |
+---------+----------------+
2 rows in set (0.02 sec)

MariaDB [sample_db]> insert into Employee values('Kamal hassan','Sr Mgmt',32000,'MD',42);
ERROR 1136 (21S01): Column count doesn't match value count at row 1
MariaDB [sample_db]> insert into Employee values('Kamal hassan','Sr Mgmt',32000,'MD',42,15);
Query OK, 1 row affected (0.03 sec)

MariaDB [sample_db]> select * from Employee;
+--------------+---------+-----------+----------+--------+--------+
| EmpName      | EmpDept | EmpSalary | EmpDesig | EmpAge | EmpExp |
+--------------+---------+-----------+----------+--------+--------+
| chandra      | MIS     |     12000 | Jr SE    |     23 |      3 |
| Anandh       | MIS     |     12000 | Jr SE    |     23 |      3 |
| Anandhi      | MIS     |     12000 | Sr SE    |     27 |      3 |
| Kamal        | HRD     |     15000 | Sr HR    |     32 |      2 |
| Kamala       | HRD     |     10000 | Jr HR    |     30 |      2 |
| Kamal hassan | Sr Mgmt |     32000 | MD       |     42 |     15 |
+--------------+---------+-----------+----------+--------+--------+
6 rows in set (0.01 sec)
 Employee set EmpExp=2 where EmpName='%h%';
Query OK, 0 rows affected (0.00 sec)
Rows matched: 0  Changed: 0  Warnings: 0

MariaDB [sample_db]> update Employee set EmpExp=2chandrasekar@client50:~$ mysql -u root -p
Enter password: 
Welcome to the MariaDB monitor.  Commands end with ; or \g.
Your MariaDB connection id is 31
Server version: 5.5.31-MariaDB-1~precise-log mariadb.org binary distribution

Copyright (c) 2000, 2013, Oracle, Monty Program Ab and others.

Type 'help;' or '\h' for help. Type '\c' to clear the current input statement.

MariaDB [(none)]> create database sample_db;
Query OK, 1 row affected (0.03 sec)

MariaDB [(none)]> show databases;
+--------------------+
| Database           |
+--------------------+
| information_schema |
| mysql              |
| performance_schema |
| sample_db          |
+--------------------+
4 rows in set (0.01 sec)

MariaDB [(none)]> create table Employee
    -> (EmpName varchar(25),
    -> EmpDept varchar(25),
    -> EmpSalary  number(7),
    -> EmpDesig varchar(20),
    -> );
ERROR 1046 (3D000): No database selected
MariaDB [(none)]> use sample_db;
Database changed
MariaDB [sample_db]> create table Employee
    ->     -> (EmpName varchar(25),
    ->     -> EmpDept varchar(25),
    ->     -> EmpSalary  number(7),
    ->     -> EmpDesig varchar(20),
    ->     -> 
    -> );
ERROR 1064 (42000): You have an error in your SQL syntax; check the manual that corresponds to your MariaDB server version for the right syntax to use near '-> (EmpName varchar(25),
    -> EmpDept varchar(25),
    -> EmpSalary  number(7)' at line 2
MariaDB [sample_db]> create table Employee
    -> (EmpName varchar(25),
    -> EmpDept varchar(25),
    -> EmpSalary  number(7),
    -> EmpDesig varchar(20),
    -> EmpAge number(2));
ERROR 1064 (42000): You have an error in your SQL syntax; check the manual that corresponds to your MariaDB server version for the right syntax to use near 'number(7),
EmpDesig varchar(20),
EmpAge number(2))' at line 4
MariaDB [sample_db]> create table Employee
    -> (EmpName varchar(25),
    -> EmpDept varchar(25),
    -> EmpSalary  int(7),
    -> EmpDesig varchar(20),
    -> EmpAge int(2));
Query OK, 0 rows affected (0.28 sec)

MariaDB [sample_db]> insert into Sample_db values('chandra','MIS',12000,'Jr SE',23);
ERROR 1146 (42S02): Table 'sample_db.Sample_db' doesn't exist
MariaDB [sample_db]> insert into Employee values('chandra','MIS',12000,'Jr SE',23);Query OK, 1 row affected (0.05 sec)

MariaDB [sample_db]> show Employee;
ERROR 1064 (42000): You have an error in your SQL syntax; check the manual that corresponds to your MariaDB server version for the right syntax to use near 'Employee' at line 1
MariaDB [sample_db]> select * from Employee;
+---------+---------+-----------+----------+--------+
| EmpName | EmpDept | EmpSalary | EmpDesig | EmpAge |
+---------+---------+-----------+----------+--------+
| chandra | MIS     |     12000 | Jr SE    |     23 |
+---------+---------+-----------+----------+--------+
1 row in set (0.00 sec)

MariaDB [sample_db]> insert into Employee values('Anandh','MIS',12000,'Jr SE',23);
Query OK, 1 row affected (0.02 sec)

MariaDB [sample_db]> insert into Employee values('Anandhi','MIS',12000,'Sr SE',27);
Query OK, 1 row affected (0.02 sec)

MariaDB [sample_db]> insert into Employee values('Kamal','HRD',15000,'Sr HR',32);
Query OK, 1 row affected (0.02 sec)

MariaDB [sample_db]> insert into Employee values('Kamala','HRD',10000,'Jr HR',28);
Query OK, 1 row affected (0.03 sec)

MariaDB [sample_db]> select * from Employee;
+---------+---------+-----------+----------+--------+
| EmpName | EmpDept | EmpSalary | EmpDesig | EmpAge |
+---------+---------+-----------+----------+--------+
| chandra | MIS     |     12000 | Jr SE    |     23 |
| Anandh  | MIS     |     12000 | Jr SE    |     23 |
| Anandhi | MIS     |     12000 | Sr SE    |     27 |
| Kamal   | HRD     |     15000 | Sr HR    |     32 |
| Kamala  | HRD     |     10000 | Jr HR    |     28 |
+---------+---------+-----------+----------+--------+
5 rows in set (0.00 sec)

MariaDB [sample_db]> update Employee set EmpAge=30 where EmpName='Kamala';
Query OK, 1 row affected (0.04 sec)
Rows matched: 1  Changed: 1  Warnings: 0

MariaDB [sample_db]> select * from Employee;
+---------+---------+-----------+----------+--------+
| EmpName | EmpDept | EmpSalary | EmpDesig | EmpAge |
+---------+---------+-----------+----------+--------+
| chandra | MIS     |     12000 | Jr SE    |     23 |
| Anandh  | MIS     |     12000 | Jr SE    |     23 |
| Anandhi | MIS     |     12000 | Sr SE    |     27 |
| Kamal   | HRD     |     15000 | Sr HR    |     32 |
| Kamala  | HRD     |     10000 | Jr HR    |     30 |
+---------+---------+-----------+----------+--------+
5 rows in set (0.00 sec)

MariaDB [sample_db]> select distinct EmpSalary from Employee where EmpDept like 'HRD';
+-----------+
| EmpSalary |
+-----------+
|     15000 |
|     10000 |
+-----------+
2 rows in set (0.03 sec)

MariaDB [sample_db]> alter table Employee add(EmpExp int(3));
Query OK, 5 rows affected (0.28 sec)               
Records: 5  Duplicates: 0  Warnings: 0

MariaDB [sample_db]> select * from Employee;
+---------+---------+-----------+----------+--------+--------+
| EmpName | EmpDept | EmpSalary | EmpDesig | EmpAge | EmpExp |
+---------+---------+-----------+----------+--------+--------+
| chandra | MIS     |     12000 | Jr SE    |     23 |   NULL |
| Anandh  | MIS     |     12000 | Jr SE    |     23 |   NULL |
| Anandhi | MIS     |     12000 | Sr SE    |     27 |   NULL |
| Kamal   | HRD     |     15000 | Sr HR    |     32 |   NULL |
| Kamala  | HRD     |     10000 | Jr HR    |     30 |   NULL |
+---------+---------+-----------+----------+--------+--------+
5 rows in set (0.00 sec)

MariaDB [sample_db]> update Employee set EmpExp=2 where EmpName='___n%';
Query OK, 0 rows affected (0.00 sec)
Rows matched: 0  Changed: 0  Warnings: 0

MariaDB [sample_db]> select * from Employee;
+---------+---------+-----------+----------+--------+--------+
| EmpName | EmpDept | EmpSalary | EmpDesig | EmpAge | EmpExp |
+---------+---------+-----------+----------+--------+--------+
| chandra | MIS     |     12000 | Jr SE    |     23 |   NULL |
| Anandh  | MIS     |     12000 | Jr SE    |     23 |   NULL |
| Anandhi | MIS     |     12000 | Sr SE    |     27 |   NULL |
| Kamal   | HRD     |     15000 | Sr HR    |     32 |   NULL |
| Kamala  | HRD     |     10000 | Jr HR    |     30 |   NULL |
+---------+---------+-----------+----------+--------+--------+
5 rows in set (0.00 sec)

MariaDB [sample_db]> update Employee set EmpExp=2;
Query OK, 5 rows affected (0.06 sec)
Rows matched: 5  Changed: 5  Warnings: 0

MariaDB [sample_db]> update Employee set EmpExp=2 where EmpName='%h%';
Query OK, 0 rows affected (0.00 sec)
Rows matched: 0  Changed: 0  Warnings: 0

MariaDB [sample_db]> update Employee set EmpExp=2 where EmpName like '%h%';
Query OK, 0 rows affected (0.03 sec)
Rows matched: 3  Changed: 0  Warnings: 0

MariaDB [sample_db]> select * from Employee;
+---------+---------+-----------+----------+--------+--------+
| EmpName | EmpDept | EmpSalary | EmpDesig | EmpAge | EmpExp |
+---------+---------+-----------+----------+--------+--------+
| chandra | MIS     |     12000 | Jr SE    |     23 |      2 |
| Anandh  | MIS     |     12000 | Jr SE    |     23 |      2 |
| Anandhi | MIS     |     12000 | Sr SE    |     27 |      2 |
| Kamal   | HRD     |     15000 | Sr HR    |     32 |      2 |
| Kamala  | HRD     |     10000 | Jr HR    |     30 |      2 |
+---------+---------+-----------+----------+--------+--------+
5 rows in set (0.00 sec)

MariaDB [sample_db]> update Employee set EmpExp=3 where EmpName like '%h%';
Query OK, 3 rows affected (0.03 sec)
Rows matched: 3  Changed: 3  Warnings: 0

MariaDB [sample_db]> select * from Employee;
+---------+---------+-----------+----------+--------+--------+
| EmpName | EmpDept | EmpSalary | EmpDesig | EmpAge | EmpExp |
+---------+---------+-----------+----------+--------+--------+
| chandra | MIS     |     12000 | Jr SE    |     23 |      3 |
| Anandh  | MIS     |     12000 | Jr SE    |     23 |      3 |
| Anandhi | MIS     |     12000 | Sr SE    |     27 |      3 |
| Kamal   | HRD     |     15000 | Sr HR    |     32 |      2 |
| Kamala  | HRD     |     10000 | Jr HR    |     30 |      2 |
+---------+---------+-----------+----------+--------+--------+
5 rows in set (0.00 sec)

MariaDB [sample_db]> select EmpDept,count(*) from Employee group by EmpDept;
+---------+----------+
| EmpDept | count(*) |
+---------+----------+
| HRD     |        2 |
| MIS     |        3 |
+---------+----------+
2 rows in set (0.01 sec)

MariaDB [sample_db]> select EmpDept,sum(EmpSalary) from Employee group by EmpDept;
+---------+----------------+
| EmpDept | sum(EmpSalary) |
+---------+----------------+
| HRD     |          25000 |
| MIS     |          36000 |
+---------+----------------+
2 rows in set (0.02 sec)

MariaDB [sample_db]> insert into Employee values('Kamal hassan','Sr Mgmt',32000,'MD',42);
ERROR 1136 (21S01): Column count doesn't match value count at row 1
MariaDB [sample_db]> insert into Employee values('Kamal hassan','Sr Mgmt',32000,'MD',42,15);
Query OK, 1 row affected (0.03 sec)

MariaDB [sample_db]> select * from Employee;
+--------------+---------+-----------+----------+--------+--------+
| EmpName      | EmpDept | EmpSalary | EmpDesig | EmpAge | EmpExp |
+--------------+---------+-----------+----------+--------+--------+
| chandra      | MIS     |     12000 | Jr SE    |     23 |      3 |
| Anandh       | MIS     |     12000 | Jr SE    |     23 |      3 |
| Anandhi      | MIS     |     12000 | Sr SE    |     27 |      3 |
| Kamal        | HRD     |     15000 | Sr HR    |     32 |      2 |
| Kamala       | HRD     |     10000 | Jr HR    |     30 |      2 |
| Kamal hassan | Sr Mgmt |     32000 | MD       |     42 |     15 |
+--------------+---------+-----------+----------+--------+--------+
6 rows in set (0.01 sec)
 where EmpName like '%h%';
Query OK, 0 rows affected (0.03 sec)
Rows matched: 3  Changed: 0  Warnings: 0
chandrasekar@client50:~$ mysql -u root -p
Enter password: 
Welcome to the MariaDB monitor.  Commands end with ; or \g.
Your MariaDB connection id is 31
Server version: 5.5.31-MariaDB-1~precise-log mariadb.org binary distribution

Copyright (c) 2000, 2013, Oracle, Monty Program Ab and others.

Type 'help;' or '\h' for help. Type '\c' to clear the current input statement.

MariaDB [(none)]> create database sample_db;
Query OK, 1 row affected (0.03 sec)

MariaDB [(none)]> show databases;
+--------------------+
| Database           |
+--------------------+
| information_schema |
| mysql              |
| performance_schema |
| sample_db          |
+--------------------+
4 rows in set (0.01 sec)

MariaDB [(none)]> create table Employee
    -> (EmpName varchar(25),
    -> EmpDept varchar(25),
    -> EmpSalary  number(7),
    -> EmpDesig varchar(20),
    -> );
ERROR 1046 (3D000): No database selected
MariaDB [(none)]> use sample_db;
Database changed
MariaDB [sample_db]> create table Employee
    ->     -> (EmpName varchar(25),
    ->     -> EmpDept varchar(25),
    ->     -> EmpSalary  number(7),
    ->     -> EmpDesig varchar(20),
    ->     -> 
    -> );
ERROR 1064 (42000): You have an error in your SQL syntax; check the manual that corresponds to your MariaDB server version for the right syntax to use near '-> (EmpName varchar(25),
    -> EmpDept varchar(25),
    -> EmpSalary  number(7)' at line 2
MariaDB [sample_db]> create table Employee
    -> (EmpName varchar(25),
    -> EmpDept varchar(25),
    -> EmpSalary  number(7),
    -> EmpDesig varchar(20),
    -> EmpAge number(2));
ERROR 1064 (42000): You have an error in your SQL syntax; check the manual that corresponds to your MariaDB server version for the right syntax to use near 'number(7),
EmpDesig varchar(20),
EmpAge number(2))' at line 4
MariaDB [sample_db]> create table Employee
    -> (EmpName varchar(25),
    -> EmpDept varchar(25),
    -> EmpSalary  int(7),
    -> EmpDesig varchar(20),
    -> EmpAge int(2));
Query OK, 0 rows affected (0.28 sec)

MariaDB [sample_db]> insert into Sample_db values('chandra','MIS',12000,'Jr SE',23);
ERROR 1146 (42S02): Table 'sample_db.Sample_db' doesn't exist
MariaDB [sample_db]> insert into Employee values('chandra','MIS',12000,'Jr SE',23);Query OK, 1 row affected (0.05 sec)

MariaDB [sample_db]> show Employee;
ERROR 1064 (42000): You have an error in your SQL syntax; check the manual that corresponds to your MariaDB server version for the right syntax to use near 'Employee' at line 1
MariaDB [sample_db]> select * from Employee;
+---------+---------+-----------+----------+--------+
| EmpName | EmpDept | EmpSalary | EmpDesig | EmpAge |
+---------+---------+-----------+----------+--------+
| chandra | MIS     |     12000 | Jr SE    |     23 |
+---------+---------+-----------+----------+--------+
1 row in set (0.00 sec)

MariaDB [sample_db]> insert into Employee values('Anandh','MIS',12000,'Jr SE',23);
Query OK, 1 row affected (0.02 sec)

MariaDB [sample_db]> insert into Employee values('Anandhi','MIS',12000,'Sr SE',27);
Query OK, 1 row affected (0.02 sec)

MariaDB [sample_db]> insert into Employee values('Kamal','HRD',15000,'Sr HR',32);
Query OK, 1 row affected (0.02 sec)

MariaDB [sample_db]> insert into Employee values('Kamala','HRD',10000,'Jr HR',28);
Query OK, 1 row affected (0.03 sec)

MariaDB [sample_db]> select * from Employee;
+---------+---------+-----------+----------+--------+
| EmpName | EmpDept | EmpSalary | EmpDesig | EmpAge |
+---------+---------+-----------+----------+--------+
| chandra | MIS     |     12000 | Jr SE    |     23 |
| Anandh  | MIS     |     12000 | Jr SE    |     23 |
| Anandhi | MIS     |     12000 | Sr SE    |     27 |
| Kamal   | HRD     |     15000 | Sr HR    |     32 |
| Kamala  | HRD     |     10000 | Jr HR    |     28 |
+---------+---------+-----------+----------+--------+
5 rows in set (0.00 sec)

MariaDB [sample_db]> update Employee set EmpAge=30 where EmpName='Kamala';
Query OK, 1 row affected (0.04 sec)
Rows matched: 1  Changed: 1  Warnings: 0

MariaDB [sample_db]> select * from Employee;
+---------+---------+-----------+----------+--------+
| EmpName | EmpDept | EmpSalary | EmpDesig | EmpAge |
+---------+---------+-----------+----------+--------+
| chandra | MIS     |     12000 | Jr SE    |     23 |
| Anandh  | MIS     |     12000 | Jr SE    |     23 |
| Anandhi | MIS     |     12000 | Sr SE    |     27 |
| Kamal   | HRD     |     15000 | Sr HR    |     32 |
| Kamala  | HRD     |     10000 | Jr HR    |     30 |
+---------+---------+-----------+----------+--------+
5 rows in set (0.00 sec)

MariaDB [sample_db]> select distinct EmpSalary from Employee where EmpDept like 'HRD';
+-----------+
| EmpSalary |
+-----------+
|     15000 |
|     10000 |
+-----------+
2 rows in set (0.03 sec)

MariaDB [sample_db]> alter table Employee add(EmpExp int(3));
Query OK, 5 rows affected (0.28 sec)               
Records: 5  Duplicates: 0  Warnings: 0

MariaDB [sample_db]> select * from Employee;
+---------+---------+-----------+----------+--------+--------+
| EmpName | EmpDept | EmpSalary | EmpDesig | EmpAge | EmpExp |
+---------+---------+-----------+----------+--------+--------+
| chandra | MIS     |     12000 | Jr SE    |     23 |   NULL |
| Anandh  | MIS     |     12000 | Jr SE    |     23 |   NULL |
| Anandhi | MIS     |     12000 | Sr SE    |     27 |   NULL |
| Kamal   | HRD     |     15000 | Sr HR    |     32 |   NULL |
| Kamala  | HRD     |     10000 | Jr HR    |     30 |   NULL |
+---------+---------+-----------+----------+--------+--------+
5 rows in set (0.00 sec)

MariaDB [sample_db]> update Employee set EmpExp=2 where EmpName='___n%';
Query OK, 0 rows affected (0.00 sec)
Rows matched: 0  Changed: 0  Warnings: 0

MariaDB [sample_db]> select * from Employee;
+---------+---------+-----------+----------+--------+--------+
| EmpName | EmpDept | EmpSalary | EmpDesig | EmpAge | EmpExp |
+---------+---------+-----------+----------+--------+--------+
| chandra | MIS     |     12000 | Jr SE    |     23 |   NULL |
| Anandh  | MIS     |     12000 | Jr SE    |     23 |   NULL |
| Anandhi | MIS     |     12000 | Sr SE    |     27 |   NULL |
| Kamal   | HRD     |     15000 | Sr HR    |     32 |   NULL |
| Kamala  | HRD     |     10000 | Jr HR    |     30 |   NULL |
+---------+---------+-----------+----------+--------+--------+
5 rows in set (0.00 sec)

MariaDB [sample_db]> update Employee set EmpExp=2;
Query OK, 5 rows affected (0.06 sec)
Rows matched: 5  Changed: 5  Warnings: 0

MariaDB [sample_db]> update Employee set EmpExp=2 where EmpName='%h%';
Query OK, 0 rows affected (0.00 sec)
Rows matched: 0  Changed: 0  Warnings: 0

MariaDB [sample_db]> update Employee set EmpExp=2 where EmpName like '%h%';
Query OK, 0 rows affected (0.03 sec)
Rows matched: 3  Changed: 0  Warnings: 0

MariaDB [sample_db]> select * from Employee;
+---------+---------+-----------+----------+--------+--------+
| EmpName | EmpDept | EmpSalary | EmpDesig | EmpAge | EmpExp |
+---------+---------+-----------+----------+--------+--------+
| chandra | MIS     |     12000 | Jr SE    |     23 |      2 |
| Anandh  | MIS     |     12000 | Jr SE    |     23 |      2 |
| Anandhi | MIS     |     12000 | Sr SE    |     27 |      2 |
| Kamal   | HRD     |     15000 | Sr HR    |     32 |      2 |
| Kamala  | HRD     |     10000 | Jr HR    |     30 |      2 |
+---------+---------+-----------+----------+--------+--------+
5 rows in set (0.00 sec)

MariaDB [sample_db]> update Employee set EmpExp=3 where EmpName like '%h%';
Query OK, 3 rows affected (0.03 sec)
Rows matched: 3  Changed: 3  Warnings: 0

MariaDB [sample_db]> select * from Employee;
+---------+---------+-----------+----------+--------+--------+
| EmpName | EmpDept | EmpSalary | EmpDesig | EmpAge | EmpExp |
+---------+---------+-----------+----------+--------+--------+
| chandra | MIS     |     12000 | Jr SE    |     23 |      3 |
| Anandh  | MIS     |     12000 | Jr SE    |     23 |      3 |
| Anandhi | MIS     |     12000 | Sr SE    |     27 |      3 |
| Kamal   | HRD     |     15000 | Sr HR    |     32 |      2 |
| Kamala  | HRD     |     10000 | Jr HR    |     30 |      2 |
+---------+---------+-----------+----------+--------+--------+
5 rows in set (0.00 sec)

MariaDB [sample_db]> select EmpDept,count(*) from Employee group by EmpDept;
+---------+----------+
| EmpDept | count(*) |
+---------+----------+
| HRD     |        2 |
| MIS     |        3 |
+---------+----------+
2 rows in set (0.01 sec)

MariaDB [sample_db]> select EmpDept,sum(EmpSalary) from Employee group by EmpDept;
+---------+----------------+
| EmpDept | sum(EmpSalary) |
+---------+----------------+
| HRD     |          25000 |
| MIS     |          36000 |
+---------+----------------+
2 rows in set (0.02 sec)

MariaDB [sample_db]> insert into Employee values('Kamal hassan','Sr Mgmt',32000,'MD',42);
ERROR 1136 (21S01): Column count doesn't match value count at row 1
MariaDB [sample_db]> insert into Employee values('Kamal hassan','Sr Mgmt',32000,'MD',42,15);
Query OK, 1 row affected (0.03 sec)

MariaDB [sample_db]> select * from Employee;
+--------------+---------+-----------+----------+--------+--------+
| EmpName      | EmpDept | EmpSalary | EmpDesig | EmpAge | EmpExp |
+--------------+---------+-----------+----------+--------+--------+
| chandra      | MIS     |     12000 | Jr SE    |     23 |      3 |
| Anandh       | MIS     |     12000 | Jr SE    |     23 |      3 |
| Anandhi      | MIS     |     12000 | Sr SE    |     27 |      3 |
| Kamal        | HRD     |     15000 | Sr HR    |     32 |      2 |
| Kamala       | HRD     |     10000 | Jr HR    |     30 |      2 |
| Kamal hassan | Sr Mgmt |     32000 | MD       |     42 |     15 |
+--------------+---------+-----------+----------+--------+--------+
6 rows in set (0.01 sec)

MariaDB [sample_db]> select * from Employee;
+---------+---------+-----------+----------+--------+--------+
| EmpName | EmpDept | EmpSalary | EmpDesig | EmpAge | EmpExp |
+---------+---------+-----------+----------+--------+--------+
| chandra | MIS     |     12000 | Jr SE    |     23 |      2 |
| Anandh  | MIS     |     12000 | Jr SE    |     23 |      2 |chandrasekar@client50:~$ mysql -u root -p
Enter password: 
Welcome to the MariaDB monitor.  Commands end with ; or \g.
Your MariaDB connection id is 31
Server version: 5.5.31-MariaDB-1~precise-log mariadb.org binary distribution

Copyright (c) 2000, 2013, Oracle, Monty Program Ab and others.

Type 'help;' or '\h' for help. Type '\c' to clear the current input statement.

MariaDB [(none)]> create database sample_db;
Query OK, 1 row affected (0.03 sec)

MariaDB [(none)]> show databases;
+--------------------+
| Database           |
+--------------------+
| information_schema |
| mysql              |
| performance_schema |
| sample_db          |
+--------------------+
4 rows in set (0.01 sec)

MariaDB [(none)]> create table Employee
    -> (EmpName varchar(25),
    -> EmpDept varchar(25),
    -> EmpSalary  number(7),
    -> EmpDesig varchar(20),
    -> );
ERROR 1046 (3D000): No database selected
MariaDB [(none)]> use sample_db;
Database changed
MariaDB [sample_db]> create table Employee
    ->     -> (EmpName varchar(25),
    ->     -> EmpDept varchar(25),
    ->     -> EmpSalary  number(7),
    ->     -> EmpDesig varchar(20),
    ->     -> 
    -> );
ERROR 1064 (42000): You have an error in your SQL syntax; check the manual that corresponds to your MariaDB server version for the right syntax to use near '-> (EmpName varchar(25),
    -> EmpDept varchar(25),
    -> EmpSalary  number(7)' at line 2
MariaDB [sample_db]> create table Employee
    -> (EmpName varchar(25),
    -> EmpDept varchar(25),
    -> EmpSalary  number(7),
    -> EmpDesig varchar(20),
    -> EmpAge number(2));
ERROR 1064 (42000): You have an error in your SQL syntax; check the manual that corresponds to your MariaDB server version for the right syntax to use near 'number(7),
EmpDesig varchar(20),
EmpAge number(2))' at line 4
MariaDB [sample_db]> create table Employee
    -> (EmpName varchar(25),
    -> EmpDept varchar(25),
    -> EmpSalary  int(7),
    -> EmpDesig varchar(20),
    -> EmpAge int(2));
Query OK, 0 rows affected (0.28 sec)

MariaDB [sample_db]> insert into Sample_db values('chandra','MIS',12000,'Jr SE',23);
ERROR 1146 (42S02): Table 'sample_db.Sample_db' doesn't exist
MariaDB [sample_db]> insert into Employee values('chandra','MIS',12000,'Jr SE',23);Query OK, 1 row affected (0.05 sec)

MariaDB [sample_db]> show Employee;
ERROR 1064 (42000): You have an error in your SQL syntax; check the manual that corresponds to your MariaDB server version for the right syntax to use near 'Employee' at line 1
MariaDB [sample_db]> select * from Employee;
+---------+---------+-----------+----------+--------+
| EmpName | EmpDept | EmpSalary | EmpDesig | EmpAge |
+---------+---------+-----------+----------+--------+
| chandra | MIS     |     12000 | Jr SE    |     23 |
+---------+---------+-----------+----------+--------+
1 row in set (0.00 sec)

MariaDB [sample_db]> insert into Employee values('Anandh','MIS',12000,'Jr SE',23);
Query OK, 1 row affected (0.02 sec)

MariaDB [sample_db]> insert into Employee values('Anandhi','MIS',12000,'Sr SE',27);
Query OK, 1 row affected (0.02 sec)

MariaDB [sample_db]> insert into Employee values('Kamal','HRD',15000,'Sr HR',32);
Query OK, 1 row affected (0.02 sec)

MariaDB [sample_db]> insert into Employee values('Kamala','HRD',10000,'Jr HR',28);
Query OK, 1 row affected (0.03 sec)

MariaDB [sample_db]> select * from Employee;
+---------+---------+-----------+----------+--------+
| EmpName | EmpDept | EmpSalary | EmpDesig | EmpAge |
+---------+---------+-----------+----------+--------+
| chandra | MIS     |     12000 | Jr SE    |     23 |
| Anandh  | MIS     |     12000 | Jr SE    |     23 |
| Anandhi | MIS     |     12000 | Sr SE    |     27 |
| Kamal   | HRD     |     15000 | Sr HR    |     32 |
| Kamala  | HRD     |     10000 | Jr HR    |     28 |
+---------+---------+-----------+----------+--------+
5 rows in set (0.00 sec)

MariaDB [sample_db]> update Employee set EmpAge=30 where EmpName='Kamala';
Query OK, 1 row affected (0.04 sec)
Rows matched: 1  Changed: 1  Warnings: 0

MariaDB [sample_db]> select * from Employee;
+---------+---------+-----------+----------+--------+
| EmpName | EmpDept | EmpSalary | EmpDesig | EmpAge |
+---------+---------+-----------+----------+--------+
| chandra | MIS     |     12000 | Jr SE    |     23 |
| Anandh  | MIS     |     12000 | Jr SE    |     23 |
| Anandhi | MIS     |     12000 | Sr SE    |     27 |
| Kamal   | HRD     |     15000 | Sr HR    |     32 |
| Kamala  | HRD     |     10000 | Jr HR    |     30 |
+---------+---------+-----------+----------+--------+
5 rows in set (0.00 sec)

MariaDB [sample_db]> select distinct EmpSalary from Employee where EmpDept like 'HRD';
+-----------+
| EmpSalary |
+-----------+
|     15000 |
|     10000 |
+-----------+
2 rows in set (0.03 sec)

MariaDB [sample_db]> alter table Employee add(EmpExp int(3));
Query OK, 5 rows affected (0.28 sec)               
Records: 5  Duplicates: 0  Warnings: 0

MariaDB [sample_db]> select * from Employee;
+---------+---------+-----------+----------+--------+--------+
| EmpName | EmpDept | EmpSalary | EmpDesig | EmpAge | EmpExp |
+---------+---------+-----------+----------+--------+--------+
| chandra | MIS     |     12000 | Jr SE    |     23 |   NULL |
| Anandh  | MIS     |     12000 | Jr SE    |     23 |   NULL |
| Anandhi | MIS     |     12000 | Sr SE    |     27 |   NULL |
| Kamal   | HRD     |     15000 | Sr HR    |     32 |   NULL |
| Kamala  | HRD     |     10000 | Jr HR    |     30 |   NULL |
+---------+---------+-----------+----------+--------+--------+
5 rows in set (0.00 sec)

MariaDB [sample_db]> update Employee set EmpExp=2 where EmpName='___n%';
Query OK, 0 rows affected (0.00 sec)
Rows matched: 0  Changed: 0  Warnings: 0

MariaDB [sample_db]> select * from Employee;
+---------+---------+-----------+----------+--------+--------+
| EmpName | EmpDept | EmpSalary | EmpDesig | EmpAge | EmpExp |
+---------+---------+-----------+----------+--------+--------+
| chandra | MIS     |     12000 | Jr SE    |     23 |   NULL |
| Anandh  | MIS     |     12000 | Jr SE    |     23 |   NULL |
| Anandhi | MIS     |     12000 | Sr SE    |     27 |   NULL |
| Kamal   | HRD     |     15000 | Sr HR    |     32 |   NULL |
| Kamala  | HRD     |     10000 | Jr HR    |     30 |   NULL |
+---------+---------+-----------+----------+--------+--------+
5 rows in set (0.00 sec)

MariaDB [sample_db]> update Employee set EmpExp=2;
Query OK, 5 rows affected (0.06 sec)
Rows matched: 5  Changed: 5  Warnings: 0

MariaDB [sample_db]> update Employee set EmpExp=2 where EmpName='%h%';
Query OK, 0 rows affected (0.00 sec)
Rows matched: 0  Changed: 0  Warnings: 0

MariaDB [sample_db]> update Employee set EmpExp=2 where EmpName like '%h%';
Query OK, 0 rows affected (0.03 sec)
Rows matched: 3  Changed: 0  Warnings: 0

MariaDB [sample_db]> select * from Employee;
+---------+---------+-----------+----------+--------+--------+
| EmpName | EmpDept | EmpSalary | EmpDesig | EmpAge | EmpExp |
+---------+---------+-----------+----------+--------+--------+
| chandra | MIS     |     12000 | Jr SE    |     23 |      2 |
| Anandh  | MIS     |     12000 | Jr SE    |     23 |      2 |
| Anandhi | MIS     |     12000 | Sr SE    |     27 |      2 |
| Kamal   | HRD     |     15000 | Sr HR    |     32 |      2 |
| Kamala  | HRD     |     10000 | Jr HR    |     30 |      2 |
+---------+---------+-----------+----------+--------+--------+
5 rows in set (0.00 sec)

MariaDB [sample_db]> update Employee set EmpExp=3 where EmpName like '%h%';
Query OK, 3 rows affected (0.03 sec)
Rows matched: 3  Changed: 3  Warnings: 0

MariaDB [sample_db]> select * from Employee;
+---------+---------+-----------+----------+--------+--------+
| EmpName | EmpDept | EmpSalary | EmpDesig | EmpAge | EmpExp |
+---------+---------+-----------+----------+--------+--------+
| chandra | MIS     |     12000 | Jr SE    |     23 |      3 |
| Anandh  | MIS     |     12000 | Jr SE    |     23 |      3 |
| Anandhi | MIS     |     12000 | Sr SE    |     27 |      3 |
| Kamal   | HRD     |     15000 | Sr HR    |     32 |      2 |
| Kamala  | HRD     |     10000 | Jr HR    |     30 |      2 |
+---------+---------+-----------+----------+--------+--------+
5 rows in set (0.00 sec)

MariaDB [sample_db]> select EmpDept,count(*) from Employee group by EmpDept;
+---------+----------+
| EmpDept | count(*) |
+---------+----------+
| HRD     |        2 |
| MIS     |        3 |
+---------+----------+
2 rows in set (0.01 sec)

MariaDB [sample_db]> select EmpDept,sum(EmpSalary) from Employee group by EmpDept;
+---------+----------------+
| EmpDept | sum(EmpSalary) |
+---------+----------------+
| HRD     |          25000 |
| MIS     |          36000 |
+---------+----------------+
2 rows in set (0.02 sec)

MariaDB [sample_db]> insert into Employee values('Kamal hassan','Sr Mgmt',32000,'MD',42);
ERROR 1136 (21S01): Column count doesn't match value count at row 1
MariaDB [sample_db]> insert into Employee values('Kamal hassan','Sr Mgmt',32000,'MD',42,15);
Query OK, 1 row affected (0.03 sec)

MariaDB [sample_db]> select * from Employee;
+--------------+---------+-----------+----------+--------+--------+
| EmpName      | EmpDept | EmpSalary | EmpDesig | EmpAge | EmpExp |
+--------------+---------+-----------+----------+--------+--------+
| chandra      | MIS     |     12000 | Jr SE    |     23 |      3 |
| Anandh       | MIS     |     12000 | Jr SE    |     23 |      3 |
| Anandhi      | MIS     |     12000 | Sr SE    |     27 |      3 |
| Kamal        | HRD     |     15000 | Sr HR    |     32 |      2 |
| Kamala       | HRD     |     10000 | Jr HR    |     30 |      2 |
| Kamal hassan | Sr Mgmt |     32000 | MD       |     42 |     15 |
+--------------+---------+-----------+----------+--------+--------+
6 rows in set (0.01 sec)

| Anandhi | MIS     |     12000 | Sr SE    |     27 |      2 |
| Kamal   | HRD     |     15000 | Sr HR    |     32 |      2 |
| Kamala  | HRD     |     10000 | Jr HR    |     30 |      2 |
+---------+---------+-----------+----------+--------+--------+
5 rows in set (0.00 sec)

MariaDB [sample_db]> update Employee set EmpExp=3 where EmpName like '%h%';
Query OK, 3 rows affected (0.03 sec)
Rows matched: 3  Changed: 3  Warnings: 0

MariaDB [sample_db]> select * from Employee;
+---------+---------+-----------+----------+--------+--------+chandrasekar@client50:~$ mysql -u root -p
Enter password: 
Welcome to the MariaDB monitor.  Commands end with ; or \g.
Your MariaDB connection id is 31
Server version: 5.5.31-MariaDB-1~precise-log mariadb.org binary distribution

Copyright (c) 2000, 2013, Oracle, Monty Program Ab and others.

Type 'help;' or '\h' for help. Type '\c' to clear the current input statement.

MariaDB [(none)]> create database sample_db;
Query OK, 1 row affected (0.03 sec)

MariaDB [(none)]> show databases;
+--------------------+
| Database           |
+--------------------+
| information_schema |
| mysql              |
| performance_schema |
| sample_db          |
+--------------------+
4 rows in set (0.01 sec)

MariaDB [(none)]> create table Employee
    -> (EmpName varchar(25),
    -> EmpDept varchar(25),
    -> EmpSalary  number(7),
    -> EmpDesig varchar(20),
    -> );
ERROR 1046 (3D000): No database selected
MariaDB [(none)]> use sample_db;
Database changed
MariaDB [sample_db]> create table Employee
    ->     -> (EmpName varchar(25),
    ->     -> EmpDept varchar(25),
    ->     -> EmpSalary  number(7),
    ->     -> EmpDesig varchar(20),
    ->     -> 
    -> );
ERROR 1064 (42000): You have an error in your SQL syntax; check the manual that corresponds to your MariaDB server version for the right syntax to use near '-> (EmpName varchar(25),
    -> EmpDept varchar(25),
    -> EmpSalary  number(7)' at line 2
MariaDB [sample_db]> create table Employee
    -> (EmpName varchar(25),
    -> EmpDept varchar(25),
    -> EmpSalary  number(7),
    -> EmpDesig varchar(20),
    -> EmpAge number(2));
ERROR 1064 (42000): You have an error in your SQL syntax; check the manual that corresponds to your MariaDB server version for the right syntax to use near 'number(7),
EmpDesig varchar(20),
EmpAge number(2))' at line 4
MariaDB [sample_db]> create table Employee
    -> (EmpName varchar(25),
    -> EmpDept varchar(25),
    -> EmpSalary  int(7),
    -> EmpDesig varchar(20),
    -> EmpAge int(2));
Query OK, 0 rows affected (0.28 sec)

MariaDB [sample_db]> insert into Sample_db values('chandra','MIS',12000,'Jr SE',23);
ERROR 1146 (42S02): Table 'sample_db.Sample_db' doesn't exist
MariaDB [sample_db]> insert into Employee values('chandra','MIS',12000,'Jr SE',23);Query OK, 1 row affected (0.05 sec)

MariaDB [sample_db]> show Employee;
ERROR 1064 (42000): You have an error in your SQL syntax; check the manual that corresponds to your MariaDB server version for the right syntax to use near 'Employee' at line 1
MariaDB [sample_db]> select * from Employee;
+---------+---------+-----------+----------+--------+
| EmpName | EmpDept | EmpSalary | EmpDesig | EmpAge |
+---------+---------+-----------+----------+--------+
| chandra | MIS     |     12000 | Jr SE    |     23 |
+---------+---------+-----------+----------+--------+
1 row in set (0.00 sec)

MariaDB [sample_db]> insert into Employee values('Anandh','MIS',12000,'Jr SE',23);
Query OK, 1 row affected (0.02 sec)

MariaDB [sample_db]> insert into Employee values('Anandhi','MIS',12000,'Sr SE',27);
Query OK, 1 row affected (0.02 sec)

MariaDB [sample_db]> insert into Employee values('Kamal','HRD',15000,'Sr HR',32);
Query OK, 1 row affected (0.02 sec)

MariaDB [sample_db]> insert into Employee values('Kamala','HRD',10000,'Jr HR',28);
Query OK, 1 row affected (0.03 sec)

MariaDB [sample_db]> select * from Employee;
+---------+---------+-----------+----------+--------+
| EmpName | EmpDept | EmpSalary | EmpDesig | EmpAge |
+---------+---------+-----------+----------+--------+
| chandra | MIS     |     12000 | Jr SE    |     23 |
| Anandh  | MIS     |     12000 | Jr SE    |     23 |
| Anandhi | MIS     |     12000 | Sr SE    |     27 |
| Kamal   | HRD     |     15000 | Sr HR    |     32 |
| Kamala  | HRD     |     10000 | Jr HR    |     28 |
+---------+---------+-----------+----------+--------+
5 rows in set (0.00 sec)

MariaDB [sample_db]> update Employee set EmpAge=30 where EmpName='Kamala';
Query OK, 1 row affected (0.04 sec)
Rows matched: 1  Changed: 1  Warnings: 0

MariaDB [sample_db]> select * from Employee;
+---------+---------+-----------+----------+--------+
| EmpName | EmpDept | EmpSalary | EmpDesig | EmpAge |
+---------+---------+-----------+----------+--------+
| chandra | MIS     |     12000 | Jr SE    |     23 |
| Anandh  | MIS     |     12000 | Jr SE    |     23 |
| Anandhi | MIS     |     12000 | Sr SE    |     27 |
| Kamal   | HRD     |     15000 | Sr HR    |     32 |
| Kamala  | HRD     |     10000 | Jr HR    |     30 |
+---------+---------+-----------+----------+--------+
5 rows in set (0.00 sec)

MariaDB [sample_db]> select distinct EmpSalary from Employee where EmpDept like 'HRD';
+-----------+
| EmpSalary |
+-----------+
|     15000 |
|     10000 |
+-----------+
2 rows in set (0.03 sec)

MariaDB [sample_db]> alter table Employee add(EmpExp int(3));
Query OK, 5 rows affected (0.28 sec)               
Records: 5  Duplicates: 0  Warnings: 0

MariaDB [sample_db]> select * from Employee;
+---------+---------+-----------+----------+--------+--------+
| EmpName | EmpDept | EmpSalary | EmpDesig | EmpAge | EmpExp |
+---------+---------+-----------+----------+--------+--------+
| chandra | MIS     |     12000 | Jr SE    |     23 |   NULL |
| Anandh  | MIS     |     12000 | Jr SE    |     23 |   NULL |
| Anandhi | MIS     |     12000 | Sr SE    |     27 |   NULL |
| Kamal   | HRD     |     15000 | Sr HR    |     32 |   NULL |
| Kamala  | HRD     |     10000 | Jr HR    |     30 |   NULL |
+---------+---------+-----------+----------+--------+--------+
5 rows in set (0.00 sec)

MariaDB [sample_db]> update Employee set EmpExp=2 where EmpName='___n%';
Query OK, 0 rows affected (0.00 sec)
Rows matched: 0  Changed: 0  Warnings: 0

MariaDB [sample_db]> select * from Employee;
+---------+---------+-----------+----------+--------+--------+
| EmpName | EmpDept | EmpSalary | EmpDesig | EmpAge | EmpExp |
+---------+---------+-----------+----------+--------+--------+
| chandra | MIS     |     12000 | Jr SE    |     23 |   NULL |
| Anandh  | MIS     |     12000 | Jr SE    |     23 |   NULL |
| Anandhi | MIS     |     12000 | Sr SE    |     27 |   NULL |
| Kamal   | HRD     |     15000 | Sr HR    |     32 |   NULL |
| Kamala  | HRD     |     10000 | Jr HR    |     30 |   NULL |
+---------+---------+-----------+----------+--------+--------+
5 rows in set (0.00 sec)

MariaDB [sample_db]> update Employee set EmpExp=2;
Query OK, 5 rows affected (0.06 sec)
Rows matched: 5  Changed: 5  Warnings: 0

MariaDB [sample_db]> update Employee set EmpExp=2 where EmpName='%h%';
Query OK, 0 rows affected (0.00 sec)
Rows matched: 0  Changed: 0  Warnings: 0

MariaDB [sample_db]> update Employee set EmpExp=2 where EmpName like '%h%';
Query OK, 0 rows affected (0.03 sec)
Rows matched: 3  Changed: 0  Warnings: 0

MariaDB [sample_db]> select * from Employee;
+---------+---------+-----------+----------+--------+--------+
| EmpName | EmpDept | EmpSalary | EmpDesig | EmpAge | EmpExp |
+---------+---------+-----------+----------+--------+--------+
| chandra | MIS     |     12000 | Jr SE    |     23 |      2 |
| Anandh  | MIS     |     12000 | Jr SE    |     23 |      2 |
| Anandhi | MIS     |     12000 | Sr SE    |     27 |      2 |
| Kamal   | HRD     |     15000 | Sr HR    |     32 |      2 |
| Kamala  | HRD     |     10000 | Jr HR    |     30 |      2 |
+---------+---------+-----------+----------+--------+--------+
5 rows in set (0.00 sec)

MariaDB [sample_db]> update Employee set EmpExp=3 where EmpName like '%h%';
Query OK, 3 rows affected (0.03 sec)
Rows matched: 3  Changed: 3  Warnings: 0

MariaDB [sample_db]> select * from Employee;
+---------+---------+-----------+----------+--------+--------+
| EmpName | EmpDept | EmpSalary | EmpDesig | EmpAge | EmpExp |
+---------+---------+-----------+----------+--------+--------+
| chandra | MIS     |     12000 | Jr SE    |     23 |      3 |
| Anandh  | MIS     |     12000 | Jr SE    |     23 |      3 |
| Anandhi | MIS     |     12000 | Sr SE    |     27 |      3 |
| Kamal   | HRD     |     15000 | Sr HR    |     32 |      2 |
| Kamala  | HRD     |     10000 | Jr HR    |     30 |      2 |
+---------+---------+-----------+----------+--------+--------+
5 rows in set (0.00 sec)

MariaDB [sample_db]> select EmpDept,count(*) from Employee group by EmpDept;
+---------+----------+
| EmpDept | count(*) |
+---------+----------+
| HRD     |        2 |
| MIS     |        3 |
+---------+----------+
2 rows in set (0.01 sec)

MariaDB [sample_db]> select EmpDept,sum(EmpSalary) from Employee group by EmpDept;
+---------+----------------+
| EmpDept | sum(EmpSalary) |
+---------+----------------+
| HRD     |          25000 |
| MIS     |          36000 |
+---------+----------------+
2 rows in set (0.02 sec)

MariaDB [sample_db]> insert into Employee values('Kamal hassan','Sr Mgmt',32000,'MD',42);
ERROR 1136 (21S01): Column count doesn't match value count at row 1
MariaDB [sample_db]> insert into Employee values('Kamal hassan','Sr Mgmt',32000,'MD',42,15);
Query OK, 1 row affected (0.03 sec)

MariaDB [sample_db]> select * from Employee;
+--------------+---------+-----------+----------+--------+--------+
| EmpName      | EmpDept | EmpSalary | EmpDesig | EmpAge | EmpExp |
+--------------+---------+-----------+----------+--------+--------+
| chandra      | MIS     |     12000 | Jr SE    |     23 |      3 |
| Anandh       | MIS     |     12000 | Jr SE    |     23 |      3 |
| Anandhi      | MIS     |     12000 | Sr SE    |     27 |      3 |
| Kamal        | HRD     |     15000 | Sr HR    |     32 |      2 |
| Kamala       | HRD     |     10000 | Jr HR    |     30 |      2 |
| Kamal hassan | Sr Mgmt |     32000 | MD       |     42 |     15 |
+--------------+---------+-----------+----------+--------+--------+
6 rows in set (0.01 sec)

| EmpName | EmpDept | EmpSalary | EmpDesig | EmpAge | EmpExp |
+---------+---------+-----------+----------+--------+--------+
| chandra | MIS     |     12000 | Jr SE    |     23 |      3 |
| Anandh  | MIS     |     12000 | Jr SE    |     23 |      3 |
| Anandhi | MIS     |     12000 | Sr SE    |     27 |      3 |
| Kamal   | HRD     |     15000 | Sr HR    |     32 |      2 |
| Kamala  | HRD     |     10000 | Jr HR    |     30 |      2 |
+---------+---------+-----------+----------+--------+--------+
5 rows in set (0.00 sec)

MariaDB [sample_db]> select EmpDept,count(*) from Employee group by EmpDept;
+---------+----------+
| EmpDept | count(*) |
+---------+----------+chandrasekar@client50:~$ mysql -u root -p
Enter password: 
Welcome to the MariaDB monitor.  Commands end with ; or \g.
Your MariaDB connection id is 31
Server version: 5.5.31-MariaDB-1~precise-log mariadb.org binary distribution

Copyright (c) 2000, 2013, Oracle, Monty Program Ab and others.

Type 'help;' or '\h' for help. Type '\c' to clear the current input statement.

MariaDB [(none)]> create database sample_db;
Query OK, 1 row affected (0.03 sec)

MariaDB [(none)]> show databases;
+--------------------+
| Database           |
+--------------------+
| information_schema |
| mysql              |
| performance_schema |
| sample_db          |
+--------------------+
4 rows in set (0.01 sec)

MariaDB [(none)]> create table Employee
    -> (EmpName varchar(25),
    -> EmpDept varchar(25),
    -> EmpSalary  number(7),
    -> EmpDesig varchar(20),
    -> );
ERROR 1046 (3D000): No database selected
MariaDB [(none)]> use sample_db;
Database changed
MariaDB [sample_db]> create table Employee
    ->     -> (EmpName varchar(25),
    ->     -> EmpDept varchar(25),
    ->     -> EmpSalary  number(7),
    ->     -> EmpDesig varchar(20),
    ->     -> 
    -> );
ERROR 1064 (42000): You have an error in your SQL syntax; check the manual that corresponds to your MariaDB server version for the right syntax to use near '-> (EmpName varchar(25),
    -> EmpDept varchar(25),
    -> EmpSalary  number(7)' at line 2
MariaDB [sample_db]> create table Employee
    -> (EmpName varchar(25),
    -> EmpDept varchar(25),
    -> EmpSalary  number(7),
    -> EmpDesig varchar(20),
    -> EmpAge number(2));
ERROR 1064 (42000): You have an error in your SQL syntax; check the manual that corresponds to your MariaDB server version for the right syntax to use near 'number(7),
EmpDesig varchar(20),
EmpAge number(2))' at line 4
MariaDB [sample_db]> create table Employee
    -> (EmpName varchar(25),
    -> EmpDept varchar(25),
    -> EmpSalary  int(7),
    -> EmpDesig varchar(20),
    -> EmpAge int(2));
Query OK, 0 rows affected (0.28 sec)

MariaDB [sample_db]> insert into Sample_db values('chandra','MIS',12000,'Jr SE',23);
ERROR 1146 (42S02): Table 'sample_db.Sample_db' doesn't exist
MariaDB [sample_db]> insert into Employee values('chandra','MIS',12000,'Jr SE',23);Query OK, 1 row affected (0.05 sec)

MariaDB [sample_db]> show Employee;
ERROR 1064 (42000): You have an error in your SQL syntax; check the manual that corresponds to your MariaDB server version for the right syntax to use near 'Employee' at line 1
MariaDB [sample_db]> select * from Employee;
+---------+---------+-----------+----------+--------+
| EmpName | EmpDept | EmpSalary | EmpDesig | EmpAge |
+---------+---------+-----------+----------+--------+
| chandra | MIS     |     12000 | Jr SE    |     23 |
+---------+---------+-----------+----------+--------+
1 row in set (0.00 sec)

MariaDB [sample_db]> insert into Employee values('Anandh','MIS',12000,'Jr SE',23);
Query OK, 1 row affected (0.02 sec)

MariaDB [sample_db]> insert into Employee values('Anandhi','MIS',12000,'Sr SE',27);
Query OK, 1 row affected (0.02 sec)

MariaDB [sample_db]> insert into Employee values('Kamal','HRD',15000,'Sr HR',32);
Query OK, 1 row affected (0.02 sec)

MariaDB [sample_db]> insert into Employee values('Kamala','HRD',10000,'Jr HR',28);
Query OK, 1 row affected (0.03 sec)

MariaDB [sample_db]> select * from Employee;
+---------+---------+-----------+----------+--------+
| EmpName | EmpDept | EmpSalary | EmpDesig | EmpAge |
+---------+---------+-----------+----------+--------+
| chandra | MIS     |     12000 | Jr SE    |     23 |
| Anandh  | MIS     |     12000 | Jr SE    |     23 |
| Anandhi | MIS     |     12000 | Sr SE    |     27 |
| Kamal   | HRD     |     15000 | Sr HR    |     32 |
| Kamala  | HRD     |     10000 | Jr HR    |     28 |
+---------+---------+-----------+----------+--------+
5 rows in set (0.00 sec)

MariaDB [sample_db]> update Employee set EmpAge=30 where EmpName='Kamala';
Query OK, 1 row affected (0.04 sec)
Rows matched: 1  Changed: 1  Warnings: 0

MariaDB [sample_db]> select * from Employee;
+---------+---------+-----------+----------+--------+
| EmpName | EmpDept | EmpSalary | EmpDesig | EmpAge |
+---------+---------+-----------+----------+--------+
| chandra | MIS     |     12000 | Jr SE    |     23 |
| Anandh  | MIS     |     12000 | Jr SE    |     23 |
| Anandhi | MIS     |     12000 | Sr SE    |     27 |
| Kamal   | HRD     |     15000 | Sr HR    |     32 |
| Kamala  | HRD     |     10000 | Jr HR    |     30 |
+---------+---------+-----------+----------+--------+
5 rows in set (0.00 sec)

MariaDB [sample_db]> select distinct EmpSalary from Employee where EmpDept like 'HRD';
+-----------+
| EmpSalary |
+-----------+
|     15000 |
|     10000 |
+-----------+
2 rows in set (0.03 sec)

MariaDB [sample_db]> alter table Employee add(EmpExp int(3));
Query OK, 5 rows affected (0.28 sec)               
Records: 5  Duplicates: 0  Warnings: 0

MariaDB [sample_db]> select * from Employee;
+---------+---------+-----------+----------+--------+--------+
| EmpName | EmpDept | EmpSalary | EmpDesig | EmpAge | EmpExp |
+---------+---------+-----------+----------+--------+--------+
| chandra | MIS     |     12000 | Jr SE    |     23 |   NULL |
| Anandh  | MIS     |     12000 | Jr SE    |     23 |   NULL |
| Anandhi | MIS     |     12000 | Sr SE    |     27 |   NULL |
| Kamal   | HRD     |     15000 | Sr HR    |     32 |   NULL |
| Kamala  | HRD     |     10000 | Jr HR    |     30 |   NULL |
+---------+---------+-----------+----------+--------+--------+
5 rows in set (0.00 sec)

MariaDB [sample_db]> update Employee set EmpExp=2 where EmpName='___n%';
Query OK, 0 rows affected (0.00 sec)
Rows matched: 0  Changed: 0  Warnings: 0

MariaDB [sample_db]> select * from Employee;
+---------+---------+-----------+----------+--------+--------+
| EmpName | EmpDept | EmpSalary | EmpDesig | EmpAge | EmpExp |
+---------+---------+-----------+----------+--------+--------+
| chandra | MIS     |     12000 | Jr SE    |     23 |   NULL |
| Anandh  | MIS     |     12000 | Jr SE    |     23 |   NULL |
| Anandhi | MIS     |     12000 | Sr SE    |     27 |   NULL |
| Kamal   | HRD     |     15000 | Sr HR    |     32 |   NULL |
| Kamala  | HRD     |     10000 | Jr HR    |     30 |   NULL |
+---------+---------+-----------+----------+--------+--------+
5 rows in set (0.00 sec)

MariaDB [sample_db]> update Employee set EmpExp=2;
Query OK, 5 rows affected (0.06 sec)
Rows matched: 5  Changed: 5  Warnings: 0

MariaDB [sample_db]> update Employee set EmpExp=2 where EmpName='%h%';
Query OK, 0 rows affected (0.00 sec)
Rows matched: 0  Changed: 0  Warnings: 0

MariaDB [sample_db]> update Employee set EmpExp=2 where EmpName like '%h%';
Query OK, 0 rows affected (0.03 sec)
Rows matched: 3  Changed: 0  Warnings: 0

MariaDB [sample_db]> select * from Employee;
+---------+---------+-----------+----------+--------+--------+
| EmpName | EmpDept | EmpSalary | EmpDesig | EmpAge | EmpExp |
+---------+---------+-----------+----------+--------+--------+
| chandra | MIS     |     12000 | Jr SE    |     23 |      2 |
| Anandh  | MIS     |     12000 | Jr SE    |     23 |      2 |
| Anandhi | MIS     |     12000 | Sr SE    |     27 |      2 |
| Kamal   | HRD     |     15000 | Sr HR    |     32 |      2 |
| Kamala  | HRD     |     10000 | Jr HR    |     30 |      2 |
+---------+---------+-----------+----------+--------+--------+
5 rows in set (0.00 sec)

MariaDB [sample_db]> update Employee set EmpExp=3 where EmpName like '%h%';
Query OK, 3 rows affected (0.03 sec)
Rows matched: 3  Changed: 3  Warnings: 0

MariaDB [sample_db]> select * from Employee;
+---------+---------+-----------+----------+--------+--------+
| EmpName | EmpDept | EmpSalary | EmpDesig | EmpAge | EmpExp |
+---------+---------+-----------+----------+--------+--------+
| chandra | MIS     |     12000 | Jr SE    |     23 |      3 |
| Anandh  | MIS     |     12000 | Jr SE    |     23 |      3 |
| Anandhi | MIS     |     12000 | Sr SE    |     27 |      3 |
| Kamal   | HRD     |     15000 | Sr HR    |     32 |      2 |
| Kamala  | HRD     |     10000 | Jr HR    |     30 |      2 |
+---------+---------+-----------+----------+--------+--------+
5 rows in set (0.00 sec)

MariaDB [sample_db]> select EmpDept,count(*) from Employee group by EmpDept;
+---------+----------+
| EmpDept | count(*) |
+---------+----------+
| HRD     |        2 |
| MIS     |        3 |
+---------+----------+
2 rows in set (0.01 sec)

MariaDB [sample_db]> select EmpDept,sum(EmpSalary) from Employee group by EmpDept;
+---------+----------------+
| EmpDept | sum(EmpSalary) |
+---------+----------------+
| HRD     |          25000 |
| MIS     |          36000 |
+---------+----------------+
2 rows in set (0.02 sec)

MariaDB [sample_db]> insert into Employee values('Kamal hassan','Sr Mgmt',32000,'MD',42);
ERROR 1136 (21S01): Column count doesn't match value count at row 1
MariaDB [sample_db]> insert into Employee values('Kamal hassan','Sr Mgmt',32000,'MD',42,15);
Query OK, 1 row affected (0.03 sec)

MariaDB [sample_db]> select * from Employee;
+--------------+---------+-----------+----------+--------+--------+
| EmpName      | EmpDept | EmpSalary | EmpDesig | EmpAge | EmpExp |
+--------------+---------+-----------+----------+--------+--------+
| chandra      | MIS     |     12000 | Jr SE    |     23 |      3 |
| Anandh       | MIS     |     12000 | Jr SE    |     23 |      3 |
| Anandhi      | MIS     |     12000 | Sr SE    |     27 |      3 |
| Kamal        | HRD     |     15000 | Sr HR    |     32 |      2 |
| Kamala       | HRD     |     10000 | Jr HR    |     30 |      2 |
| Kamal hassan | Sr Mgmt |     32000 | MD       |     42 |     15 |
+--------------+---------+-----------+----------+--------+--------+
6 rows in set (0.01 sec)

| HRD     |        2 |
| MIS     |        3 |
+---------+----------+
2 rows in set (0.01 sec)

MariaDB [sample_db]> select EmpDept,sum(EmpSalary) from Employee group by EmpDept;
+---------+----------------+
| EmpDept | sum(EmpSalary) |
+---------+----------------+
| HRD     |          25000 |
| MIS     |          36000 |
+---------+----------------+
2 rows in set (0.02 sec)chandrasekar@client50:~$ mysql -u root -p
Enter password: 
Welcome to the MariaDB monitor.  Commands end with ; or \g.
Your MariaDB connection id is 31
Server version: 5.5.31-MariaDB-1~precise-log mariadb.org binary distribution

Copyright (c) 2000, 2013, Oracle, Monty Program Ab and others.

Type 'help;' or '\h' for help. Type '\c' to clear the current input statement.

MariaDB [(none)]> create database sample_db;
Query OK, 1 row affected (0.03 sec)

MariaDB [(none)]> show databases;
+--------------------+
| Database           |
+--------------------+
| information_schema |
| mysql              |
| performance_schema |
| sample_db          |
+--------------------+
4 rows in set (0.01 sec)

MariaDB [(none)]> create table Employee
    -> (EmpName varchar(25),
    -> EmpDept varchar(25),
    -> EmpSalary  number(7),
    -> EmpDesig varchar(20),
    -> );
ERROR 1046 (3D000): No database selected
MariaDB [(none)]> use sample_db;
Database changed
MariaDB [sample_db]> create table Employee
    ->     -> (EmpName varchar(25),
    ->     -> EmpDept varchar(25),
    ->     -> EmpSalary  number(7),
    ->     -> EmpDesig varchar(20),
    ->     -> 
    -> );
ERROR 1064 (42000): You have an error in your SQL syntax; check the manual that corresponds to your MariaDB server version for the right syntax to use near '-> (EmpName varchar(25),
    -> EmpDept varchar(25),
    -> EmpSalary  number(7)' at line 2
MariaDB [sample_db]> create table Employee
    -> (EmpName varchar(25),
    -> EmpDept varchar(25),
    -> EmpSalary  number(7),
    -> EmpDesig varchar(20),
    -> EmpAge number(2));
ERROR 1064 (42000): You have an error in your SQL syntax; check the manual that corresponds to your MariaDB server version for the right syntax to use near 'number(7),
EmpDesig varchar(20),
EmpAge number(2))' at line 4
MariaDB [sample_db]> create table Employee
    -> (EmpName varchar(25),
    -> EmpDept varchar(25),
    -> EmpSalary  int(7),
    -> EmpDesig varchar(20),
    -> EmpAge int(2));
Query OK, 0 rows affected (0.28 sec)

MariaDB [sample_db]> insert into Sample_db values('chandra','MIS',12000,'Jr SE',23);
ERROR 1146 (42S02): Table 'sample_db.Sample_db' doesn't exist
MariaDB [sample_db]> insert into Employee values('chandra','MIS',12000,'Jr SE',23);Query OK, 1 row affected (0.05 sec)

MariaDB [sample_db]> show Employee;
ERROR 1064 (42000): You have an error in your SQL syntax; check the manual that corresponds to your MariaDB server version for the right syntax to use near 'Employee' at line 1
MariaDB [sample_db]> select * from Employee;
+---------+---------+-----------+----------+--------+
| EmpName | EmpDept | EmpSalary | EmpDesig | EmpAge |
+---------+---------+-----------+----------+--------+
| chandra | MIS     |     12000 | Jr SE    |     23 |
+---------+---------+-----------+----------+--------+
1 row in set (0.00 sec)

MariaDB [sample_db]> insert into Employee values('Anandh','MIS',12000,'Jr SE',23);
Query OK, 1 row affected (0.02 sec)

MariaDB [sample_db]> insert into Employee values('Anandhi','MIS',12000,'Sr SE',27);
Query OK, 1 row affected (0.02 sec)

MariaDB [sample_db]> insert into Employee values('Kamal','HRD',15000,'Sr HR',32);
Query OK, 1 row affected (0.02 sec)

MariaDB [sample_db]> insert into Employee values('Kamala','HRD',10000,'Jr HR',28);
Query OK, 1 row affected (0.03 sec)

MariaDB [sample_db]> select * from Employee;
+---------+---------+-----------+----------+--------+
| EmpName | EmpDept | EmpSalary | EmpDesig | EmpAge |
+---------+---------+-----------+----------+--------+
| chandra | MIS     |     12000 | Jr SE    |     23 |
| Anandh  | MIS     |     12000 | Jr SE    |     23 |
| Anandhi | MIS     |     12000 | Sr SE    |     27 |
| Kamal   | HRD     |     15000 | Sr HR    |     32 |
| Kamala  | HRD     |     10000 | Jr HR    |     28 |
+---------+---------+-----------+----------+--------+
5 rows in set (0.00 sec)

MariaDB [sample_db]> update Employee set EmpAge=30 where EmpName='Kamala';
Query OK, 1 row affected (0.04 sec)
Rows matched: 1  Changed: 1  Warnings: 0

MariaDB [sample_db]> select * from Employee;
+---------+---------+-----------+----------+--------+
| EmpName | EmpDept | EmpSalary | EmpDesig | EmpAge |
+---------+---------+-----------+----------+--------+
| chandra | MIS     |     12000 | Jr SE    |     23 |
| Anandh  | MIS     |     12000 | Jr SE    |     23 |
| Anandhi | MIS     |     12000 | Sr SE    |     27 |
| Kamal   | HRD     |     15000 | Sr HR    |     32 |
| Kamala  | HRD     |     10000 | Jr HR    |     30 |
+---------+---------+-----------+----------+--------+
5 rows in set (0.00 sec)

MariaDB [sample_db]> select distinct EmpSalary from Employee where EmpDept like 'HRD';
+-----------+
| EmpSalary |
+-----------+
|     15000 |
|     10000 |
+-----------+
2 rows in set (0.03 sec)

MariaDB [sample_db]> alter table Employee add(EmpExp int(3));
Query OK, 5 rows affected (0.28 sec)               
Records: 5  Duplicates: 0  Warnings: 0

MariaDB [sample_db]> select * from Employee;
+---------+---------+-----------+----------+--------+--------+
| EmpName | EmpDept | EmpSalary | EmpDesig | EmpAge | EmpExp |
+---------+---------+-----------+----------+--------+--------+
| chandra | MIS     |     12000 | Jr SE    |     23 |   NULL |
| Anandh  | MIS     |     12000 | Jr SE    |     23 |   NULL |
| Anandhi | MIS     |     12000 | Sr SE    |     27 |   NULL |
| Kamal   | HRD     |     15000 | Sr HR    |     32 |   NULL |
| Kamala  | HRD     |     10000 | Jr HR    |     30 |   NULL |
+---------+---------+-----------+----------+--------+--------+
5 rows in set (0.00 sec)

MariaDB [sample_db]> update Employee set EmpExp=2 where EmpName='___n%';
Query OK, 0 rows affected (0.00 sec)
Rows matched: 0  Changed: 0  Warnings: 0

MariaDB [sample_db]> select * from Employee;
+---------+---------+-----------+----------+--------+--------+
| EmpName | EmpDept | EmpSalary | EmpDesig | EmpAge | EmpExp |
+---------+---------+-----------+----------+--------+--------+
| chandra | MIS     |     12000 | Jr SE    |     23 |   NULL |
| Anandh  | MIS     |     12000 | Jr SE    |     23 |   NULL |
| Anandhi | MIS     |     12000 | Sr SE    |     27 |   NULL |
| Kamal   | HRD     |     15000 | Sr HR    |     32 |   NULL |
| Kamala  | HRD     |     10000 | Jr HR    |     30 |   NULL |
+---------+---------+-----------+----------+--------+--------+
5 rows in set (0.00 sec)

MariaDB [sample_db]> update Employee set EmpExp=2;
Query OK, 5 rows affected (0.06 sec)
Rows matched: 5  Changed: 5  Warnings: 0

MariaDB [sample_db]> update Employee set EmpExp=2 where EmpName='%h%';
Query OK, 0 rows affected (0.00 sec)
Rows matched: 0  Changed: 0  Warnings: 0

MariaDB [sample_db]> update Employee set EmpExp=2 where EmpName like '%h%';
Query OK, 0 rows affected (0.03 sec)
Rows matched: 3  Changed: 0  Warnings: 0

MariaDB [sample_db]> select * from Employee;
+---------+---------+-----------+----------+--------+--------+
| EmpName | EmpDept | EmpSalary | EmpDesig | EmpAge | EmpExp |
+---------+---------+-----------+----------+--------+--------+
| chandra | MIS     |     12000 | Jr SE    |     23 |      2 |
| Anandh  | MIS     |     12000 | Jr SE    |     23 |      2 |
| Anandhi | MIS     |     12000 | Sr SE    |     27 |      2 |
| Kamal   | HRD     |     15000 | Sr HR    |     32 |      2 |
| Kamala  | HRD     |     10000 | Jr HR    |     30 |      2 |
+---------+---------+-----------+----------+--------+--------+
5 rows in set (0.00 sec)

MariaDB [sample_db]> update Employee set EmpExp=3 where EmpName like '%h%';
Query OK, 3 rows affected (0.03 sec)
Rows matched: 3  Changed: 3  Warnings: 0

MariaDB [sample_db]> select * from Employee;
+---------+---------+-----------+----------+--------+--------+
| EmpName | EmpDept | EmpSalary | EmpDesig | EmpAge | EmpExp |
+---------+---------+-----------+----------+--------+--------+
| chandra | MIS     |     12000 | Jr SE    |     23 |      3 |
| Anandh  | MIS     |     12000 | Jr SE    |     23 |      3 |
| Anandhi | MIS     |     12000 | Sr SE    |     27 |      3 |
| Kamal   | HRD     |     15000 | Sr HR    |     32 |      2 |
| Kamala  | HRD     |     10000 | Jr HR    |     30 |      2 |
+---------+---------+-----------+----------+--------+--------+
5 rows in set (0.00 sec)

MariaDB [sample_db]> select EmpDept,count(*) from Employee group by EmpDept;
+---------+----------+
| EmpDept | count(*) |
+---------+----------+
| HRD     |        2 |
| MIS     |        3 |
+---------+----------+
2 rows in set (0.01 sec)

MariaDB [sample_db]> select EmpDept,sum(EmpSalary) from Employee group by EmpDept;
+---------+----------------+
| EmpDept | sum(EmpSalary) |
+---------+----------------+
| HRD     |          25000 |
| MIS     |          36000 |
+---------+----------------+
2 rows in set (0.02 sec)

MariaDB [sample_db]> insert into Employee values('Kamal hassan','Sr Mgmt',32000,'MD',42);
ERROR 1136 (21S01): Column count doesn't match value count at row 1
MariaDB [sample_db]> insert into Employee values('Kamal hassan','Sr Mgmt',32000,'MD',42,15);
Query OK, 1 row affected (0.03 sec)

MariaDB [sample_db]> select * from Employee;
+--------------+---------+-----------+----------+--------+--------+
| EmpName      | EmpDept | EmpSalary | EmpDesig | EmpAge | EmpExp |
+--------------+---------+-----------+----------+--------+--------+
| chandra      | MIS     |     12000 | Jr SE    |     23 |      3 |
| Anandh       | MIS     |     12000 | Jr SE    |     23 |      3 |
| Anandhi      | MIS     |     12000 | Sr SE    |     27 |      3 |
| Kamal        | HRD     |     15000 | Sr HR    |     32 |      2 |
| Kamala       | HRD     |     10000 | Jr HR    |     30 |      2 |
| Kamal hassan | Sr Mgmt |     32000 | MD       |     42 |     15 |
+--------------+---------+-----------+----------+--------+--------+
6 rows in set (0.01 sec)


MariaDB [sample_db]> insert into Employee values('Kamal hassan','Sr Mgmt',32000,'MD',42);
ERROR 1136 (21S01): Column count doesn't chandrasekar@client50:~$ mysql -u root -p
Enter password: 
Welcome to the MariaDB monitor.  Commands end with ; or \g.
Your MariaDB connection id is 31
Server version: 5.5.31-MariaDB-1~precise-log mariadb.org binary distribution

Copyright (c) 2000, 2013, Oracle, Monty Program Ab and others.

Type 'help;' or '\h' for help. Type '\c' to clear the current input statement.

MariaDB [(none)]> create database sample_db;
Query OK, 1 row affected (0.03 sec)

MariaDB [(none)]> show databases;
+--------------------+
| Database           |
+--------------------+
| information_schema |
| mysql              |
| performance_schema |
| sample_db          |
+--------------------+
4 rows in set (0.01 sec)

MariaDB [(none)]> create table Employee
    -> (EmpName varchar(25),
    -> EmpDept varchar(25),
    -> EmpSalary  number(7),
    -> EmpDesig varchar(20),
    -> );
ERROR 1046 (3D000): No database selected
MariaDB [(none)]> use sample_db;
Database changed
MariaDB [sample_db]> create table Employee
    ->     -> (EmpName varchar(25),
    ->     -> EmpDept varchar(25),
    ->     -> EmpSalary  number(7),
    ->     -> EmpDesig varchar(20),
    ->     -> 
    -> );
ERROR 1064 (42000): You have an error in your SQL syntax; check the manual that corresponds to your MariaDB server version for the right syntax to use near '-> (EmpName varchar(25),
    -> EmpDept varchar(25),
    -> EmpSalary  number(7)' at line 2
MariaDB [sample_db]> create table Employee
    -> (EmpName varchar(25),
    -> EmpDept varchar(25),
    -> EmpSalary  number(7),
    -> EmpDesig varchar(20),
    -> EmpAge number(2));
ERROR 1064 (42000): You have an error in your SQL syntax; check the manual that corresponds to your MariaDB server version for the right syntax to use near 'number(7),
EmpDesig varchar(20),
EmpAge number(2))' at line 4
MariaDB [sample_db]> create table Employee
    -> (EmpName varchar(25),
    -> EmpDept varchar(25),
    -> EmpSalary  int(7),
    -> EmpDesig varchar(20),
    -> EmpAge int(2));
Query OK, 0 rows affected (0.28 sec)

MariaDB [sample_db]> insert into Sample_db values('chandra','MIS',12000,'Jr SE',23);
ERROR 1146 (42S02): Table 'sample_db.Sample_db' doesn't exist
MariaDB [sample_db]> insert into Employee values('chandra','MIS',12000,'Jr SE',23);Query OK, 1 row affected (0.05 sec)

MariaDB [sample_db]> show Employee;
ERROR 1064 (42000): You have an error in your SQL syntax; check the manual that corresponds to your MariaDB server version for the right syntax to use near 'Employee' at line 1
MariaDB [sample_db]> select * from Employee;
+---------+---------+-----------+----------+--------+
| EmpName | EmpDept | EmpSalary | EmpDesig | EmpAge |
+---------+---------+-----------+----------+--------+
| chandra | MIS     |     12000 | Jr SE    |     23 |
+---------+---------+-----------+----------+--------+
1 row in set (0.00 sec)

MariaDB [sample_db]> insert into Employee values('Anandh','MIS',12000,'Jr SE',23);
Query OK, 1 row affected (0.02 sec)

MariaDB [sample_db]> insert into Employee values('Anandhi','MIS',12000,'Sr SE',27);
Query OK, 1 row affected (0.02 sec)

MariaDB [sample_db]> insert into Employee values('Kamal','HRD',15000,'Sr HR',32);
Query OK, 1 row affected (0.02 sec)

MariaDB [sample_db]> insert into Employee values('Kamala','HRD',10000,'Jr HR',28);
Query OK, 1 row affected (0.03 sec)

MariaDB [sample_db]> select * from Employee;
+---------+---------+-----------+----------+--------+
| EmpName | EmpDept | EmpSalary | EmpDesig | EmpAge |
+---------+---------+-----------+----------+--------+
| chandra | MIS     |     12000 | Jr SE    |     23 |
| Anandh  | MIS     |     12000 | Jr SE    |     23 |
| Anandhi | MIS     |     12000 | Sr SE    |     27 |
| Kamal   | HRD     |     15000 | Sr HR    |     32 |
| Kamala  | HRD     |     10000 | Jr HR    |     28 |
+---------+---------+-----------+----------+--------+
5 rows in set (0.00 sec)

MariaDB [sample_db]> update Employee set EmpAge=30 where EmpName='Kamala';
Query OK, 1 row affected (0.04 sec)
Rows matched: 1  Changed: 1  Warnings: 0

MariaDB [sample_db]> select * from Employee;
+---------+---------+-----------+----------+--------+
| EmpName | EmpDept | EmpSalary | EmpDesig | EmpAge |
+---------+---------+-----------+----------+--------+
| chandra | MIS     |     12000 | Jr SE    |     23 |
| Anandh  | MIS     |     12000 | Jr SE    |     23 |
| Anandhi | MIS     |     12000 | Sr SE    |     27 |
| Kamal   | HRD     |     15000 | Sr HR    |     32 |
| Kamala  | HRD     |     10000 | Jr HR    |     30 |
+---------+---------+-----------+----------+--------+
5 rows in set (0.00 sec)

MariaDB [sample_db]> select distinct EmpSalary from Employee where EmpDept like 'HRD';
+-----------+
| EmpSalary |
+-----------+
|     15000 |
|     10000 |
+-----------+
2 rows in set (0.03 sec)

MariaDB [sample_db]> alter table Employee add(EmpExp int(3));
Query OK, 5 rows affected (0.28 sec)               
Records: 5  Duplicates: 0  Warnings: 0

MariaDB [sample_db]> select * from Employee;
+---------+---------+-----------+----------+--------+--------+
| EmpName | EmpDept | EmpSalary | EmpDesig | EmpAge | EmpExp |
+---------+---------+-----------+----------+--------+--------+
| chandra | MIS     |     12000 | Jr SE    |     23 |   NULL |
| Anandh  | MIS     |     12000 | Jr SE    |     23 |   NULL |
| Anandhi | MIS     |     12000 | Sr SE    |     27 |   NULL |
| Kamal   | HRD     |     15000 | Sr HR    |     32 |   NULL |
| Kamala  | HRD     |     10000 | Jr HR    |     30 |   NULL |
+---------+---------+-----------+----------+--------+--------+
5 rows in set (0.00 sec)

MariaDB [sample_db]> update Employee set EmpExp=2 where EmpName='___n%';
Query OK, 0 rows affected (0.00 sec)
Rows matched: 0  Changed: 0  Warnings: 0

MariaDB [sample_db]> select * from Employee;
+---------+---------+-----------+----------+--------+--------+
| EmpName | EmpDept | EmpSalary | EmpDesig | EmpAge | EmpExp |
+---------+---------+-----------+----------+--------+--------+
| chandra | MIS     |     12000 | Jr SE    |     23 |   NULL |
| Anandh  | MIS     |     12000 | Jr SE    |     23 |   NULL |
| Anandhi | MIS     |     12000 | Sr SE    |     27 |   NULL |
| Kamal   | HRD     |     15000 | Sr HR    |     32 |   NULL |
| Kamala  | HRD     |     10000 | Jr HR    |     30 |   NULL |
+---------+---------+-----------+----------+--------+--------+
5 rows in set (0.00 sec)

MariaDB [sample_db]> update Employee set EmpExp=2;
Query OK, 5 rows affected (0.06 sec)
Rows matched: 5  Changed: 5  Warnings: 0

MariaDB [sample_db]> update Employee set EmpExp=2 where EmpName='%h%';
Query OK, 0 rows affected (0.00 sec)
Rows matched: 0  Changed: 0  Warnings: 0

MariaDB [sample_db]> update Employee set EmpExp=2 where EmpName like '%h%';
Query OK, 0 rows affected (0.03 sec)
Rows matched: 3  Changed: 0  Warnings: 0

MariaDB [sample_db]> select * from Employee;
+---------+---------+-----------+----------+--------+--------+
| EmpName | EmpDept | EmpSalary | EmpDesig | EmpAge | EmpExp |
+---------+---------+-----------+----------+--------+--------+
| chandra | MIS     |     12000 | Jr SE    |     23 |      2 |
| Anandh  | MIS     |     12000 | Jr SE    |     23 |      2 |
| Anandhi | MIS     |     12000 | Sr SE    |     27 |      2 |
| Kamal   | HRD     |     15000 | Sr HR    |     32 |      2 |
| Kamala  | HRD     |     10000 | Jr HR    |     30 |      2 |
+---------+---------+-----------+----------+--------+--------+
5 rows in set (0.00 sec)

MariaDB [sample_db]> update Employee set EmpExp=3 where EmpName like '%h%';
Query OK, 3 rows affected (0.03 sec)
Rows matched: 3  Changed: 3  Warnings: 0

MariaDB [sample_db]> select * from Employee;
+---------+---------+-----------+----------+--------+--------+
| EmpName | EmpDept | EmpSalary | EmpDesig | EmpAge | EmpExp |
+---------+---------+-----------+----------+--------+--------+
| chandra | MIS     |     12000 | Jr SE    |     23 |      3 |
| Anandh  | MIS     |     12000 | Jr SE    |     23 |      3 |
| Anandhi | MIS     |     12000 | Sr SE    |     27 |      3 |
| Kamal   | HRD     |     15000 | Sr HR    |     32 |      2 |
| Kamala  | HRD     |     10000 | Jr HR    |     30 |      2 |
+---------+---------+-----------+----------+--------+--------+
5 rows in set (0.00 sec)

MariaDB [sample_db]> select EmpDept,count(*) from Employee group by EmpDept;
+---------+----------+
| EmpDept | count(*) |
+---------+----------+
| HRD     |        2 |
| MIS     |        3 |
+---------+----------+
2 rows in set (0.01 sec)

MariaDB [sample_db]> select EmpDept,sum(EmpSalary) from Employee group by EmpDept;
+---------+----------------+
| EmpDept | sum(EmpSalary) |
+---------+----------------+
| HRD     |          25000 |
| MIS     |          36000 |
+---------+----------------+
2 rows in set (0.02 sec)

MariaDB [sample_db]> insert into Employee values('Kamal hassan','Sr Mgmt',32000,'MD',42);
ERROR 1136 (21S01): Column count doesn't match value count at row 1
MariaDB [sample_db]> insert into Employee values('Kamal hassan','Sr Mgmt',32000,'MD',42,15);
Query OK, 1 row affected (0.03 sec)

MariaDB [sample_db]> select * from Employee;
+--------------+---------+-----------+----------+--------+--------+
| EmpName      | EmpDept | EmpSalary | EmpDesig | EmpAge | EmpExp |
+--------------+---------+-----------+----------+--------+--------+
| chandra      | MIS     |     12000 | Jr SE    |     23 |      3 |
| Anandh       | MIS     |     12000 | Jr SE    |     23 |      3 |
| Anandhi      | MIS     |     12000 | Sr SE    |     27 |      3 |
| Kamal        | HRD     |     15000 | Sr HR    |     32 |      2 |
| Kamala       | HRD     |     10000 | Jr HR    |     30 |      2 |
| Kamal hassan | Sr Mgmt |     32000 | MD       |     42 |     15 |
+--------------+---------+-----------+----------+--------+--------+
6 rows in set (0.01 sec)
match value count at row 1
MariaDB [sample_db]> insert into Employee values('Kamal hassan','Sr Mgmt',32000,'MD',42,15);
Query OK, 1 row affected (0.03 sec)

MariaDB [sample_db]> select * from Employee;
+--------------+---------+-----------+----------+--------+--------+
| EmpName      | EmpDept | EmpSalary | EmpDesig | EmpAge | EmpExp |
+--------------+---------+-----------+----------+--------+--------+
| chandra      | MIS     |     12000 | Jr SE    |     23 |      3 |
| Anandh       | MIS     |     12000 | Jr SE    |     23 |      3 |
| Anandhi      | MIS     |     12000 | Sr SE    |     27 |      3 |
| Kamal        | HRD     |     15000 | Sr HR    |     32 |      2 |
| Kamala       | HRD     |     10000 | Jr HR    |     30 |      2 |
| Kamal hassan | Sr Mgmt |     32000 | MD       |     42 |     15 |
+--------------+---------+-----------+----------+--------+--------+
6 rows in set (0.01 sec)
MariaDB [sample_db]> Select EmpName from Employee where EmpSalary in  (select max(EmpSalary) from Employee where EmpSalary not in (select max(EmpSalary) from Employee));
+---------+
| EmpName |
+---------+
| Kamal   |
+---------+
1 row in set (0.03 sec)

